Microchip MPLAB XC8 Compiler V1.36 ()

Linker command line:

--edf=C:\Program Files (x86)\Microchip\xc8\v1.36\dat\en_msgs.txt -cs \
  -h+dist/PIC16F1454/production\chopper_hub.X.production.sym \
  --cmf=dist/PIC16F1454/production\chopper_hub.X.production.cmf -z \
  -Q16F1454 -oC:\Users\22706107\AppData\Local\Temp\smj4.2 \
  -Mdist/PIC16F1454/production/chopper_hub.X.production.map -E1 -ver=XC8 \
  -ASTACK=0214Fh-023efh -pstack=STACK \
  -ACODE=0200h-07FFh,0800h-0FFFhx2,01800h-01F7Eh,01F80h-01FFFh \
  -ASTRCODE=0200h-01F7Eh,01F80h-01FFFh \
  -ASTRING=0200h-02FFhx29,01F00h-01F7Eh,01F80h-01FFFh \
  -ACONST=0200h-02FFhx29,01F00h-01F7Eh,01F80h-01FFFh \
  -AENTRY=0200h-02FFhx29,01F00h-01F7Eh,01F80h-01FFFh -ACOMMON=070h-07Fh \
  -ABANK0=020h-06Fh -ABANK1=0A0h-0EFh -ABANK2=0120h-016Fh \
  -ABANK3=01A0h-01EFh -ABANK4=0220h-026Fh -ABANK5=02A0h-02EFh \
  -ABANK6=0320h-036Fh -ABANK7=03A0h-03EFh -ABANK8=0420h-046Fh \
  -ABANK9=04A0h-04EFh -ABANK10=0520h-056Fh -ABANK11=05A0h-05EFh \
  -ABANK12=0620h-064Fh -ABIGRAM=02000h-023EFh \
  -ARAM=020h-06Fh,0A0h-0EFh,0120h-016Fh,01A0h-01EFh,0220h-026Fh,02A0h-02EFh,0320h-036Fh,03A0h-03EFh,0420h-046Fh,04A0h-04EFh,0520h-056Fh,05A0h-05EFh,0620h-064Fh \
  -AABS1=020h-07Fh,0A0h-0EFh,0120h-016Fh,01A0h-01EFh,0220h-026Fh,02A0h-02EFh,0320h-036Fh,03A0h-03EFh,0420h-046Fh,04A0h-04EFh,0520h-056Fh,05A0h-05EFh,0620h-064Fh \
  -ASFR0=00h-01Fh -ASFR1=080h-09Fh -ASFR2=0100h-011Fh -ASFR3=0180h-019Fh \
  -ASFR4=0200h-021Fh -ASFR5=0280h-029Fh -ASFR6=0300h-031Fh \
  -ASFR7=0380h-039Fh -ASFR8=0400h-041Fh -ASFR9=0480h-049Fh \
  -ASFR10=0500h-051Fh -ASFR11=0580h-059Fh -ASFR12=0600h-061Fh \
  -ASFR13=0680h-06EFh -ASFR14=0700h-076Fh -ASFR15=0780h-07EFh \
  -ASFR16=0800h-086Fh -ASFR17=0880h-08EFh -ASFR18=0900h-096Fh \
  -ASFR19=0980h-09EFh -ASFR20=0A00h-0A6Fh -ASFR21=0A80h-0AEFh \
  -ASFR22=0B00h-0B6Fh -ASFR23=0B80h-0BEFh -ASFR24=0C00h-0C6Fh \
  -ASFR25=0C80h-0CEFh -ASFR26=0D00h-0D6Fh -ASFR27=0D80h-0DEFh \
  -ASFR28=0E00h-0E6Fh -ASFR29=0E80h-0EEFh -ASFR30=0F00h-0F6Fh \
  -ASFR31=0F80h-0FEFh -preset_vec=0200h,intentry=0204h,init,end_init \
  -ppowerup=CODE -pcinit=CODE -pfunctab=CODE -ACONFIG=08007h-08008h \
  -pconfig=CONFIG -DCONFIG=2 -AIDLOC=08000h-08003h -pidloc=IDLOC -DIDLOC=2 \
  -DCODE=2 -DSTRCODE=2 -DSTRING=2 -DCONST=2 -DENTRY=2 -k \
  C:\Users\22706107\AppData\Local\Temp\smj4.obj \
  dist/PIC16F1454/production\chopper_hub.X.production.obj 

Object code version is 3.11

Machine type is 16F1454



                Name                               Link     Load   Length Selector   Space Scale
C:\Users\22706107\AppData\Local\Temp\smj4.obj
                end_init                            213      213        2      408       0
                reset_vec                           200      200        3      400       0
                config                             8007     8007        2    1000E       0
dist/PIC16F1454/production\chopper_hub.X.production.obj
                cinit                               215      215       25      408       0
                intentry                            204      204        F      408       0
                text64                             11CC     11CC        1     2398       0
                text63                             11CD     11CD        1     239A       0
                text62                             11CE     11CE        1     239C       0
                text61                              800      800        1      408       0
                text60                             11CF     11CF        3     239E       0
                text59                             12F0     12F0       19     25E0       0
                text58                             1261     1261       12     24C2       0
                text57                             147E     147E       37     28FC       0
                text56                             1218     1218        A     2430       0
                text55                              8BB      8BB       A9     1176       0
                text54                             11FD     11FD        9     23FA       0
                text53                             122C     122C        B     2458       0
                text52                              73A      73A       BC      408       0
                text51                             11D2     11D2        3     23A4       0
                text50                             11D5     11D5        3     23AA       0
                text49                             12D8     12D8       18     25B0       0
                text48                             11D8     11D8        3     23B0       0
                text47                             11DB     11DB        3     23B6       0
                text46                             11DE     11DE        3     23BC       0
                text45                             1250     1250       11     24A0       0
                text44                             1243     1243        D     2486       0
                text43                              81C      81C       9F     1038       0
                text42                             1344     1344       1F     2688       0
                text41                              DC4      DC4      23C     1B88       0
                text40                             1222     1222        A     2444       0
                text39                             11F5     11F5        8     23EA       0
                text38                              801      801        1     1002       0
                text37                             11E7     11E7        4     23CE       0
                text36                             11E1     11E1        3     23C2       0
                text35                              203      203        1      400       0
                text34                             11E4     11E4        3     23C8       0
                text33                             11EF     11EF        6     23DE       0
                text32                             14B5     14B5       50     296A       0
                text31                             144E     144E       30     289C       0
                text30                             13A1     13A1       22     2742       0
                text29                             1363     1363       1F     26C6       0
                text28                             13C3     13C3       22     2786       0
                text27                             1326     1326       1E     264C       0
                text26                             13E5     13E5       22     27CA       0
                text25                             1505     1505       51     2A0A       0
                text24                              964      964      11D     12C8       0
                text23                              23A      23A      3BA      408       0
                text22                             1615     1615       71     2C2A       0
                text21                             1206     1206        9     240C       0
                text20                             15A7     15A7       6E     2B4E       0
                text19                              5F4      5F4      146      408       0
                text17                             120F     120F        9     241E       0
                text16                             142A     142A       24     2854       0
                text15                              802      802       1A     1004       0
                text14                             176F     176F       91     2EDE       0
                text13                             11EB     11EB        4     23D6       0
                text12                             12C2     12C2       16     2584       0
                text11                             1309     1309       1D     2612       0
                text10                             1273     1273       13     24E6       0
                text9                              1382     1382       1F     2704       0
                text8                              1407     1407       23     280E       0
                text7                              1556     1556       51     2AAC       0
                text6                               A81      A81      130     1502       0
                text5                               7F6      7F6        A      408       0
                text4                              16FA     16FA       75     2DF4       0
                text3                              1299     1299       14     2532       0
                text2                              1286     1286       13     250C       0
                text1                              1686     1686       74     2D0C       0
                maintext                            BB1      BB1      213     1762       0
                cstackBANK0                          30       30       40       30       1
                cstackCOMMON                         70       70        E       70       1
                cstackBANK1                          A0       A0       22       A0       1
                cstackBANK3                         1E0      1E0        8      1C0       1
                cstackBANK4                         220      220        F      220       1
                inittext                           1237     1237        C     246E       0
                dataBANK3                           1C0      1C0       15      1C0       1
                bssBANK3                            1D5      1D5        B      1C0       1
                bssBANK1                             C2       C2        6       A0       1
                stringtext                         1000     1000       BE     2000       0
                idataBANK3                         12AD     12AD       15     255A       0

TOTAL           Name                               Link     Load   Length     Space
        CLASS   STACK          

        CLASS   CODE           
                end_init                            213      213        2         0
                cinit                               215      215       25         0
                intentry                            204      204        F         0
                reset_vec                           200      200        3         0
                text64                             11CC     11CC        1         0
                text63                             11CD     11CD        1         0
                text62                             11CE     11CE        1         0
                text61                              800      800        1         0
                text60                             11CF     11CF        3         0
                text59                             12F0     12F0       19         0
                text58                             1261     1261       12         0
                text57                             147E     147E       37         0
                text56                             1218     1218        A         0
                text55                              8BB      8BB       A9         0
                text54                             11FD     11FD        9         0
                text53                             122C     122C        B         0
                text52                              73A      73A       BC         0
                text51                             11D2     11D2        3         0
                text50                             11D5     11D5        3         0
                text49                             12D8     12D8       18         0
                text48                             11D8     11D8        3         0
                text47                             11DB     11DB        3         0
                text46                             11DE     11DE        3         0
                text45                             1250     1250       11         0
                text44                             1243     1243        D         0
                text43                              81C      81C       9F         0
                text42                             1344     1344       1F         0
                text41                              DC4      DC4      23C         0
                text40                             1222     1222        A         0
                text39                             11F5     11F5        8         0
                text38                              801      801        1         0
                text37                             11E7     11E7        4         0
                text36                             11E1     11E1        3         0
                text35                              203      203        1         0
                text34                             11E4     11E4        3         0
                text33                             11EF     11EF        6         0
                text32                             14B5     14B5       50         0
                text31                             144E     144E       30         0
                text30                             13A1     13A1       22         0
                text29                             1363     1363       1F         0
                text28                             13C3     13C3       22         0
                text27                             1326     1326       1E         0
                text26                             13E5     13E5       22         0
                text25                             1505     1505       51         0
                text24                              964      964      11D         0
                text23                              23A      23A      3BA         0
                text22                             1615     1615       71         0
                text21                             1206     1206        9         0
                text20                             15A7     15A7       6E         0
                text19                              5F4      5F4      146         0
                text17                             120F     120F        9         0
                text16                             142A     142A       24         0
                text15                              802      802       1A         0
                text14                             176F     176F       91         0
                text13                             11EB     11EB        4         0
                text12                             12C2     12C2       16         0
                text11                             1309     1309       1D         0
                text10                             1273     1273       13         0
                text9                              1382     1382       1F         0
                text8                              1407     1407       23         0
                text7                              1556     1556       51         0
                text6                               A81      A81      130         0
                text5                               7F6      7F6        A         0
                text4                              16FA     16FA       75         0
                text3                              1299     1299       14         0
                text2                              1286     1286       13         0
                text1                              1686     1686       74         0
                maintext                            BB1      BB1      213         0
                inittext                           1237     1237        C         0
                idataBANK3                         12AD     12AD       15         0

        CLASS   STRCODE        
                stringtext                         1000     1000       BE         0

        CLASS   STRING         

        CLASS   CONST          

        CLASS   ENTRY          

        CLASS   COMMON         
                cstackCOMMON                         70       70        E         1

        CLASS   BANK0          
                cstackBANK0                          30       30       40         1

        CLASS   BANK1          
                cstackBANK1                          A0       A0       22         1
                bssBANK1                             C2       C2        6         1

        CLASS   BANK2          

        CLASS   BANK3          
                cstackBANK3                         1E0      1E0        8         1
                dataBANK3                           1C0      1C0       15         1
                bssBANK3                            1D5      1D5        B         1

        CLASS   BANK4          
                cstackBANK4                         220      220        F         1

        CLASS   BANK5          

        CLASS   BANK6          

        CLASS   BANK7          

        CLASS   BANK8          

        CLASS   BANK9          

        CLASS   BANK10         

        CLASS   BANK11         

        CLASS   BANK12         

        CLASS   BIGRAM         

        CLASS   RAM            

        CLASS   ABS1           
                abs_s1                               20       20       10         1
                abs_s1                               7E       7E        2         1
                abs_s1                               D0       D0       20         1
                abs_s1                              120      120       50         1
                abs_s1                              1A0      1A0       20         1

        CLASS   SFR0           

        CLASS   SFR1           

        CLASS   SFR2           

        CLASS   SFR3           

        CLASS   SFR4           

        CLASS   SFR5           

        CLASS   SFR6           

        CLASS   SFR7           

        CLASS   SFR8           

        CLASS   SFR9           

        CLASS   SFR10          

        CLASS   SFR11          

        CLASS   SFR12          

        CLASS   SFR13          

        CLASS   SFR14          

        CLASS   SFR15          

        CLASS   SFR16          

        CLASS   SFR17          

        CLASS   SFR18          

        CLASS   SFR19          

        CLASS   SFR20          

        CLASS   SFR21          

        CLASS   SFR22          

        CLASS   SFR23          

        CLASS   SFR24          

        CLASS   SFR25          

        CLASS   SFR26          

        CLASS   SFR27          

        CLASS   SFR28          

        CLASS   SFR29          

        CLASS   SFR30          

        CLASS   SFR31          

        CLASS   CONFIG         
                config                             8007     8007        2         0

        CLASS   IDLOC          

        CLASS   BANK31         

        CLASS   BANK30         

        CLASS   BANK29         

        CLASS   BANK28         

        CLASS   BANK27         

        CLASS   BANK26         

        CLASS   BANK25         

        CLASS   BANK24         

        CLASS   BANK23         

        CLASS   BANK22         

        CLASS   BANK21         

        CLASS   BANK20         

        CLASS   BANK19         

        CLASS   BANK18         

        CLASS   BANK17         

        CLASS   BANK16         

        CLASS   BANK15         

        CLASS   BANK14         

        CLASS   BANK13         

        CLASS   EEDATA         



SEGMENTS        Name                           Load    Length   Top    Selector   Space  Class     Delta

                cstackBANK0                    000030  000040  000070        30       1  BANK0       1
                cstackCOMMON                   000070  00000E  00007E        70       1  COMMON      1
                cstackBANK1                    0000A0  000028  0000C8        A0       1  BANK1       1
                dataBANK3                      0001C0  000028  0001E8       1C0       1  BANK3       1
                cstackBANK4                    000220  00000F  00022F       220       1  BANK4       1
                reset_vec                      000200  000004  000204       400       0  CODE        2
                intentry                       000204  0005FD  000801       408       0  CODE        2
                text38                         000801  000001  000802      1002       0  CODE        2
                text15                         000802  00001A  00081C      1004       0  CODE        2
                text43                         00081C  00009F  0008BB      1038       0  CODE        2
                text55                         0008BB  0000A9  000964      1176       0  CODE        2
                text24                         000964  00011D  000A81      12C8       0  CODE        2
                text6                          000A81  000130  000BB1      1502       0  CODE        2
                maintext                       000BB1  000213  000DC4      1762       0  CODE        2
                text41                         000DC4  00023C  001000      1B88       0  CODE        2
                stringtext                     001000  0000BE  0010BE      2000       0  STRCODE     2
                text64                         0011CC  000001  0011CD      2398       0  CODE        2
                text63                         0011CD  000001  0011CE      239A       0  CODE        2
                text62                         0011CE  000001  0011CF      239C       0  CODE        2
                text60                         0011CF  000003  0011D2      239E       0  CODE        2
                text51                         0011D2  000003  0011D5      23A4       0  CODE        2
                text50                         0011D5  000003  0011D8      23AA       0  CODE        2
                text48                         0011D8  000003  0011DB      23B0       0  CODE        2
                text47                         0011DB  000003  0011DE      23B6       0  CODE        2
                text46                         0011DE  000003  0011E1      23BC       0  CODE        2
                text36                         0011E1  000003  0011E4      23C2       0  CODE        2
                text34                         0011E4  000003  0011E7      23C8       0  CODE        2
                text37                         0011E7  000004  0011EB      23CE       0  CODE        2
                text13                         0011EB  000004  0011EF      23D6       0  CODE        2
                text33                         0011EF  000006  0011F5      23DE       0  CODE        2
                text39                         0011F5  000008  0011FD      23EA       0  CODE        2
                text54                         0011FD  000009  001206      23FA       0  CODE        2
                text21                         001206  000009  00120F      240C       0  CODE        2
                text17                         00120F  000009  001218      241E       0  CODE        2
                text56                         001218  00000A  001222      2430       0  CODE        2
                text40                         001222  00000A  00122C      2444       0  CODE        2
                text53                         00122C  00000B  001237      2458       0  CODE        2
                inittext                       001237  00000C  001243      246E       0  CODE        2
                text44                         001243  00000D  001250      2486       0  CODE        2
                text45                         001250  000011  001261      24A0       0  CODE        2
                text58                         001261  000012  001273      24C2       0  CODE        2
                text10                         001273  000013  001286      24E6       0  CODE        2
                text2                          001286  000013  001299      250C       0  CODE        2
                text3                          001299  000014  0012AD      2532       0  CODE        2
                idataBANK3                     0012AD  000015  0012C2      255A       0  CODE        2
                text12                         0012C2  000016  0012D8      2584       0  CODE        2
                text49                         0012D8  000018  0012F0      25B0       0  CODE        2
                text59                         0012F0  000019  001309      25E0       0  CODE        2
                text11                         001309  00001D  001326      2612       0  CODE        2
                text27                         001326  00001E  001344      264C       0  CODE        2
                text42                         001344  00001F  001363      2688       0  CODE        2
                text29                         001363  00001F  001382      26C6       0  CODE        2
                text9                          001382  00001F  0013A1      2704       0  CODE        2
                text30                         0013A1  000022  0013C3      2742       0  CODE        2
                text28                         0013C3  000022  0013E5      2786       0  CODE        2
                text26                         0013E5  000022  001407      27CA       0  CODE        2
                text8                          001407  000023  00142A      280E       0  CODE        2
                text16                         00142A  000024  00144E      2854       0  CODE        2
                text31                         00144E  000030  00147E      289C       0  CODE        2
                text57                         00147E  000037  0014B5      28FC       0  CODE        2
                text32                         0014B5  000050  001505      296A       0  CODE        2
                text25                         001505  000051  001556      2A0A       0  CODE        2
                text7                          001556  000051  0015A7      2AAC       0  CODE        2
                text20                         0015A7  00006E  001615      2B4E       0  CODE        2
                text22                         001615  000071  001686      2C2A       0  CODE        2
                text1                          001686  000074  0016FA      2D0C       0  CODE        2
                text4                          0016FA  000075  00176F      2DF4       0  CODE        2
                text14                         00176F  000091  001800      2EDE       0  CODE        2
                config                         008007  000002  008009     1000E       0  CONFIG      2


UNUSED ADDRESS RANGES

        Name                Unused          Largest block    Delta
        BANK1            000C8-000CF               8           1
        BANK10           00520-0056F              50           1
        BANK11           005A0-005EF              50           1
        BANK12           00620-0064F              30           1
        BANK3            001E8-001EF               8           1
        BANK4            0022F-0026F              41           1
        BANK5            002A0-002EF              50           1
        BANK6            00320-0036F              50           1
        BANK7            003A0-003EF              50           1
        BANK8            00420-0046F              50           1
        BANK9            004A0-004EF              50           1
        BIGRAM           02000-023EF             3F0           1
        CODE             010BE-011CB             10E           2
                         01800-01F7E             77F
                         01F80-01FFF              80
        CONST            010BE-011CB              42           2
                         01800-01F7E             100
                         01F80-01FFF              80
        ENTRY            010BE-011CB              42           2
                         01800-01F7E             100
                         01F80-01FFF              80
        IDLOC            08000-08003               4           2
        RAM              000C8-000CF               8           1
                         001E8-001EF               8
                         0022F-0026F              41
                         002A0-002EF              50
                         00320-0036F              50
                         003A0-003EF              50
                         00420-0046F              50
                         004A0-004EF              50
                         00520-0056F              50
                         005A0-005EF              50
                         00620-0064F              30
        SFR0             00000-0001F              20           1
        SFR1             00080-0009F              20           1
        SFR10            00500-0051F              20           1
        SFR11            00580-0059F              20           1
        SFR12            00600-0061F              20           1
        SFR13            00680-006EF              70           1
        SFR14            00700-0076F              70           1
        SFR15            00780-007EF              70           1
        SFR16            00800-0086F              70           1
        SFR17            00880-008EF              70           1
        SFR18            00900-0096F              70           1
        SFR19            00980-009EF              70           1
        SFR2             00100-0011F              20           1
        SFR20            00A00-00A6F              70           1
        SFR21            00A80-00AEF              70           1
        SFR22            00B00-00B6F              70           1
        SFR23            00B80-00BEF              70           1
        SFR24            00C00-00C6F              70           1
        SFR25            00C80-00CEF              70           1
        SFR26            00D00-00D6F              70           1
        SFR27            00D80-00DEF              70           1
        SFR28            00E00-00E6F              70           1
        SFR29            00E80-00EEF              70           1
        SFR3             00180-0019F              20           1
        SFR30            00F00-00F6F              70           1
        SFR31            00F80-00FEF              70           1
        SFR4             00200-0021F              20           1
        SFR5             00280-0029F              20           1
        SFR6             00300-0031F              20           1
        SFR7             00380-0039F              20           1
        SFR8             00400-0041F              20           1
        SFR9             00480-0049F              20           1
        STACK            0214F-023EF             2A1           1
        STRCODE          010BE-011CB             10E           2
                         01800-01F7E             77F
                         01F80-01FFF              80
        STRING           010BE-011CB              42           2
                         01800-01F7E             100
                         01F80-01FFF              80

                                  Symbol Table

?___wmul                                            cstackBANK1  000A6
?_app_get_device_status_callback                    cstackCOMMON 00070
?_app_get_report_callback                           cstackCOMMON 00070
?_app_unknown_get_descriptor_callback               cstackCOMMON 00070
?_pic16_linear_addr                                 cstackBANK1  000AC
?_strlen                                            cstackBANK1  000A6
?_usb_application_get_hid_descriptor                cstackCOMMON 00070
?_usb_application_get_hid_report_descriptor         cstackCOMMON 00070
?_usb_application_get_string                        cstackCOMMON 00070
?_usb_get_in_buffer                                 cstackBANK1  000AA
?i1___wmul                                          cstackCOMMON 00070
?i1_pic16_linear_addr                               cstackCOMMON 00076
_ACTCONbits                                         (abs)        0039B
_FIRM_VERSION                                       stringtext   010B2
_INTCONbits                                         (abs)        0000B
_OSCCONbits                                         (abs)        00099
_PIE2bits                                           (abs)        00092
_PIR2bits                                           (abs)        00012
_PRODUCT_NAME                                       stringtext   0109F
_PRODUCT_REVISION                                   stringtext   010B6
_PRODUCT_SERIAL                                     stringtext   010AB
_UADDR                                              (abs)        00E96
_UCFGbits                                           (abs)        00E91
_UCONbits                                           (abs)        00E8E
_UEIE                                               (abs)        00E97
_UEP0                                               (abs)        00E98
_UIE                                                (abs)        00E92
_UIEbits                                            (abs)        00E92
_UIR                                                (abs)        00E90
_UIRbits                                            (abs)        00E90
_USTATbits                                          (abs)        00E8F
__CFG_BOREN$ON                                      (abs)        00000
__CFG_BORV$LO                                       (abs)        00000
__CFG_CLKOUTEN$OFF                                  (abs)        00000
__CFG_CP$OFF                                        (abs)        00000
__CFG_CPUDIV$NOCLKDIV                               (abs)        00000
__CFG_FCMEN$OFF                                     (abs)        00000
__CFG_FOSC$INTOSC                                   (abs)        00000
__CFG_IESO$OFF                                      (abs)        00000
__CFG_LPBOR$ON                                      (abs)        00000
__CFG_LVP$OFF                                       (abs)        00000
__CFG_MCLRE$ON                                      (abs)        00000
__CFG_PLLEN$ENABLED                                 (abs)        00000
__CFG_PLLMULT$3x                                    (abs)        00000
__CFG_PWRTE$OFF                                     (abs)        00000
__CFG_STVREN$ON                                     (abs)        00000
__CFG_USBLSCLK$48MHz                                (abs)        00000
__CFG_WDTE$OFF                                      (abs)        00000
__CFG_WRT$OFF                                       (abs)        00000
__Habs1                                             abs1         00000
__Hbank0                                            bank0        00000
__Hbank1                                            bank1        00000
__Hbank10                                           bank10       00000
__Hbank11                                           bank11       00000
__Hbank12                                           bank12       00000
__Hbank13                                           bank13       00000
__Hbank14                                           bank14       00000
__Hbank15                                           bank15       00000
__Hbank16                                           bank16       00000
__Hbank17                                           bank17       00000
__Hbank18                                           bank18       00000
__Hbank19                                           bank19       00000
__Hbank2                                            bank2        00000
__Hbank20                                           bank20       00000
__Hbank21                                           bank21       00000
__Hbank22                                           bank22       00000
__Hbank23                                           bank23       00000
__Hbank24                                           bank24       00000
__Hbank25                                           bank25       00000
__Hbank26                                           bank26       00000
__Hbank27                                           bank27       00000
__Hbank28                                           bank28       00000
__Hbank29                                           bank29       00000
__Hbank3                                            bank3        00000
__Hbank30                                           bank30       00000
__Hbank31                                           bank31       00000
__Hbank4                                            bank4        00000
__Hbank5                                            bank5        00000
__Hbank6                                            bank6        00000
__Hbank7                                            bank7        00000
__Hbank8                                            bank8        00000
__Hbank9                                            bank9        00000
__Hbigram                                           bigram       00000
__HbssBANK1                                         bssBANK1     00000
__HbssBANK3                                         bssBANK3     00000
__Hcinit                                            cinit        0023A
__Hclrtext                                          clrtext      00000
__Hcode                                             code         00000
__Hcommon                                           common       00000
__Hconfig                                           config       08009
__HcstackBANK0                                      cstackBANK0  00000
__HcstackBANK1                                      cstackBANK1  00000
__HcstackBANK3                                      cstackBANK3  00000
__HcstackBANK4                                      cstackBANK4  00000
__HcstackCOMMON                                     cstackCOMMON 00000
__HdataBANK3                                        dataBANK3    00000
__Heeprom_data                                      eeprom_data  00000
__Hend_init                                         end_init     00215
__Hfunctab                                          functab      00000
__HidataBANK3                                       idataBANK3   00000
__Hidloc                                            idloc        00000
__Hinit                                             init         00213
__Hinittext                                         inittext     00000
__Hintentry                                         intentry     00213
__Hmaintext                                         maintext     00000
__Hpowerup                                          powerup      00000
__Hram                                              ram          00000
__Hreset_vec                                        reset_vec    00203
__Hsfr0                                             sfr0         00000
__Hsfr1                                             sfr1         00000
__Hsfr10                                            sfr10        00000
__Hsfr11                                            sfr11        00000
__Hsfr12                                            sfr12        00000
__Hsfr13                                            sfr13        00000
__Hsfr14                                            sfr14        00000
__Hsfr15                                            sfr15        00000
__Hsfr16                                            sfr16        00000
__Hsfr17                                            sfr17        00000
__Hsfr18                                            sfr18        00000
__Hsfr19                                            sfr19        00000
__Hsfr2                                             sfr2         00000
__Hsfr20                                            sfr20        00000
__Hsfr21                                            sfr21        00000
__Hsfr22                                            sfr22        00000
__Hsfr23                                            sfr23        00000
__Hsfr24                                            sfr24        00000
__Hsfr25                                            sfr25        00000
__Hsfr26                                            sfr26        00000
__Hsfr27                                            sfr27        00000
__Hsfr28                                            sfr28        00000
__Hsfr29                                            sfr29        00000
__Hsfr3                                             sfr3         00000
__Hsfr30                                            sfr30        00000
__Hsfr31                                            sfr31        00000
__Hsfr4                                             sfr4         00000
__Hsfr5                                             sfr5         00000
__Hsfr6                                             sfr6         00000
__Hsfr7                                             sfr7         00000
__Hsfr8                                             sfr8         00000
__Hsfr9                                             sfr9         00000
__Hspace_0                                          (abs)        08009
__Hspace_1                                          (abs)        0022F
__Hspace_2                                          (abs)        00000
__Hspace_3                                          (abs)        00000
__Hstack                                            stack        00000
__Hstrings                                          strings      00000
__Hstringtext                                       stringtext   00000
__Htext                                             text         00000
__Labs1                                             abs1         00000
__Lbank0                                            bank0        00000
__Lbank1                                            bank1        00000
__Lbank10                                           bank10       00000
__Lbank11                                           bank11       00000
__Lbank12                                           bank12       00000
__Lbank13                                           bank13       00000
__Lbank14                                           bank14       00000
__Lbank15                                           bank15       00000
__Lbank16                                           bank16       00000
__Lbank17                                           bank17       00000
__Lbank18                                           bank18       00000
__Lbank19                                           bank19       00000
__Lbank2                                            bank2        00000
__Lbank20                                           bank20       00000
__Lbank21                                           bank21       00000
__Lbank22                                           bank22       00000
__Lbank23                                           bank23       00000
__Lbank24                                           bank24       00000
__Lbank25                                           bank25       00000
__Lbank26                                           bank26       00000
__Lbank27                                           bank27       00000
__Lbank28                                           bank28       00000
__Lbank29                                           bank29       00000
__Lbank3                                            bank3        00000
__Lbank30                                           bank30       00000
__Lbank31                                           bank31       00000
__Lbank4                                            bank4        00000
__Lbank5                                            bank5        00000
__Lbank6                                            bank6        00000
__Lbank7                                            bank7        00000
__Lbank8                                            bank8        00000
__Lbank9                                            bank9        00000
__Lbigram                                           bigram       00000
__LbssBANK1                                         bssBANK1     00000
__LbssBANK3                                         bssBANK3     00000
__Lcinit                                            cinit        00215
__Lclrtext                                          clrtext      00000
__Lcode                                             code         00000
__Lcommon                                           common       00000
__Lconfig                                           config       08007
__LcstackBANK0                                      cstackBANK0  00000
__LcstackBANK1                                      cstackBANK1  00000
__LcstackBANK3                                      cstackBANK3  00000
__LcstackBANK4                                      cstackBANK4  00000
__LcstackCOMMON                                     cstackCOMMON 00000
__LdataBANK3                                        dataBANK3    00000
__Leeprom_data                                      eeprom_data  00000
__Lend_init                                         end_init     00213
__Lfunctab                                          functab      00000
__LidataBANK3                                       idataBANK3   00000
__Lidloc                                            idloc        00000
__Linit                                             init         00213
__Linittext                                         inittext     00000
__Lintentry                                         intentry     00204
__Lmaintext                                         maintext     00000
__Lpowerup                                          powerup      00000
__Lram                                              ram          00000
__Lreset_vec                                        reset_vec    00200
__Lsfr0                                             sfr0         00000
__Lsfr1                                             sfr1         00000
__Lsfr10                                            sfr10        00000
__Lsfr11                                            sfr11        00000
__Lsfr12                                            sfr12        00000
__Lsfr13                                            sfr13        00000
__Lsfr14                                            sfr14        00000
__Lsfr15                                            sfr15        00000
__Lsfr16                                            sfr16        00000
__Lsfr17                                            sfr17        00000
__Lsfr18                                            sfr18        00000
__Lsfr19                                            sfr19        00000
__Lsfr2                                             sfr2         00000
__Lsfr20                                            sfr20        00000
__Lsfr21                                            sfr21        00000
__Lsfr22                                            sfr22        00000
__Lsfr23                                            sfr23        00000
__Lsfr24                                            sfr24        00000
__Lsfr25                                            sfr25        00000
__Lsfr26                                            sfr26        00000
__Lsfr27                                            sfr27        00000
__Lsfr28                                            sfr28        00000
__Lsfr29                                            sfr29        00000
__Lsfr3                                             sfr3         00000
__Lsfr30                                            sfr30        00000
__Lsfr31                                            sfr31        00000
__Lsfr4                                             sfr4         00000
__Lsfr5                                             sfr5         00000
__Lsfr6                                             sfr6         00000
__Lsfr7                                             sfr7         00000
__Lsfr8                                             sfr8         00000
__Lsfr9                                             sfr9         00000
__Lspace_0                                          (abs)        00000
__Lspace_1                                          (abs)        00000
__Lspace_2                                          (abs)        00000
__Lspace_3                                          (abs)        00000
__Lstack                                            stack        00000
__Lstrings                                          strings      00000
__Lstringtext                                       stringtext   00000
__Ltext                                             text         00000
__S0                                                (abs)        08009
__S1                                                (abs)        0022F
__S2                                                (abs)        00000
___bmul                                             text15       00802
___bmul@multiplicand                                cstackBANK1  000A6
___bmul@multiplier                                  cstackBANK1  000A9
___bmul@product                                     cstackBANK1  000A8
___int_sp                                           stack        00000
___latbits                                          (abs)        00002
___sp                                               stack        00000
___wmul                                             text8        01407
___wmul@multiplicand                                cstackBANK1  000A8
___wmul@multiplier                                  cstackBANK1  000A6
___wmul@product                                     cstackBANK1  000AA
__end_of_FIRM_VERSION                               stringtext   010B6
__end_of_PRODUCT_NAME                               stringtext   010AB
__end_of_PRODUCT_REVISION                           stringtext   010BA
__end_of_PRODUCT_SERIAL                             stringtext   010B2
__end_of___bmul                                     text15       0081C
__end_of___wmul                                     text8        0142A
__end_of__initialization                            cinit        00236
__end_of_app_endpoint_halt_callback                 text38       00802
__end_of_app_get_device_status_callback             text37       011EB
__end_of_app_get_idle_callback                      text51       011D5
__end_of_app_get_interface_callback                 text36       011E4
__end_of_app_get_protocol_callback                  text50       011D8
__end_of_app_get_report_callback                    text49       012F0
__end_of_app_in_transaction_complete_callback       text64       011CD
__end_of_app_out_transaction_callback               text63       011CE
__end_of_app_set_configuration_callback             text35       00204
__end_of_app_set_idle_callback                      text48       011DB
__end_of_app_set_interface_callback                 text34       011E7
__end_of_app_set_protocol_callback                  text47       011DE
__end_of_app_set_report_callback                    text46       011E1
__end_of_app_start_of_frame_callback                text62       011CF
__end_of_app_unknown_get_descriptor_callback        text33       011F5
__end_of_app_unknown_setup_request_callback         text40       0122C
__end_of_app_usb_reset_callback                     text61       00801
__end_of_clear_ep0_stall                            text39       011FD
__end_of_configuration_1                            stringtext   01041
__end_of_custom_report_descriptor                   stringtext   0105D
__end_of_get_report_callback                        text60       011D2
__end_of_handle_ep0_in                              text55       00964
__end_of_handle_ep0_out                             text52       007F6
__end_of_handle_ep0_setup                           text22       01686
__end_of_handle_standard_control_request            text23       005F4
__end_of_hardware_init                              text17       01218
__end_of_init_endpoints                             text6        00BB1
__end_of_interface_string                           stringtext   01018
__end_of_isr                                        intentry     00213
__end_of_main                                       maintext     00DC4
__end_of_memset                                     text9        013A1
__end_of_pic16_linear_addr                          text7        015A7
__end_of_process_hid_setup_request                  text41       01000
__end_of_product_string                             stringtext   01075
__end_of_reset_bd0_out                              text21       0120F
__end_of_reset_ep0_data_stage                       text5        00800
__end_of_send_zero_length_packet_ep0                text54       01206
__end_of_stall_ep0                                  text53       01237
__end_of_stall_ep_in                                text31       0147E
__end_of_stall_ep_out                               text29       01382
__end_of_start_control_return                       text43       008BB
__end_of_str00                                      stringtext   010BE
__end_of_strlen                                     text16       0144E
__end_of_this_device_descriptor                     stringtext   0109F
__end_of_usb_application_get_hid_descriptor         text45       01261
__end_of_usb_application_get_hid_report_descriptor  text44       01250
__end_of_usb_application_get_string                 text32       01505
__end_of_usb_arm_out_endpoint                       text14       01800
__end_of_usb_get_configuration                      text13       011EF
__end_of_usb_get_in_buffer                          text12       012D8
__end_of_usb_get_out_buffer                         text11       01326
__end_of_usb_halt_ep_in                             text30       013C3
__end_of_usb_halt_ep_out                            text28       013E5
__end_of_usb_in_endpoint_busy                       text10       01286
__end_of_usb_in_endpoint_halted                     text2        01299
__end_of_usb_init                                   text4        0176F
__end_of_usb_out_endpoint_has_data                  text3        012AD
__end_of_usb_send_data_stage                        text42       01363
__end_of_usb_send_in_buffer                         text1        016FA
__end_of_usb_send_in_buffer_0                       text57       014B5
__end_of_usb_service                                text19       0073A
__end_of_vendor_string                              stringtext   0108D
__end_ofi1___bmul                                   text59       01309
__end_ofi1___wmul                                   text26       01407
__end_ofi1_init_endpoints                           text24       00A81
__end_ofi1_memset                                   text27       01344
__end_ofi1_pic16_linear_addr                        text25       01556
__end_ofi1_reset_ep0_data_stage                     text56       01222
__end_ofi1_usb_in_endpoint_halted                   text58       01273
__end_ofi1_usb_init                                 text20       01615
__initialization                                    cinit        00215
__pbssBANK1                                         bssBANK1     000C2
__pbssBANK3                                         bssBANK3     001D5
__pcstackBANK0                                      cstackBANK0  00030
__pcstackBANK1                                      cstackBANK1  000A0
__pcstackBANK3                                      cstackBANK3  001E0
__pcstackBANK4                                      cstackBANK4  00220
__pcstackCOMMON                                     cstackCOMMON 00070
__pdataBANK3                                        dataBANK3    001C0
__pidataBANK3                                       idataBANK3   012AD
__pintentry                                         intentry     00204
__pmaintext                                         maintext     00BB1
__pstringtext                                       stringtext   01000
__ptext1                                            text1        01686
__ptext10                                           text10       01273
__ptext11                                           text11       01309
__ptext12                                           text12       012C2
__ptext13                                           text13       011EB
__ptext14                                           text14       0176F
__ptext15                                           text15       00802
__ptext16                                           text16       0142A
__ptext17                                           text17       0120F
__ptext19                                           text19       005F4
__ptext2                                            text2        01286
__ptext20                                           text20       015A7
__ptext21                                           text21       01206
__ptext22                                           text22       01615
__ptext23                                           text23       0023A
__ptext24                                           text24       00964
__ptext25                                           text25       01505
__ptext26                                           text26       013E5
__ptext27                                           text27       01326
__ptext28                                           text28       013C3
__ptext29                                           text29       01363
__ptext3                                            text3        01299
__ptext30                                           text30       013A1
__ptext31                                           text31       0144E
__ptext32                                           text32       014B5
__ptext33                                           text33       011EF
__ptext34                                           text34       011E4
__ptext35                                           text35       00203
__ptext36                                           text36       011E1
__ptext37                                           text37       011E7
__ptext38                                           text38       00801
__ptext39                                           text39       011F5
__ptext4                                            text4        016FA
__ptext40                                           text40       01222
__ptext41                                           text41       00DC4
__ptext42                                           text42       01344
__ptext43                                           text43       0081C
__ptext44                                           text44       01243
__ptext45                                           text45       01250
__ptext46                                           text46       011DE
__ptext47                                           text47       011DB
__ptext48                                           text48       011D8
__ptext49                                           text49       012D8
__ptext5                                            text5        007F6
__ptext50                                           text50       011D5
__ptext51                                           text51       011D2
__ptext52                                           text52       0073A
__ptext53                                           text53       0122C
__ptext54                                           text54       011FD
__ptext55                                           text55       008BB
__ptext56                                           text56       01218
__ptext57                                           text57       0147E
__ptext58                                           text58       01261
__ptext59                                           text59       012F0
__ptext6                                            text6        00A81
__ptext60                                           text60       011CF
__ptext61                                           text61       00800
__ptext62                                           text62       011CE
__ptext63                                           text63       011CD
__ptext64                                           text64       011CC
__ptext7                                            text7        01556
__ptext8                                            text8        01407
__ptext9                                            text9        01382
__size_of___bmul                                    (abs)        00000
__size_of___wmul                                    (abs)        00000
__size_of_app_endpoint_halt_callback                (abs)        00000
__size_of_app_get_device_status_callback            (abs)        00000
__size_of_app_get_idle_callback                     (abs)        00000
__size_of_app_get_interface_callback                (abs)        00000
__size_of_app_get_protocol_callback                 (abs)        00000
__size_of_app_get_report_callback                   (abs)        00000
__size_of_app_in_transaction_complete_callback      (abs)        00000
__size_of_app_out_transaction_callback              (abs)        00000
__size_of_app_set_configuration_callback            (abs)        00000
__size_of_app_set_idle_callback                     (abs)        00000
__size_of_app_set_interface_callback                (abs)        00000
__size_of_app_set_protocol_callback                 (abs)        00000
__size_of_app_set_report_callback                   (abs)        00000
__size_of_app_start_of_frame_callback               (abs)        00000
__size_of_app_unknown_get_descriptor_callback       (abs)        00000
__size_of_app_unknown_setup_request_callback        (abs)        00000
__size_of_app_usb_reset_callback                    (abs)        00000
__size_of_clear_ep0_stall                           (abs)        00000
__size_of_get_report_callback                       (abs)        00000
__size_of_handle_ep0_in                             (abs)        00000
__size_of_handle_ep0_out                            (abs)        00000
__size_of_handle_ep0_setup                          (abs)        00000
__size_of_handle_standard_control_request           (abs)        00000
__size_of_hardware_init                             (abs)        00000
__size_of_init_endpoints                            (abs)        00000
__size_of_isr                                       (abs)        00000
__size_of_main                                      (abs)        00000
__size_of_memset                                    (abs)        00000
__size_of_pic16_linear_addr                         (abs)        00000
__size_of_process_hid_setup_request                 (abs)        00000
__size_of_reset_bd0_out                             (abs)        00000
__size_of_reset_ep0_data_stage                      (abs)        00000
__size_of_send_zero_length_packet_ep0               (abs)        00000
__size_of_stall_ep0                                 (abs)        00000
__size_of_stall_ep_in                               (abs)        00000
__size_of_stall_ep_out                              (abs)        00000
__size_of_start_control_return                      (abs)        00000
__size_of_strlen                                    (abs)        00000
__size_of_usb_application_get_hid_descriptor        (abs)        00000
__size_of_usb_application_get_hid_report_descriptor (abs)        00000
__size_of_usb_application_get_string                (abs)        00000
__size_of_usb_arm_out_endpoint                      (abs)        00000
__size_of_usb_get_configuration                     (abs)        00000
__size_of_usb_get_in_buffer                         (abs)        00000
__size_of_usb_get_out_buffer                        (abs)        00000
__size_of_usb_halt_ep_in                            (abs)        00000
__size_of_usb_halt_ep_out                           (abs)        00000
__size_of_usb_in_endpoint_busy                      (abs)        00000
__size_of_usb_in_endpoint_halted                    (abs)        00000
__size_of_usb_init                                  (abs)        00000
__size_of_usb_out_endpoint_has_data                 (abs)        00000
__size_of_usb_send_data_stage                       (abs)        00000
__size_of_usb_send_in_buffer                        (abs)        00000
__size_of_usb_send_in_buffer_0                      (abs)        00000
__size_of_usb_service                               (abs)        00000
__size_ofi1___bmul                                  (abs)        00000
__size_ofi1___wmul                                  (abs)        00000
__size_ofi1_init_endpoints                          (abs)        00000
__size_ofi1_memset                                  (abs)        00000
__size_ofi1_pic16_linear_addr                       (abs)        00000
__size_ofi1_reset_ep0_data_stage                    (abs)        00000
__size_ofi1_usb_in_endpoint_halted                  (abs)        00000
__size_ofi1_usb_init                                (abs)        00000
_addr                                               bssBANK3     001D7
_addr_pending                                       bssBANK3     001D8
_app_endpoint_halt_callback                         text38       00801
_app_get_device_status_callback                     text37       011E7
_app_get_idle_callback                              text51       011D2
_app_get_interface_callback                         text36       011E1
_app_get_protocol_callback                          text50       011D5
_app_get_report_callback                            text49       012D8
_app_in_transaction_complete_callback               text64       011CC
_app_out_transaction_callback                       text63       011CD
_app_set_configuration_callback                     text35       00203
_app_set_idle_callback                              text48       011D8
_app_set_interface_callback                         text34       011E4
_app_set_protocol_callback                          text47       011DB
_app_set_report_callback                            text46       011DE
_app_start_of_frame_callback                        text62       011CE
_app_unknown_get_descriptor_callback                text33       011EF
_app_unknown_setup_request_callback                 text40       01222
_app_usb_reset_callback                             text61       00800
_bds                                                (abs)        00020
_clear_ep0_stall                                    text39       011F5
_configuration_1                                    stringtext   01018
_control_need_zlp                                   bssBANK3     001D9
_custom_report_descriptor                           stringtext   01041
_ep0_buf                                            dataBANK3    001CE
_ep0_data_stage_buf_remaining                       bssBANK1     000C2
_ep0_data_stage_callback                            bssBANK1     000C4
_ep0_data_stage_context                             bssBANK1     000C6
_ep0_data_stage_direc                               bssBANK3     001DA
_ep0_data_stage_in_buffer                           bssBANK3     001D5
_ep0_data_stage_out_buffer                          bssBANK3     001DB
_ep_buf                                             dataBANK3    001C0
_ep_buffers                                         (abs)        02080
_g_configuration                                    bssBANK1     000C7
_get_report_callback                                text60       011CF
_handle_ep0_in                                      text55       008BB
_handle_ep0_in$626                                  cstackBANK0  00030
_handle_ep0_out                                     text52       0073A
_handle_ep0_out$621                                 cstackCOMMON 00074
_handle_ep0_setup                                   text22       01615
_handle_standard_control_request                    text23       0023A
_handle_standard_control_request$587                cstackBANK0  00045
_hardware_init                                      text17       0120F
_init_endpoints                                     text6        00A81
_isr                                                intentry     00204
_main                                               maintext     00BB1
_memset                                             text9        01382
_pic16_linear_addr                                  text7        01556
_process_hid_setup_request                          text41       00DC4
_process_hid_setup_request$829                      cstackBANK0  00056
_process_hid_setup_request$841                      cstackBANK0  00058
_product_string                                     stringtext   0105D
_report_buf                                         bssBANK3     001DD
_reset_bd0_out                                      text21       01206
_reset_ep0_data_stage                               text5        007F6
_returning_short                                    bssBANK3     001DC
_send_zero_length_packet_ep0                        text54       011FD
_stall_ep0                                          text53       0122C
_stall_ep_in                                        text31       0144E
_stall_ep_out                                       text29       01363
_start_control_return                               text43       0081C
_start_control_return$543                           cstackBANK0  00036
_start_control_return$544                           cstackBANK0  00038
_start_control_return$545                           cstackBANK0  0003A
_str00                                              stringtext   010BA
_strlen                                             text16       0142A
_this_device_descriptor                             stringtext   0108D
_usb_application_config_descs                       dataBANK3    001D3
_usb_application_get_hid_descriptor                 text45       01250
_usb_application_get_hid_report_descriptor          text44       01243
_usb_application_get_string                         text32       014B5
_usb_arm_out_endpoint                               text14       0176F
_usb_get_configuration                              text13       011EB
_usb_get_in_buffer                                  text12       012C2
_usb_get_out_buffer                                 text11       01309
_usb_halt_ep_in                                     text30       013A1
_usb_halt_ep_out                                    text28       013C3
_usb_in_endpoint_busy                               text10       01273
_usb_in_endpoint_halted                             text2        01286
_usb_init                                           text4        016FA
_usb_out_endpoint_has_data                          text3        01299
_usb_send_data_stage                                text42       01344
_usb_send_in_buffer                                 text1        01686
_usb_send_in_buffer_0                               text57       0147E
_usb_service                                        text19       005F4
_vendor_string                                      stringtext   01075
app_endpoint_halt_callback@halted                   cstackCOMMON 00070
app_get_idle_callback@report_id                     cstackCOMMON 00070
app_get_report_callback@callback                    cstackCOMMON 00073
app_get_report_callback@context                     cstackCOMMON 00074
app_get_report_callback@report                      cstackCOMMON 00072
app_get_report_callback@report_id                   cstackCOMMON 00071
app_get_report_callback@report_type                 cstackCOMMON 00070
app_set_idle_callback@idle_rate                     cstackCOMMON 00071
app_set_idle_callback@report_id                     cstackCOMMON 00070
app_set_interface_callback@alt_setting              cstackCOMMON 00070
app_set_protocol_callback@report_id                 cstackCOMMON 00070
app_set_report_callback@report_id                   cstackCOMMON 00071
app_set_report_callback@report_type                 cstackCOMMON 00070
app_unknown_get_descriptor_callback@descriptor      cstackCOMMON 00072
app_unknown_get_descriptor_callback@pkt             cstackCOMMON 00070
app_unknown_setup_request_callback@setup            cstackBANK0  00067
btemp                                               (abs)        0007E
end_of_initialization                               cinit        00236
get_report_callback@context                         cstackCOMMON 00071
get_report_callback@transfer_ok                     cstackCOMMON 00070
handle_ep0_in@bytes_to_send                         cstackBANK0  00032
handle_ep0_out@bytes_to_copy                        cstackCOMMON 00078
handle_ep0_out@pkt_len                              cstackCOMMON 00077
handle_ep0_out@res                                  cstackCOMMON 00076
handle_ep0_setup@res                                cstackBANK0  00069
handle_ep0_setup@setup                              cstackBANK0  0006A
handle_standard_control_request@desc                cstackBANK0  0004A
handle_standard_control_request@desc_574            cstackBANK0  00055
handle_standard_control_request@desc_577            cstackBANK0  00049
handle_standard_control_request@descriptor          cstackBANK0  00057
handle_standard_control_request@descriptor_index    cstackBANK0  00058
handle_standard_control_request@ep_dir              cstackBANK0  00054
handle_standard_control_request@ep_num              cstackBANK0  00051
handle_standard_control_request@ep_num_591          cstackBANK0  00059
handle_standard_control_request@flags               cstackBANK0  00052
handle_standard_control_request@len                 cstackBANK0  0004C
handle_standard_control_request@len_576             cstackBANK0  0004E
handle_standard_control_request@req                 cstackBANK0  00050
handle_standard_control_request@res                 cstackBANK0  00047
handle_standard_control_request@res_588             cstackBANK0  00044
handle_standard_control_request@ret                 cstackBANK0  00040
handle_standard_control_request@ret_586             cstackBANK0  00042
handle_standard_control_request@ret_589             cstackBANK0  00053
handle_standard_control_request@setup               cstackBANK0  0005A
handle_standard_control_request@stall               cstackBANK0  00048
i1___bmul                                           text59       012F0
i1___bmul@multiplicand                              cstackCOMMON 00070
i1___bmul@multiplier                                cstackCOMMON 00072
i1___bmul@product                                   cstackCOMMON 00073
i1___wmul                                           text26       013E5
i1___wmul@multiplicand                              cstackCOMMON 00072
i1___wmul@multiplier                                cstackCOMMON 00070
i1___wmul@product                                   cstackCOMMON 00074
i1_init_endpoints                                   text24       00964
i1_memset                                           text27       01326
i1_pic16_linear_addr                                text25       01505
i1_reset_ep0_data_stage                             text56       01218
i1_usb_in_endpoint_halted                           text58       01261
i1_usb_init                                         text20       015A7
i1init_endpoints@i                                  cstackCOMMON 0007C
i1memset@c                                          cstackCOMMON 00072
i1memset@n                                          cstackCOMMON 00074
i1memset@p                                          cstackCOMMON 00076
i1memset@p1                                         cstackCOMMON 00070
i1pic16_linear_addr@addr                            cstackCOMMON 0007A
i1pic16_linear_addr@high                            cstackCOMMON 00078
i1pic16_linear_addr@low                             cstackCOMMON 00079
i1pic16_linear_addr@ptr                             cstackCOMMON 00076
i1usb_in_endpoint_halted@endpoint                   cstackCOMMON 00075
i1usb_init@ep                                       cstackBANK0  00040
i1usb_init@i                                        cstackBANK0  0003F
init_endpoints@i                                    cstackBANK1  000BF
init_ram                                            inittext     01237
int$flags                                           (abs)        0007E
intlevel0                                           functab      00000
intlevel1                                           functab      00000
intlevel2                                           functab      00000
intlevel3                                           functab      00000
intlevel4                                           functab      00000
intlevel5                                           functab      00000
ltemp                                               (abs)        0007E
ltemp0                                              (abs)        0007E
ltemp1                                              (abs)        00082
ltemp2                                              (abs)        00086
ltemp3                                              (abs)        00080
main@RxDataBuffer                                   cstackBANK4  0022B
main@TxDataBuffer                                   cstackBANK4  0022D
main@attrid                                         cstackBANK4  00229
main@attrid_1091                                    cstackBANK4  00220
main@len                                            cstackBANK4  00224
main@len_1087                                       cstackBANK4  00225
main@len_1088                                       cstackBANK4  00226
main@len_1089                                       cstackBANK4  00227
main@opcode                                         cstackBANK4  00228
main@pcktLen                                        cstackBANK4  00223
main@pcktVer                                        cstackBANK4  00222
memset@c                                            cstackBANK1  000A8
memset@n                                            cstackBANK1  000AA
memset@p                                            cstackBANK1  000AC
memset@p1                                           cstackBANK1  000A6
pic16_linear_addr@addr                              cstackBANK1  000BA
pic16_linear_addr@high                              cstackBANK1  000B8
pic16_linear_addr@low                               cstackBANK1  000B9
pic16_linear_addr@ptr                               cstackBANK1  000AC
process_hid_setup_request@callback                  cstackBANK0  0005A
process_hid_setup_request@context                   cstackBANK0  0005F
process_hid_setup_request@desc                      cstackBANK0  00062
process_hid_setup_request@desc_830                  cstackBANK0  0005E
process_hid_setup_request@descriptor                cstackBANK0  0005C
process_hid_setup_request@duration                  cstackBANK0  00052
process_hid_setup_request@interface                 cstackBANK0  00066
process_hid_setup_request@len                       cstackBANK0  00064
process_hid_setup_request@len_831                   cstackBANK0  00060
process_hid_setup_request@report_id                 cstackBANK0  0004C
process_hid_setup_request@report_id_843             cstackBANK0  0004E
process_hid_setup_request@report_id_845             cstackBANK0  00050
process_hid_setup_request@report_id_848             cstackBANK0  00053
process_hid_setup_request@report_type               cstackBANK0  0004B
[...]
		_handle_ep0_setup
		_handle_ep0_out
		_usb_service
 This function uses a non-reentrant model


 *************** function _send_zero_length_packet_ep0 *****************
 Defined at:
		line 753 in file "../../../usb/src/usb.c"
 Parameters:    Size  Location     Type
		None
 Auto vars:     Size  Location     Type
		None
 Return value:  Size  Location     Type
                  1    wreg      void 
 Registers used:
		wreg, status,2
 Tracked objects:
		On entry : 
		On exit  : 
		Unchanged: 
 Data sizes:     COMMON   BANK0   BANK1   BANK2   BANK3   BANK4   BANK5   BANK6   BANK7   BANK8   BANK9  BANK10  BANK11  BANK12
      Params:         0       0       0       0       0       0       0       0       0       0       0       0       0       0
      Locals:         0       0       0       0       0       0       0       0       0       0       0       0       0       0
      Temps:          1       0       0       0       0       0       0       0       0       0       0       0       0       0
      Totals:         1       0       0       0       0       0       0       0       0       0       0       0       0       0
Total ram usage:        1 bytes
 Hardware stack levels used:    1
 This function calls:
		Nothing
 This function is called by:
		_handle_standard_control_request
		_handle_ep0_out
 This function uses a non-reentrant model


 *************** function _handle_ep0_in *****************
 Defined at:
		line 1346 in file "../../../usb/src/usb.c"
 Parameters:    Size  Location     Type
		None
 Auto vars:     Size  Location     Type
  bytes_to_sen    1    2[BANK0 ] unsigned char 
 Return value:  Size  Location     Type
                  1    wreg      void 
 Registers used:
		wreg, fsr0l, fsr0h, fsr1l, fsr1h, status,2, status,0, pclath, cstack
 Tracked objects:
		On entry : 
		On exit  : 
		Unchanged: 
 Data sizes:     COMMON   BANK0   BANK1   BANK2   BANK3   BANK4   BANK5   BANK6   BANK7   BANK8   BANK9  BANK10  BANK11  BANK12
      Params:         0       0       0       0       0       0       0       0       0       0       0       0       0       0
      Locals:         0       3       0       0       0       0       0       0       0       0       0       0       0       0
      Temps:          2       0       0       0       0       0       0       0       0       0       0       0       0       0
      Totals:         2       3       0       0       0       0       0       0       0       0       0       0       0       0
Total ram usage:        5 bytes
 Hardware stack levels used:    1
 Hardware stack levels required when called:    3
 This function calls:
		Absolute function
		_get_report_callback
		_usb_send_in_buffer_0
		i1_reset_ep0_data_stage
 This function is called by:
		_usb_service
 This function uses a non-reentrant model


 *************** function i1_reset_ep0_data_stage *****************
 Defined at:
		line 474 in file "../../../usb/src/usb.c"
 Parameters:    Size  Location     Type
		None
 Auto vars:     Size  Location     Type
		None
 Return value:  Size  Location     Type
                  1    wreg      void 
 Registers used:
		status,2
 Tracked objects:
		On entry : 
		On exit  : 
		Unchanged: 
 Data sizes:     COMMON   BANK0   BANK1   BANK2   BANK3   BANK4   BANK5   BANK6   BANK7   BANK8   BANK9  BANK10  BANK11  BANK12
      Params:         0       0       0       0       0       0       0       0       0       0       0       0       0       0
      Locals:         0       0       0       0       0       0       0       0       0       0       0       0       0       0
      Temps:          0       0       0       0       0       0       0       0       0       0       0       0       0       0
      Totals:         0       0       0       0       0       0       0       0       0       0       0       0       0       0
Total ram usage:        0 bytes
 Hardware stack levels used:    1
 This function calls:
		Nothing
 This function is called by:
		_handle_ep0_setup
		_handle_ep0_out
		_handle_ep0_in
		i1_usb_init
 This function uses a non-reentrant model


 *************** function _usb_send_in_buffer_0 *****************
 Defined at:
		line 766 in file "../../../usb/src/usb.c"
 Parameters:    Size  Location     Type
  len             2    6[COMMON] unsigned int 
 Auto vars:     Size  Location     Type
  pid             1    9[COMMON] unsigned char 
 Return value:  Size  Location     Type
                  1    wreg      void 
 Registers used:
		wreg, fsr1l, fsr1h, status,2, status,0, pclath, cstack
 Tracked objects:
		On entry : 
		On exit  : 
		Unchanged: 
 Data sizes:     COMMON   BANK0   BANK1   BANK2   BANK3   BANK4   BANK5   BANK6   BANK7   BANK8   BANK9  BANK10  BANK11  BANK12
      Params:         2       0       0       0       0       0       0       0       0       0       0       0       0       0
      Locals:         1       0       0       0       0       0       0       0       0       0       0       0       0       0
      Temps:          1       0       0       0       0       0       0       0       0       0       0       0       0       0
      Totals:         4       0       0       0       0       0       0       0       0       0       0       0       0       0
Total ram usage:        4 bytes
 Hardware stack levels used:    1
 Hardware stack levels required when called:    2
 This function calls:
		i1_usb_in_endpoint_halted
 This function is called by:
		_start_control_return
		_handle_ep0_in
 This function uses a non-reentrant model


 *************** function i1_usb_in_endpoint_halted *****************
 Defined at:
		line 1588 in file "../../../usb/src/usb.c"
 Parameters:    Size  Location     Type
  endpoint        1    wreg     unsigned char 
 Auto vars:     Size  Location     Type
  endpoint        1    5[COMMON] unsigned char 
 Return value:  Size  Location     Type
                  1    wreg      unsigned char 
 Registers used:
		wreg, fsr1l, fsr1h, status,2, status,0, pclath, cstack
 Tracked objects:
		On entry : 
		On exit  : 
		Unchanged: 
 Data sizes:     COMMON   BANK0   BANK1   BANK2   BANK3   BANK4   BANK5   BANK6   BANK7   BANK8   BANK9  BANK10  BANK11  BANK12
      Params:         0       0       0       0       0       0       0       0       0       0       0       0       0       0
      Locals:         1       0       0       0       0       0       0       0       0       0       0       0       0       0
      Temps:          1       0       0       0       0       0       0       0       0       0       0       0       0       0
      Totals:         2       0       0       0       0       0       0       0       0       0       0       0       0       0
Total ram usage:        2 bytes
 Hardware stack levels used:    1
 Hardware stack levels required when called:    1
 This function calls:
		i1___bmul
 This function is called by:
		_usb_send_in_buffer_0
 This function uses a non-reentrant model


 *************** function i1___bmul *****************
 Defined at:
		line 4 in file "C:\Program Files (x86)\Microchip\xc8\v1.36\sources\common\Umul8.c"
 Parameters:    Size  Location     Type
  multiplier      1    wreg     unsigned char 
  multiplicand    1    0[COMMON] unsigned char 
 Auto vars:     Size  Location     Type
  multiplier      1    2[COMMON] unsigned char 
  __bmul          1    3[COMMON] unsigned char 
 Return value:  Size  Location     Type
                  1    wreg      unsigned char 
 Registers used:
		wreg, status,2, status,0
 Tracked objects:
		On entry : 
		On exit  : 
		Unchanged: 
 Data sizes:     COMMON   BANK0   BANK1   BANK2   BANK3   BANK4   BANK5   BANK6   BANK7   BANK8   BANK9  BANK10  BANK11  BANK12
      Params:         1       0       0       0       0       0       0       0       0       0       0       0       0       0
      Locals:         2       0       0       0       0       0       0       0       0       0       0       0       0       0
      Temps:          1       0       0       0       0       0       0       0       0       0       0       0       0       0
      Totals:         4       0       0       0       0       0       0       0       0       0       0       0       0       0
Total ram usage:        4 bytes
 Hardware stack levels used:    1
 This function calls:
		Nothing
 This function is called by:
		_stall_ep_in
		_handle_standard_control_request
		_usb_service
		_usb_halt_ep_in
		_usb_halt_ep_out
		i1_init_endpoints
		i1_usb_in_endpoint_halted
 This function uses a non-reentrant model


 *************** function _get_report_callback *****************
 Defined at:
		line 200 in file "../main.c"
 Parameters:    Size  Location     Type
  transfer_ok     1    0[COMMON] unsigned char 
  context         1    1[COMMON] PTR void 
		 -> NULL(0), 
 Auto vars:     Size  Location     Type
		None
 Return value:  Size  Location     Type
                  1    wreg      char 
 Registers used:
		wreg
 Tracked objects:
		On entry : 
		On exit  : 
		Unchanged: 
 Data sizes:     COMMON   BANK0   BANK1   BANK2   BANK3   BANK4   BANK5   BANK6   BANK7   BANK8   BANK9  BANK10  BANK11  BANK12
      Params:         2       0       0       0       0       0       0       0       0       0       0       0       0       0
      Locals:         0       0       0       0       0       0       0       0       0       0       0       0       0       0
      Temps:          0       0       0       0       0       0       0       0       0       0       0       0       0       0
      Totals:         2       0       0       0       0       0       0       0       0       0       0       0       0       0
Total ram usage:        2 bytes
 Hardware stack levels used:    1
 This function calls:
		Nothing
 This function is called by:
		_app_get_report_callback
		_handle_ep0_setup
		_handle_ep0_out
		_handle_ep0_in
 This function uses a non-reentrant model


 *************** function _app_usb_reset_callback *****************
 Defined at:
		line 191 in file "../main.c"
 Parameters:    Size  Location     Type
		None
 Auto vars:     Size  Location     Type
		None
 Return value:  Size  Location     Type
                  1    wreg      void 
 Registers used:
		None
 Tracked objects:
		On entry : 
		On exit  : 
		Unchanged: 
 Data sizes:     COMMON   BANK0   BANK1   BANK2   BANK3   BANK4   BANK5   BANK6   BANK7   BANK8   BANK9  BANK10  BANK11  BANK12
      Params:         0       0       0       0       0       0       0       0       0       0       0       0       0       0
      Locals:         0       0       0       0       0       0       0       0       0       0       0       0       0       0
      Temps:          0       0       0       0       0       0       0       0       0       0       0       0       0       0
      Totals:         0       0       0       0       0       0       0       0       0       0       0       0       0       0
Total ram usage:        0 bytes
 Hardware stack levels used:    1
 This function calls:
		Nothing
 This function is called by:
		_usb_service
 This function uses a non-reentrant model


 *************** function _app_start_of_frame_callback *****************
 Defined at:
		line 186 in file "../main.c"
 Parameters:    Size  Location     Type
		None
 Auto vars:     Size  Location     Type
		None
 Return value:  Size  Location     Type
                  1    wreg      void 
 Registers used:
		None
 Tracked objects:
		On entry : 
		On exit  : 
		Unchanged: 
 Data sizes:     COMMON   BANK0   BANK1   BANK2   BANK3   BANK4   BANK5   BANK6   BANK7   BANK8   BANK9  BANK10  BANK11  BANK12
      Params:         0       0       0       0       0       0       0       0       0       0       0       0       0       0
      Locals:         0       0       0       0       0       0       0       0       0       0       0       0       0       0
      Temps:          0       0       0       0       0       0       0       0       0       0       0       0       0       0
      Totals:         0       0       0       0       0       0       0       0       0       0       0       0       0       0
Total ram usage:        0 bytes
 Hardware stack levels used:    1
 This function calls:
		Nothing
 This function is called by:
		_usb_service
 This function uses a non-reentrant model


 *************** function _app_out_transaction_callback *****************
 Defined at:
		line 158 in file "../main.c"
 Parameters:    Size  Location     Type
  endpoint        1    wreg     unsigned char 
 Auto vars:     Size  Location     Type
  endpoint        1    0[COMMON] unsigned char 
 Return value:  Size  Location     Type
                  1    wreg      void 
 Registers used:
		wreg
 Tracked objects:
		On entry : 
		On exit  : 
		Unchanged: 
 Data sizes:     COMMON   BANK0   BANK1   BANK2   BANK3   BANK4   BANK5   BANK6   BANK7   BANK8   BANK9  BANK10  BANK11  BANK12
      Params:         0       0       0       0       0       0       0       0       0       0       0       0       0       0
      Locals:         0       0       0       0       0       0       0       0       0       0       0       0       0       0
      Temps:          0       0       0       0       0       0       0       0       0       0       0       0       0       0
      Totals:         0       0       0       0       0       0       0       0       0       0       0       0       0       0
Total ram usage:        0 bytes
 Hardware stack levels used:    1
 This function calls:
		Nothing
 This function is called by:
		_usb_service
 This function uses a non-reentrant model


 *************** function _app_in_transaction_complete_callback *****************
 Defined at:
		line 163 in file "../main.c"
 Parameters:    Size  Location     Type
  endpoint        1    wreg     unsigned char 
 Auto vars:     Size  Location     Type
  endpoint        1    0[COMMON] unsigned char 
 Return value:  Size  Location     Type
                  1    wreg      void 
 Registers used:
		wreg
 Tracked objects:
		On entry : 
		On exit  : 
		Unchanged: 
 Data sizes:     COMMON   BANK0   BANK1   BANK2   BANK3   BANK4   BANK5   BANK6   BANK7   BANK8   BANK9  BANK10  BANK11  BANK12
      Params:         0       0       0       0       0       0       0       0       0       0       0       0       0       0
      Locals:         0       0       0       0       0       0       0       0       0       0       0       0       0       0
      Temps:          0       0       0       0       0       0       0       0       0       0       0       0       0       0
      Totals:         0       0       0       0       0       0       0       0       0       0       0       0       0       0
Total ram usage:        0 bytes
 Hardware stack levels used:    1
 This function calls:
		Nothing
 This function is called by:
		_usb_service
 This function uses a non-reentrant model



MODULE INFORMATION

Module		Function		Class		Link	Load	Size
../main.c
		_app_start_of_frame_callback		CODE           	11CE	0000	2
		_app_get_device_status_callback		CODE           	11E7	0000	5
		_app_get_idle_callback		CODE           	11D2	0000	4
		_app_set_idle_callback		CODE           	11D8	0000	4
		_main          		CODE           	0BB1	0000	532
		_app_in_transaction_complete_callback		CODE           	11CC	0000	2
		_app_unknown_get_descriptor_callback		CODE           	11EF	0000	7
		_app_usb_reset_callback		CODE           	0800	0000	2
		_app_get_protocol_callback		CODE           	11D5	0000	4
		_isr           		CODE           	0204	0000	16
		_app_set_configuration_callback		CODE           	0203	0000	2
		_app_set_protocol_callback		CODE           	11DB	0000	4
		_app_get_report_callback		CODE           	12D8	0000	25
		_app_endpoint_halt_callback		CODE           	0801	0000	2
		_app_set_report_callback		CODE           	11DE	0000	4
		_app_get_interface_callback		CODE           	11E1	0000	4
		_app_unknown_setup_request_callback		CODE           	1222	0000	11
		_get_report_callback		CODE           	11CF	0000	4
		_app_set_interface_callback		CODE           	11E4	0000	4
		_app_out_transaction_callback		CODE           	11CD	0000	2

../main.c estimated size: 640

C:\Program Files (x86)\Microchip\xc8\v1.36\sources\common\strlen.c
		_strlen        		CODE           	142A	0000	37

C:\Program Files (x86)\Microchip\xc8\v1.36\sources\common\strlen.c estimated size: 37

C:\Program Files (x86)\Microchip\xc8\v1.36\sources\common\Umul8.c
		___bmul        		CODE           	0802	0000	27

C:\Program Files (x86)\Microchip\xc8\v1.36\sources\common\Umul8.c estimated size: 27

C:\Program Files (x86)\Microchip\xc8\v1.36\sources\common\memset.c
		_memset        		CODE           	1382	0000	32

C:\Program Files (x86)\Microchip\xc8\v1.36\sources\common\memset.c estimated size: 32

../../../usb/src/usb_hid.c
		_process_hid_setup_request		CODE           	0DC4	0000	573

../../../usb/src/usb_hid.c estimated size: 573

../../../usb/src/usb.c
		_usb_halt_ep_in		CODE           	13A1	0000	35
		_usb_send_in_buffer		CODE           	1686	0000	117
		_stall_ep_in   		CODE           	144E	0000	49
		_stall_ep_out  		CODE           	1363	0000	32
		_usb_get_out_buffer		CODE           	1309	0000	30
		_init_endpoints		CODE           	0A81	0000	305
		_usb_in_endpoint_halted		CODE           	1286	0000	20
		_usb_service   		CODE           	05F4	0000	327
		_usb_get_configuration		CODE           	11EB	0000	5
		_usb_send_data_stage		CODE           	1344	0000	32
		_handle_standard_control_request		CODE           	023A	0000	955
		_usb_send_in_buffer_0		CODE           	147E	0000	56
		_reset_bd0_out 		CODE           	1206	0000	10
		_usb_init      		CODE           	16FA	0000	118
		_usb_out_endpoint_has_data		CODE           	1299	0000	21
		_usb_halt_ep_out		CODE           	13C3	0000	35
		_usb_arm_out_endpoint		CODE           	176F	0000	146
		_handle_ep0_in 		CODE           	08BB	0000	170
		_usb_in_endpoint_busy		CODE           	1273	0000	20
		_clear_ep0_stall		CODE           	11F5	0000	9
		_handle_ep0_setup		CODE           	1615	0000	114
		_pic16_linear_addr		CODE           	1556	0000	82
		_handle_ep0_out		CODE           	073A	0000	189
		_start_control_return		CODE           	081C	0000	160
		_usb_get_in_buffer		CODE           	12C2	0000	23
		_reset_ep0_data_stage		CODE           	07F6	0000	11
		_send_zero_length_packet_ep0		CODE           	11FD	0000	10
		_stall_ep0     		CODE           	122C	0000	12

../../../usb/src/usb.c estimated size: 3093

C:\Program Files (x86)\Microchip\xc8\v1.36\sources\common\Umul16.c
		___wmul        		CODE           	1407	0000	36

C:\Program Files (x86)\Microchip\xc8\v1.36\sources\common\Umul16.c estimated size: 36

shared
		_str00         		STRCODE        	10BA	0000	5
		i1_init_endpoints		CODE           	0964	0000	286
		_PRODUCT_REVISION		STRCODE        	10B6	0000	5
		_product_string		STRCODE        	105D	0000	25
		i1_usb_init    		CODE           	15A7	0000	111
		i1___wmul      		CODE           	13E5	0000	35
		_configuration_1		STRCODE        	1018	0000	42
		_custom_report_descriptor		STRCODE        	1041	0000	29
		_PRODUCT_NAME  		STRCODE        	109F	0000	13
		__initialization		CODE           	0215	0000	34
		_PRODUCT_SERIAL		STRCODE        	10AB	0000	8
		i1_usb_in_endpoint_halted		CODE           	1261	0000	19
		_vendor_string 		STRCODE        	1075	0000	25
		i1_pic16_linear_addr		CODE           	1505	0000	82
		i1___bmul      		CODE           	12F0	0000	26
		_interface_string		STRCODE        	0000	0000	0
		i1_memset      		CODE           	1326	0000	31
		_this_device_descriptor		STRCODE        	108D	0000	19
		i1_reset_ep0_data_stage		CODE           	1218	0000	11
		_FIRM_VERSION  		STRCODE        	10B2	0000	5

shared estimated size: 811

../../common/hardware.c
		_hardware_init 		CODE           	120F	0000	10

../../common/hardware.c estimated size: 10

../usb_descriptors.c
		_usb_application_get_string		CODE           	14B5	0000	81
		_usb_application_get_hid_descriptor		CODE           	1250	0000	18
		_usb_application_get_hid_report_descriptor		CODE           	1243	0000	14

../usb_descriptors.c estimated size: 113

