Microchip MPLAB XC8 Compiler V2.10 ()

Linker command line:

--edf=C:\Program Files (x86)\Microchip\xc8\v2.10\pic\dat\en_msgs.txt -cs \
  -h+dist/PIC16F1454/production\dmm.X.production.sym \
  --cmf=dist/PIC16F1454/production\dmm.X.production.cmf -z -Q16F1454 \
  -oC:\Users\ohama\AppData\Local\Temp\sc7s.2 \
  -Mdist/PIC16F1454/production/dmm.X.production.map -E1 -ver=XC8 \
  -ASTACK=02189h-023EFh -pstack=STACK -p_NVM_HIGH_VOLTAGE_SLOPE_text=1F92h \
  -pattribute@NVM_PRODUCT_SERIAL1_text=1FFCh \
  -p_NVM_HIGH_CURRENT_OFFSET_text=1F89h -p_NVM_PRODUCT_SERIAL0_text=1FF8h \
  -p_NVM_LOW_CURRENT_OFFSET_text=1F83h \
  -p_NVM_HIGH_VOLTAGE_OFFSET_text=1F95h \
  -p_NVM_LOW_VOLTAGE_OFFSET_text=1F8Fh -p_NVM_HIGH_CURRENT_SLOPE_text=1F86h \
  -p_NVM_PRODUCT_SERIAL1_text=1FFCh \
  -pattribute@NVM_PRODUCT_SERIAL0_text=1FF8h \
  -p_NVM_LOW_VOLTAGE_SLOPE_text=1F8Ch -p_NVM_LOW_CURRENT_SLOPE_text=1F80h \
  -ACODE=0200h-07FFh,0800h-0FFFhx2,01800h-01F7Eh -ASTRCODE=0200h-01F7Eh \
  -ASTRING=0200h-02FFhx29,01F00h-01F7Eh \
  -ACONST=0200h-02FFhx29,01F00h-01F7Eh -AENTRY=0200h-02FFhx29,01F00h-01F7Eh \
  -ACOMMON=070h-07Fh -ABANK0=020h-06Fh -ABANK1=0A0h-0EFh \
  -ABANK2=0120h-016Fh -ABANK3=01A0h-01EFh -ABANK4=0220h-026Fh \
  -ABANK5=02A0h-02EFh -ABANK6=0320h-036Fh -ABANK7=03A0h-03EFh \
  -ABANK8=0420h-046Fh -ABANK9=04A0h-04EFh -ABANK10=0520h-056Fh \
  -ABANK11=05A0h-05EFh -ABANK12=0620h-064Fh -ABIGRAM=02000h-023EFh \
  -ARAM=020h-06Fh,0A0h-0EFh,0120h-016Fh,01A0h-01EFh,0220h-026Fh,02A0h-02EFh,0320h-036Fh,03A0h-03EFh,0420h-046Fh,04A0h-04EFh,0520h-056Fh,05A0h-05EFh,0620h-064Fh \
  -AABS1=020h-07Fh,0A0h-0EFh,0120h-016Fh,01A0h-01EFh,0220h-026Fh,02A0h-02EFh,0320h-036Fh,03A0h-03EFh,0420h-046Fh,04A0h-04EFh,0520h-056Fh,05A0h-05EFh,0620h-064Fh \
  -ASFR0=00h-01Fh -ASFR1=080h-09Fh -ASFR2=0100h-011Fh -ASFR3=0180h-019Fh \
  -ASFR4=0200h-021Fh -ASFR5=0280h-029Fh -ASFR6=0300h-031Fh \
  -ASFR7=0380h-039Fh -ASFR8=0400h-041Fh -ASFR9=0480h-049Fh \
  -ASFR10=0500h-051Fh -ASFR11=0580h-059Fh -ASFR12=0600h-061Fh \
  -ASFR13=0680h-06EFh -ASFR14=0700h-076Fh -ASFR15=0780h-07EFh \
  -ASFR16=0800h-086Fh -ASFR17=0880h-08EFh -ASFR18=0900h-096Fh \
  -ASFR19=0980h-09EFh -ASFR20=0A00h-0A6Fh -ASFR21=0A80h-0AEFh \
  -ASFR22=0B00h-0B6Fh -ASFR23=0B80h-0BEFh -ASFR24=0C00h-0C6Fh \
  -ASFR25=0C80h-0CEFh -ASFR26=0D00h-0D6Fh -ASFR27=0D80h-0DEFh \
  -ASFR28=0E00h-0E6Fh -ASFR29=0E80h-0EEFh -ASFR30=0F00h-0F6Fh \
  -ASFR31=0F80h-0FEFh -preset_vec=0200h,intentry=0204h,init,end_init \
  -ppowerup=CODE -pcinit=CODE -pfunctab=ENTRY -ACONFIG=08007h-08008h \
  -pconfig=CONFIG -DCONFIG=2 -AIDLOC=08000h-08003h -pidloc=IDLOC -DIDLOC=2 \
  -DCODE=2 -DSTRCODE=2 -DSTRING=2 -DCONST=2 -DENTRY=2 -k \
  C:\Users\ohama\AppData\Local\Temp\sc7s.obj \
  dist/PIC16F1454/production\dmm.X.production.obj 

Object code version is 3.11

Machine type is 16F1454



                Name                               Link     Load   Length Selector   Space Scale
C:\Users\ohama\AppData\Local\Temp\sc7s.obj
                end_init                            20A      20A        2      408       0
                reset_vec                           200      200        3      400       0
                config                             8007     8007        2    1000E       0
dist/PIC16F1454/production\dmm.X.production.obj
                cinit                               20C      20C       3D      408       0
                intentry                            204      204        6      408       0
                text80                             1D47     1D47        1     3A8E       0
                text79                             1D48     1D48        1     3A90       0
                text78                             1D49     1D49        1     3A92       0
                text77                             1D4A     1D4A        1     3A94       0
                text76                             1D4B     1D4B        2     3A96       0
                text75                             1E78     1E78       1B     3CF0       0
                text74                             1E93     1E93       1B     3D26       0
                text73                             1077     1077       29     20EE       0
                text72                             1DB5     1DB5        B     3B6A       0
                text71                             14E2     14E2       8E     29C4       0
                text70                             1D8B     1D8B        8     3B16       0
                text69                             1DAB     1DAB        A     3B56       0
                text68                             1570     1570       98     2AE0       0
                text67                             1D4D     1D4D        2     3A9A       0
                text66                             1D4F     1D4F        2     3A9E       0
                text65                             1E32     1E32       17     3C64       0
                text64                             1D51     1D51        2     3AA2       0
                text63                             1D53     1D53        2     3AA6       0
                text62                             1D55     1D55        2     3AAA       0
                text61                             1DFE     1DFE       10     3BFC       0
                text60                             1DCB     1DCB        C     3B96       0
                text59                             1456     1456       8C     28AC       0
                text58                             1EE4     1EE4       1D     3DC8       0
                text57                              E32      E32      1CE     1C64       0
                text56                             1D7D     1D7D        7     3AFA       0
                text55                             1D84     1D84        7     3B08       0
                text54                              203      203        1      400       0
                text53                             1D5D     1D5D        3     3ABA       0
                text52                             1D57     1D57        2     3AAE       0
                text51                              7FF      7FF        1      408       0
                text50                             1D59     1D59        2     3AB2       0
                text49                             1D63     1D63        5     3AC6       0
                text48                             10FF     10FF       32     21FE       0
                text47                             1131     1131       38     2262       0
                text46                             1029     1029       26     2052       0
                text45                             1F01     1F01       1D     3E02       0
                text44                             1F5A     1F5A       25     3EB4       0
                text43                             1E60     1E60       18     3CC0       0
                text42                             11A6     11A6       4D     234C       0
                text41                              B76      B76      140     16EC       0
                text40                              249      249      344      408       0
                text39                             11F3     11F3       5B     23E6       0
                text38                             1D93     1D93        8     3B26       0
                text37                             12AA     12AA       5F     2554       0
                text36                              944      944      10A     1288       0
                text34                             1D77     1D77        6     3AEE       0
                text33                             1D9B     1D9B        8     3B36       0
                text32                             1DA3     1DA3        8     3B46       0
                text31                             1D68     1D68        5     3AD0       0
                text30                             1D6D     1D6D        5     3ADA       0
                text29                             1EAE     1EAE       1B     3D5C       0
                text28                             1DE3     1DE3        D     3BC6       0
                text27                              809      809       65     1012       0
                text26                             136A     136A       64     26D4       0
                text25                             10CF     10CF       30     219E       0
                text24                              A4E      A4E      128     149C       0
                text23                             1608     1608       A8     2C10       0
                text22                             1F1E     1F1E       1E     3E3C       0
                text21                             1000     1000        4     1C64       0
                text20                             1169     1169       3D     22D2       0
                text19                             1F3C     1F3C       1E     3E78       0
                text18                             16B0     16B0       A8     2D60       0
                text17                             1758     1758       A8     2EB0       0
                text16                              800      800        9     1000       0
                text15                             1E49     1E49       17     3C92       0
                text14                             1EC9     1EC9       1B     3D92       0
                text13                              86E      86E       D6     10DC       0
                text12                             1D60     1D60        3     3AC0       0
                text11                             104F     104F       28     209E       0
                text10                             10A0     10A0       2F     2140       0
                text9                              1E0E     1E0E       11     3C1C       0
                text8                               7E7      7E7       18      408       0
                text7                              124E     124E       5C     249C       0
                text6                               CB6      CB6      17C     196C       0
                text5                              1DC0     1DC0        B     3B80       0
                text4                              1309     1309       61     2612       0
                text3                              1E1F     1E1F       13     3C3E       0
                text2                              1004     1004       25     2008       0
                text1                              13CE     13CE       88     279C       0
                maintext                            58D      58D      25A      408       0
                cstackBANK0                          30       30       3E       30       1
                cstackCOMMON                         70       70        E       70       1
                cstackBANK1                          A0       A0       16       A0       1
                cstackBANK3                         1C0      1C0       2A      1C0       1
                cstackBANK4                         220      220       20      220       1
                inittext                           1DD7     1DD7        C     3BAE       0
                dataBANK4                           258      258        E      220       1
                bssBANK4                            266      266        3      220       1
                dataBANK3                           1EA      1EA        5      1C0       1
                bssBANK3                            1EF      1EF        1      1C0       1
                dataBANK1                            C1       C1        2       A0       1
                bssBANK1                             B6       B6        B       A0       1
                bssBANK0                             6E       6E        2       30       1
                nvBANK4                             240      240       18      220       1
                _NVM_LOW_CURRENT_SLOPE_text        1F80     1F80        3     3F00       0
                _NVM_LOW_CURRENT_OFFSET_text       1F83     1F83        3     3F06       0
                _NVM_HIGH_CURRENT_SLOPE_text       1F86     1F86        3     3F0C       0
                _NVM_HIGH_CURRENT_OFFSET_text      1F89     1F89        3     3F12       0
                _NVM_LOW_VOLTAGE_SLOPE_text        1F8C     1F8C        3     3F18       0
                _NVM_LOW_VOLTAGE_OFFSET_text       1F8F     1F8F        3     3F1E       0
                _NVM_HIGH_VOLTAGE_SLOPE_text       1F92     1F92        3     3F24       0
                _NVM_HIGH_VOLTAGE_OFFSET_text      1F95     1F95        3     3F2A       0
                _NVM_PRODUCT_SERIAL0_text          1FF8     1FF8        4     3FF0       0
                _NVM_PRODUCT_SERIAL1_text          1FFC     1FFC        4     3FF8       0
                attribute@NVM_PRODUCT_SERIAL0_     18B9     18B9        4     3000       0
                attribute@NVM_PRODUCT_SERIAL1_     18B5     18B5        4     3000       0
                stringtext11                       18B1     18B1        4     3000       0
                stringtext10                       18AD     18AD        4     3000       0
                stringtext9                        18A4     18A4        5     3000       0
                stringtext8                        188D     188D       12     3000       0
                stringtext7                        1875     1875       18     3000       0
                stringtext6                        185D     185D       18     3000       0
                stringtext5                        1829     1829       1C     3000       0
                stringtext4                        1800     1800       29     3000       0
                stringtext3                        18A9     18A9        4     3000       0
                stringtext2                        189F     189F        5     3000       0
                stringtext1                        1845     1845       18     3000       0
                idataBANK4                         1DF0     1DF0        E     3BE0       0
                idataBANK3                         1D72     1D72        5     3AE4       0
                idataBANK1                         1D5B     1D5B        2     3AB6       0

TOTAL           Name                               Link     Load   Length     Space
        CLASS   STACK          

        CLASS   CODE           
                end_init                            20A      20A        2         0
                cinit                               20C      20C       3D         0
                intentry                            204      204        6         0
                reset_vec                           200      200        3         0
                text80                             1D47     1D47        1         0
                text79                             1D48     1D48        1         0
                text78                             1D49     1D49        1         0
                text77                             1D4A     1D4A        1         0
                text76                             1D4B     1D4B        2         0
                text75                             1E78     1E78       1B         0
                text74                             1E93     1E93       1B         0
                text73                             1077     1077       29         0
                text72                             1DB5     1DB5        B         0
                text71                             14E2     14E2       8E         0
                text70                             1D8B     1D8B        8         0
                text69                             1DAB     1DAB        A         0
                text68                             1570     1570       98         0
                text67                             1D4D     1D4D        2         0
                text66                             1D4F     1D4F        2         0
                text65                             1E32     1E32       17         0
                text64                             1D51     1D51        2         0
                text63                             1D53     1D53        2         0
                text62                             1D55     1D55        2         0
                text61                             1DFE     1DFE       10         0
                text60                             1DCB     1DCB        C         0
                text59                             1456     1456       8C         0
                text58                             1EE4     1EE4       1D         0
                text57                              E32      E32      1CE         0
                text56                             1D7D     1D7D        7         0
                text55                             1D84     1D84        7         0
                text54                              203      203        1         0
                text53                             1D5D     1D5D        3         0
                text52                             1D57     1D57        2         0
                text51                              7FF      7FF        1         0
                text50                             1D59     1D59        2         0
                text49                             1D63     1D63        5         0
                text48                             10FF     10FF       32         0
                text47                             1131     1131       38         0
                text46                             1029     1029       26         0
                text45                             1F01     1F01       1D         0
                text44                             1F5A     1F5A       25         0
                text43                             1E60     1E60       18         0
                text42                             11A6     11A6       4D         0
                text41                              B76      B76      140         0
                text40                              249      249      344         0
                text39                             11F3     11F3       5B         0
                text38                             1D93     1D93        8         0
                text37                             12AA     12AA       5F         0
                text36                              944      944      10A         0
                text34                             1D77     1D77        6         0
                text33                             1D9B     1D9B        8         0
                text32                             1DA3     1DA3        8         0
                text31                             1D68     1D68        5         0
                text30                             1D6D     1D6D        5         0
                text29                             1EAE     1EAE       1B         0
                text28                             1DE3     1DE3        D         0
                text27                              809      809       65         0
                text26                             136A     136A       64         0
                text25                             10CF     10CF       30         0
                text24                              A4E      A4E      128         0
                text23                             1608     1608       A8         0
                text22                             1F1E     1F1E       1E         0
                text21                             1000     1000        4         0
                text20                             1169     1169       3D         0
                text19                             1F3C     1F3C       1E         0
                text18                             16B0     16B0       A8         0
                text17                             1758     1758       A8         0
                text16                              800      800        9         0
                text15                             1E49     1E49       17         0
                text14                             1EC9     1EC9       1B         0
                text13                              86E      86E       D6         0
                text12                             1D60     1D60        3         0
                text11                             104F     104F       28         0
                text10                             10A0     10A0       2F         0
                text9                              1E0E     1E0E       11         0
                text8                               7E7      7E7       18         0
                text7                              124E     124E       5C         0
                text6                               CB6      CB6      17C         0
                text5                              1DC0     1DC0        B         0
                text4                              1309     1309       61         0
                text3                              1E1F     1E1F       13         0
                text2                              1004     1004       25         0
                text1                              13CE     13CE       88         0
                maintext                            58D      58D      25A         0
                inittext                           1DD7     1DD7        C         0
                idataBANK4                         1DF0     1DF0        E         0
                idataBANK3                         1D72     1D72        5         0
                idataBANK1                         1D5B     1D5B        2         0

        CLASS   STRCODE        
                _NVM_LOW_CURRENT_SLOPE_text        1F80     1F80        3         0
                _NVM_LOW_CURRENT_OFFSET_text       1F83     1F83        3         0
                _NVM_HIGH_CURRENT_SLOPE_text       1F86     1F86        3         0
                _NVM_HIGH_CURRENT_OFFSET_text      1F89     1F89        3         0
                _NVM_LOW_VOLTAGE_SLOPE_text        1F8C     1F8C        3         0
                _NVM_LOW_VOLTAGE_OFFSET_text       1F8F     1F8F        3         0
                _NVM_HIGH_VOLTAGE_SLOPE_text       1F92     1F92        3         0
                _NVM_HIGH_VOLTAGE_OFFSET_text      1F95     1F95        3         0
                _NVM_PRODUCT_SERIAL0_text          1FF8     1FF8        4         0
                _NVM_PRODUCT_SERIAL1_text          1FFC     1FFC        4         0
                attribute@NVM_PRODUCT_SERIAL0_     18B9     18B9        4         0
                attribute@NVM_PRODUCT_SERIAL1_     18B5     18B5        4         0
                stringtext11                       18B1     18B1        4         0
                stringtext10                       18AD     18AD        4         0
                stringtext9                        18A4     18A4        5         0
                stringtext8                        188D     188D       12         0
                stringtext7                        1875     1875       18         0
                stringtext6                        185D     185D       18         0
                stringtext5                        1829     1829       1C         0
                stringtext4                        1800     1800       29         0
                stringtext3                        18A9     18A9        4         0
                stringtext2                        189F     189F        5         0
                stringtext1                        1845     1845       18         0

        CLASS   STRING         

        CLASS   CONST          

        CLASS   ENTRY          

        CLASS   COMMON         
                cstackCOMMON                         70       70        E         1

        CLASS   BANK0          
                cstackBANK0                          30       30       3E         1
                bssBANK0                             6E       6E        2         1

        CLASS   BANK1          
                cstackBANK1                          A0       A0       16         1
                dataBANK1                            C1       C1        2         1
                bssBANK1                             B6       B6        B         1

        CLASS   BANK2          

        CLASS   BANK3          
                cstackBANK3                         1C0      1C0       2A         1
                dataBANK3                           1EA      1EA        5         1
                bssBANK3                            1EF      1EF        1         1

        CLASS   BANK4          
                cstackBANK4                         220      220       20         1
                dataBANK4                           258      258        E         1
                bssBANK4                            266      266        3         1
                nvBANK4                             240      240       18         1

        CLASS   BANK5          

        CLASS   BANK6          

        CLASS   BANK7          

        CLASS   BANK8          

        CLASS   BANK9          

        CLASS   BANK10         

        CLASS   BANK11         

        CLASS   BANK12         

        CLASS   BIGRAM         

        CLASS   RAM            

        CLASS   ABS1           
                abs_s1                               20       20       10         1
                abs_s1                               7E       7E        2         1
                abs_s1                               D0       D0       20         1
                abs_s1                              120      120       50         1
                abs_s1                              1A0      1A0       20         1

        CLASS   SFR0           

        CLASS   SFR1           

        CLASS   SFR2           

        CLASS   SFR3           

        CLASS   SFR4           

        CLASS   SFR5           

        CLASS   SFR6           

        CLASS   SFR7           

        CLASS   SFR8           

        CLASS   SFR9           

        CLASS   SFR10          

        CLASS   SFR11          

        CLASS   SFR12          

        CLASS   SFR13          

        CLASS   SFR14          

        CLASS   SFR15          

        CLASS   SFR16          

        CLASS   SFR17          

        CLASS   SFR18          

        CLASS   SFR19          

        CLASS   SFR20          

        CLASS   SFR21          

        CLASS   SFR22          

        CLASS   SFR23          

        CLASS   SFR24          

        CLASS   SFR25          

        CLASS   SFR26          

        CLASS   SFR27          

        CLASS   SFR28          

        CLASS   SFR29          

        CLASS   SFR30          

        CLASS   SFR31          

        CLASS   CONFIG         
                config                             8007     8007        2         0

        CLASS   IDLOC          

        CLASS   BANK31         

        CLASS   BANK30         

        CLASS   BANK29         

        CLASS   BANK28         

        CLASS   BANK27         

        CLASS   BANK26         

        CLASS   BANK25         

        CLASS   BANK24         

        CLASS   BANK23         

        CLASS   BANK22         

        CLASS   BANK21         

        CLASS   BANK20         

        CLASS   BANK19         

        CLASS   BANK18         

        CLASS   BANK17         

        CLASS   BANK16         

        CLASS   BANK15         

        CLASS   BANK14         

        CLASS   BANK13         

        CLASS   EEDATA         



SEGMENTS        Name                           Load    Length   Top    Selector   Space  Class     Delta

                cstackBANK0                    000030  000040  000070        30       1  BANK0       1
                cstackCOMMON                   000070  00000E  00007E        70       1  COMMON      1
                cstackBANK1                    0000A0  000023  0000C3        A0       1  BANK1       1
                cstackBANK3                    0001C0  000030  0001F0       1C0       1  BANK3       1
                cstackBANK4                    000220  000049  000269       220       1  BANK4       1
                reset_vec                      000200  000004  000204       400       0  CODE        2
                intentry                       000204  0005FC  000800       408       0  CODE        2
                text16                         000800  000009  000809      1000       0  CODE        2
                text27                         000809  000065  00086E      1012       0  CODE        2
                text13                         00086E  0000D6  000944      10DC       0  CODE        2
                text36                         000944  00010A  000A4E      1288       0  CODE        2
                text24                         000A4E  000128  000B76      149C       0  CODE        2
                text41                         000B76  000140  000CB6      16EC       0  CODE        2
                text6                          000CB6  00017C  000E32      196C       0  CODE        2
                text57                         000E32  0001D2  001004      1C64       0  CODE        2
                text2                          001004  000025  001029      2008       0  CODE        2
                text46                         001029  000026  00104F      2052       0  CODE        2
                text11                         00104F  000028  001077      209E       0  CODE        2
                text73                         001077  000029  0010A0      20EE       0  CODE        2
                text10                         0010A0  00002F  0010CF      2140       0  CODE        2
                text25                         0010CF  000030  0010FF      219E       0  CODE        2
                text48                         0010FF  000032  001131      21FE       0  CODE        2
                text47                         001131  000038  001169      2262       0  CODE        2
                text20                         001169  00003D  0011A6      22D2       0  CODE        2
                text42                         0011A6  00004D  0011F3      234C       0  CODE        2
                text39                         0011F3  00005B  00124E      23E6       0  CODE        2
                text7                          00124E  00005C  0012AA      249C       0  CODE        2
                text37                         0012AA  00005F  001309      2554       0  CODE        2
                text4                          001309  000061  00136A      2612       0  CODE        2
                text26                         00136A  000064  0013CE      26D4       0  CODE        2
                text1                          0013CE  000088  001456      279C       0  CODE        2
                text59                         001456  00008C  0014E2      28AC       0  CODE        2
                text71                         0014E2  00008E  001570      29C4       0  CODE        2
                text68                         001570  000098  001608      2AE0       0  CODE        2
                text23                         001608  0000A8  0016B0      2C10       0  CODE        2
                text18                         0016B0  0000A8  001758      2D60       0  CODE        2
                text17                         001758  0000A8  001800      2EB0       0  CODE        2
                stringtext4                    001800  0000BD  0018BD      3000       0  STRCODE     2
                text80                         001D47  000001  001D48      3A8E       0  CODE        2
                text79                         001D48  000001  001D49      3A90       0  CODE        2
                text78                         001D49  000001  001D4A      3A92       0  CODE        2
                text77                         001D4A  000001  001D4B      3A94       0  CODE        2
                text76                         001D4B  000002  001D4D      3A96       0  CODE        2
                text67                         001D4D  000002  001D4F      3A9A       0  CODE        2
                text66                         001D4F  000002  001D51      3A9E       0  CODE        2
                text64                         001D51  000002  001D53      3AA2       0  CODE        2
                text63                         001D53  000002  001D55      3AA6       0  CODE        2
                text62                         001D55  000002  001D57      3AAA       0  CODE        2
                text52                         001D57  000002  001D59      3AAE       0  CODE        2
                text50                         001D59  000002  001D5B      3AB2       0  CODE        2
                idataBANK1                     001D5B  000002  001D5D      3AB6       0  CODE        2
                text53                         001D5D  000003  001D60      3ABA       0  CODE        2
                text12                         001D60  000003  001D63      3AC0       0  CODE        2
                text49                         001D63  000005  001D68      3AC6       0  CODE        2
                text31                         001D68  000005  001D6D      3AD0       0  CODE        2
                text30                         001D6D  000005  001D72      3ADA       0  CODE        2
                idataBANK3                     001D72  000005  001D77      3AE4       0  CODE        2
                text34                         001D77  000006  001D7D      3AEE       0  CODE        2
                text56                         001D7D  000007  001D84      3AFA       0  CODE        2
                text55                         001D84  000007  001D8B      3B08       0  CODE        2
                text70                         001D8B  000008  001D93      3B16       0  CODE        2
                text38                         001D93  000008  001D9B      3B26       0  CODE        2
                text33                         001D9B  000008  001DA3      3B36       0  CODE        2
                text32                         001DA3  000008  001DAB      3B46       0  CODE        2
                text69                         001DAB  00000A  001DB5      3B56       0  CODE        2
                text72                         001DB5  00000B  001DC0      3B6A       0  CODE        2
                text5                          001DC0  00000B  001DCB      3B80       0  CODE        2
                text60                         001DCB  00000C  001DD7      3B96       0  CODE        2
                inittext                       001DD7  00000C  001DE3      3BAE       0  CODE        2
                text28                         001DE3  00000D  001DF0      3BC6       0  CODE        2
                idataBANK4                     001DF0  00000E  001DFE      3BE0       0  CODE        2
                text61                         001DFE  000010  001E0E      3BFC       0  CODE        2
                text9                          001E0E  000011  001E1F      3C1C       0  CODE        2
                text3                          001E1F  000013  001E32      3C3E       0  CODE        2
                text65                         001E32  000017  001E49      3C64       0  CODE        2
                text15                         001E49  000017  001E60      3C92       0  CODE        2
                text43                         001E60  000018  001E78      3CC0       0  CODE        2
                text75                         001E78  00001B  001E93      3CF0       0  CODE        2
                text74                         001E93  00001B  001EAE      3D26       0  CODE        2
                text29                         001EAE  00001B  001EC9      3D5C       0  CODE        2
                text14                         001EC9  00001B  001EE4      3D92       0  CODE        2
                text58                         001EE4  00001D  001F01      3DC8       0  CODE        2
                text45                         001F01  00001D  001F1E      3E02       0  CODE        2
                text22                         001F1E  00001E  001F3C      3E3C       0  CODE        2
                text19                         001F3C  00001E  001F5A      3E78       0  CODE        2
                text44                         001F5A  000025  001F7F      3EB4       0  CODE        2
                _NVM_LOW_CURRENT_SLOPE_text    001F80  000003  001F83      3F00       0  STRCODE     2
                _NVM_LOW_CURRENT_OFFSET_text   001F83  000003  001F86      3F06       0  STRCODE     2
                _NVM_HIGH_CURRENT_SLOPE_text   001F86  000003  001F89      3F0C       0  STRCODE     2
                _NVM_HIGH_CURRENT_OFFSET_text  001F89  000003  001F8C      3F12       0  STRCODE     2
                _NVM_LOW_VOLTAGE_SLOPE_text    001F8C  000003  001F8F      3F18       0  STRCODE     2
                _NVM_LOW_VOLTAGE_OFFSET_text   001F8F  000003  001F92      3F1E       0  STRCODE     2
                _NVM_HIGH_VOLTAGE_SLOPE_text   001F92  000003  001F95      3F24       0  STRCODE     2
                _NVM_HIGH_VOLTAGE_OFFSET_text  001F95  000003  001F98      3F2A       0  STRCODE     2
                _NVM_PRODUCT_SERIAL0_text      001FF8  000004  001FFC      3FF0       0  STRCODE     2
                _NVM_PRODUCT_SERIAL1_text      001FFC  000004  002000      3FF8       0  STRCODE     2
                config                         008007  000002  008009     1000E       0  CONFIG      2


UNUSED ADDRESS RANGES

        Name                Unused          Largest block    Delta
        BANK1            000C3-000CF               D           1
        BANK10           00520-0056F              50           1
        BANK11           005A0-005EF              50           1
        BANK12           00620-0064F              30           1
        BANK4            00269-0026F               7           1
        BANK5            002A0-002EF              50           1
        BANK6            00320-0036F              50           1
        BANK7            003A0-003EF              50           1
        BANK8            00420-0046F              50           1
        BANK9            004A0-004EF              50           1
        BIGRAM           02000-023EF             3F0           1
        CODE             018BD-01D46             48A           2
        CONST            018BD-01D46             100           2
        ENTRY            018BD-01D46             100           2
        IDLOC            08000-08003               4           2
        RAM              000C3-000CF               D           1
                         00269-0026F               7
                         002A0-002EF              50
                         00320-0036F              50
                         003A0-003EF              50
                         00420-0046F              50
                         004A0-004EF              50
                         00520-0056F              50
                         005A0-005EF              50
                         00620-0064F              30
        SFR0             00000-0001F              20           1
        SFR1             00080-0009F              20           1
        SFR10            00500-0051F              20           1
        SFR11            00580-0059F              20           1
        SFR12            00600-0061F              20           1
        SFR13            00680-006EF              70           1
        SFR14            00700-0076F              70           1
        SFR15            00780-007EF              70           1
        SFR16            00800-0086F              70           1
        SFR17            00880-008EF              70           1
        SFR18            00900-0096F              70           1
        SFR19            00980-009EF              70           1
        SFR2             00100-0011F              20           1
        SFR20            00A00-00A6F              70           1
        SFR21            00A80-00AEF              70           1
        SFR22            00B00-00B6F              70           1
        SFR23            00B80-00BEF              70           1
        SFR24            00C00-00C6F              70           1
        SFR25            00C80-00CEF              70           1
        SFR26            00D00-00D6F              70           1
        SFR27            00D80-00DEF              70           1
        SFR28            00E00-00E6F              70           1
        SFR29            00E80-00EEF              70           1
        SFR3             00180-0019F              20           1
        SFR30            00F00-00F6F              70           1
        SFR31            00F80-00FEF              70           1
        SFR4             00200-0021F              20           1
        SFR5             00280-0029F              20           1
        SFR6             00300-0031F              20           1
        SFR7             00380-0039F              20           1
        SFR8             00400-0041F              20           1
        SFR9             00480-0049F              20           1
        STACK            02189-023EF             267           1
        STRCODE          018BD-01D46             48A           2
        STRING           018BD-01D46             100           2

                                  Symbol Table

?___awtoft                                          cstackBANK3                        001CA
?___ftadd                                           cstackBANK3                        001DF
?___ftmul                                           cstackBANK3                        001CF
?___ftpack                                          cstackBANK1                        000AD
?___wmul                                            cstackBANK1                        000AD
?_app_get_device_status_callback                    cstackCOMMON                       00070
?_app_get_report_callback                           cstackCOMMON                       00070
?_app_unknown_get_descriptor_callback               cstackCOMMON                       00070
?_get_current                                       cstackBANK4                        00223
?_get_shunt_voltage                                 cstackBANK3                        001C3
?_get_voltage                                       cstackBANK4                        00223
?_i2c_reg_read                                      cstackBANK1                        000B0
?_pic16_linear_addr                                 cstackBANK1                        000B3
?_strlen                                            cstackBANK1                        000AD
?_usb_application_get_hid_descriptor                cstackCOMMON                       00070
?_usb_application_get_hid_report_descriptor         cstackCOMMON                       00070
?_usb_application_get_string                        cstackCOMMON                       00070
?_usb_get_in_buffer                                 cstackBANK1                        000A6
?i1___wmul                                          cstackCOMMON                       00070
?i1_pic16_linear_addr                               cstackCOMMON                       00076
_ACTCONbits                                         (abs)                              0039B
_ANSELC                                             (abs)                              0018E
_FIRM_VERSION                                       stringtext10                       018AD
_INTCONbits                                         (abs)                              0000B
_LATC                                               (abs)                              0010E
_NVM_HIGH_CURRENT_OFFSET                            _NVM_HIGH_CURRENT_OFFSET_text      01F89
_NVM_HIGH_CURRENT_OFFSET_absaddr                    (abs)                              01F89
_NVM_HIGH_CURRENT_SLOPE                             _NVM_HIGH_CURRENT_SLOPE_text       01F86
_NVM_HIGH_CURRENT_SLOPE_absaddr                     (abs)                              01F86
_NVM_HIGH_VOLTAGE_OFFSET                            _NVM_HIGH_VOLTAGE_OFFSET_text      01F95
_NVM_HIGH_VOLTAGE_OFFSET_absaddr                    (abs)                              01F95
_NVM_HIGH_VOLTAGE_SLOPE                             _NVM_HIGH_VOLTAGE_SLOPE_text       01F92
_NVM_HIGH_VOLTAGE_SLOPE_absaddr                     (abs)                              01F92
_NVM_LOW_CURRENT_OFFSET                             _NVM_LOW_CURRENT_OFFSET_text       01F83
_NVM_LOW_CURRENT_OFFSET_absaddr                     (abs)                              01F83
_NVM_LOW_CURRENT_SLOPE                              _NVM_LOW_CURRENT_SLOPE_text        01F80
_NVM_LOW_CURRENT_SLOPE_absaddr                      (abs)                              01F80
_NVM_LOW_VOLTAGE_OFFSET                             _NVM_LOW_VOLTAGE_OFFSET_text       01F8F
_NVM_LOW_VOLTAGE_OFFSET_absaddr                     (abs)                              01F8F
_NVM_LOW_VOLTAGE_SLOPE                              _NVM_LOW_VOLTAGE_SLOPE_text        01F8C
_NVM_LOW_VOLTAGE_SLOPE_absaddr                      (abs)                              01F8C
_NVM_PRODUCT_SERIAL0                                _NVM_PRODUCT_SERIAL0_text          01FF8
_NVM_PRODUCT_SERIAL0_absaddr                        (abs)                              01FF8
_NVM_PRODUCT_SERIAL1                                _NVM_PRODUCT_SERIAL1_text          01FFC
_NVM_PRODUCT_SERIAL1_absaddr                        (abs)                              01FFC
_OPTION_REGbits                                     (abs)                              00095
_OSCCONbits                                         (abs)                              00099
_PIE2bits                                           (abs)                              00092
_PIR2bits                                           (abs)                              00012
_PORTC                                              (abs)                              0000E
_PORTCbits                                          (abs)                              0000E
_PRODUCT_NAME                                       stringtext9                        018A4
_SSP1ADD                                            (abs)                              00212
_SSP1BUF                                            (abs)                              00211
_SSP1CON1                                           (abs)                              00215
_SSP1CON2                                           (abs)                              00216
_SSP1CON2bits                                       (abs)                              00216
_SSP1STAT                                           (abs)                              00214
_SSP1STATbits                                       (abs)                              00214
_TRISC                                              (abs)                              0008E
_UADDR                                              (abs)                              00E96
_UCFGbits                                           (abs)                              00E91
_UCONbits                                           (abs)                              00E8E
_UEIE                                               (abs)                              00E97
_UEP0                                               (abs)                              00E98
_UIE                                                (abs)                              00E92
_UIEbits                                            (abs)                              00E92
_UIR                                                (abs)                              00E90
_UIRbits                                            (abs)                              00E90
_USTATbits                                          (abs)                              00E8F
_WPUA                                               (abs)                              0020C
__CFG_BOREN$ON                                      (abs)                              00000
__CFG_BORV$LO                                       (abs)                              00000
__CFG_CLKOUTEN$OFF                                  (abs)                              00000
__CFG_CP$OFF                                        (abs)                              00000
__CFG_CPUDIV$NOCLKDIV                               (abs)                              00000
__CFG_FCMEN$OFF                                     (abs)                              00000
__CFG_FOSC$INTOSC                                   (abs)                              00000
__CFG_IESO$OFF                                      (abs)                              00000
__CFG_LPBOR$ON                                      (abs)                              00000
__CFG_LVP$OFF                                       (abs)                              00000
__CFG_MCLRE$ON                                      (abs)                              00000
__CFG_PLLEN$ENABLED                                 (abs)                              00000
__CFG_PLLMULT$3x                                    (abs)                              00000
__CFG_PWRTE$OFF                                     (abs)                              00000
__CFG_STVREN$ON                                     (abs)                              00000
__CFG_USBLSCLK$48MHz                                (abs)                              00000
__CFG_WDTE$OFF                                      (abs)                              00000
__CFG_WRT$OFF                                       (abs)                              00000
__H_NVM_HIGH_CURRENT_OFFSET_text                    _NVM_HIGH_CURRENT_OFFSET_text      01F8C
__H_NVM_HIGH_CURRENT_SLOPE_text                     _NVM_HIGH_CURRENT_SLOPE_text       01F89
__H_NVM_HIGH_VOLTAGE_OFFSET_text                    _NVM_HIGH_VOLTAGE_OFFSET_text      01F98
__H_NVM_HIGH_VOLTAGE_SLOPE_text                     _NVM_HIGH_VOLTAGE_SLOPE_text       01F95
__H_NVM_LOW_CURRENT_OFFSET_text                     _NVM_LOW_CURRENT_OFFSET_text       01F86
__H_NVM_LOW_CURRENT_SLOPE_text                      _NVM_LOW_CURRENT_SLOPE_text        01F83
__H_NVM_LOW_VOLTAGE_OFFSET_text                     _NVM_LOW_VOLTAGE_OFFSET_text       01F92
__H_NVM_LOW_VOLTAGE_SLOPE_text                      _NVM_LOW_VOLTAGE_SLOPE_text        01F8F
__H_NVM_PRODUCT_SERIAL0_text                        _NVM_PRODUCT_SERIAL0_text          01FFC
__H_NVM_PRODUCT_SERIAL1_text                        _NVM_PRODUCT_SERIAL1_text          02000
__Habs1                                             abs1                               00000
__Hattribute@NVM_PRODUCT_SERIAL0_text               attribute@NVM_PRODUCT_SERIAL0_text 01FF8
__Hattribute@NVM_PRODUCT_SERIAL1_text               attribute@NVM_PRODUCT_SERIAL1_text 01FFC
__Hbank0                                            bank0                              00000
__Hbank1                                            bank1                              00000
__Hbank10                                           bank10                             00000
__Hbank11                                           bank11                             00000
__Hbank12                                           bank12                             00000
__Hbank13                                           bank13                             00000
__Hbank14                                           bank14                             00000
__Hbank15                                           bank15                             00000
__Hbank16                                           bank16                             00000
__Hbank17                                           bank17                             00000
__Hbank18                                           bank18                             00000
__Hbank19                                           bank19                             00000
__Hbank2                                            bank2                              00000
__Hbank20                                           bank20                             00000
__Hbank21                                           bank21                             00000
__Hbank22                                           bank22                             00000
__Hbank23                                           bank23                             00000
__Hbank24                                           bank24                             00000
__Hbank25                                           bank25                             00000
__Hbank26                                           bank26                             00000
__Hbank27                                           bank27                             00000
__Hbank28                                           bank28                             00000
__Hbank29                                           bank29                             00000
__Hbank3                                            bank3                              00000
__Hbank30                                           bank30                             00000
__Hbank31                                           bank31                             00000
__Hbank4                                            bank4                              00000
__Hbank5                                            bank5                              00000
__Hbank6                                            bank6                              00000
__Hbank7                                            bank7                              00000
__Hbank8                                            bank8                              00000
__Hbank9                                            bank9                              00000
__Hbigram                                           bigram                             00000
__HbssBANK0                                         bssBANK0                           00000
__HbssBANK1                                         bssBANK1                           00000
__HbssBANK3                                         bssBANK3                           00000
__HbssBANK4                                         bssBANK4                           00000
__Hcinit                                            cinit                              00249
__Hclrtext                                          clrtext                            00000
__Hcode                                             code                               00000
__Hcommon                                           common                             00000
__Hconfig                                           config                             08009
__HcstackBANK0                                      cstackBANK0                        00000
__HcstackBANK1                                      cstackBANK1                        00000
__HcstackBANK3                                      cstackBANK3                        00000
__HcstackBANK4                                      cstackBANK4                        00000
__HcstackCOMMON                                     cstackCOMMON                       00000
__HdataBANK1                                        dataBANK1                          00000
__HdataBANK3                                        dataBANK3                          00000
__HdataBANK4                                        dataBANK4                          00000
__Heeprom_data                                      eeprom_data                        00000
__Hend_init                                         end_init                           0020C
__Hfunctab                                          functab                            00000
__HidataBANK1                                       idataBANK1                         00000
__HidataBANK3                                       idataBANK3                         00000
__HidataBANK4                                       idataBANK4                         00000
__Hidloc                                            idloc                              00000
__Hinit                                             init                               0020A
__Hinittext                                         inittext                           00000
__Hintentry                                         intentry                           0020A
__Hmaintext                                         maintext                           00000
__HnvBANK4                                          nvBANK4                            00000
__Hpowerup                                          powerup                            00000
__Hram                                              ram                                00000
__Hreset_vec                                        reset_vec                          00203
__Hsfr0                                             sfr0                               00000
__Hsfr1                                             sfr1                               00000
__Hsfr10                                            sfr10                              00000
__Hsfr11                                            sfr11                              00000
__Hsfr12                                            sfr12                              00000
__Hsfr13                                            sfr13                              00000
__Hsfr14                                            sfr14                              00000
__Hsfr15                                            sfr15                              00000
__Hsfr16                                            sfr16                              00000
__Hsfr17                                            sfr17                              00000
__Hsfr18                                            sfr18                              00000
__Hsfr19                                            sfr19                              00000
__Hsfr2                                             sfr2                               00000
__Hsfr20                                            sfr20                              00000
__Hsfr21                                            sfr21                              00000
__Hsfr22                                            sfr22                              00000
__Hsfr23                                            sfr23                              00000
__Hsfr24                                            sfr24                              00000
__Hsfr25                                            sfr25                              00000
__Hsfr26                                            sfr26                              00000
__Hsfr27                                            sfr27                              00000
__Hsfr28                                            sfr28                              00000
__Hsfr29                                            sfr29                              00000
__Hsfr3                                             sfr3                               00000
__Hsfr30                                            sfr30                              00000
__Hsfr31                                            sfr31                              00000
__Hsfr4                                             sfr4                               00000
__Hsfr5                                             sfr5                               00000
__Hsfr6                                             sfr6                               00000
__Hsfr7                                             sfr7                               00000
__Hsfr8                                             sfr8                               00000
__Hsfr9                                             sfr9                               00000
__Hspace_0                                          (abs)                              08009
__Hspace_1                                          (abs)                              00269
__Hspace_2                                          (abs)                              00000
__Hspace_3                                          (abs)                              00000
__Hstack                                            stack                              00000
__Hstrings                                          strings                            00000
__Hstringtext1                                      stringtext1                        00000
__Hstringtext10                                     stringtext10                       00000
__Hstringtext11                                     stringtext11                       00000
__Hstringtext2                                      stringtext2                        00000
__Hstringtext3                                      stringtext3                        00000
__Hstringtext4                                      stringtext4                        00000
__Hstringtext5                                      stringtext5                        00000
__Hstringtext6                                      stringtext6                        00000
__Hstringtext7                                      stringtext7                        00000
__Hstringtext8                                      stringtext8                        00000
__Hstringtext9                                      stringtext9                        00000
__Htext                                             text                               00000
__L_NVM_HIGH_CURRENT_OFFSET_text                    _NVM_HIGH_CURRENT_OFFSET_text      01F89
__L_NVM_HIGH_CURRENT_SLOPE_text                     _NVM_HIGH_CURRENT_SLOPE_text       01F86
__L_NVM_HIGH_VOLTAGE_OFFSET_text                    _NVM_HIGH_VOLTAGE_OFFSET_text      01F95
__L_NVM_HIGH_VOLTAGE_SLOPE_text                     _NVM_HIGH_VOLTAGE_SLOPE_text       01F92
__L_NVM_LOW_CURRENT_OFFSET_text                     _NVM_LOW_CURRENT_OFFSET_text       01F83
__L_NVM_LOW_CURRENT_SLOPE_text                      _NVM_LOW_CURRENT_SLOPE_text        01F80
__L_NVM_LOW_VOLTAGE_OFFSET_text                     _NVM_LOW_VOLTAGE_OFFSET_text       01F8F
__L_NVM_LOW_VOLTAGE_SLOPE_text                      _NVM_LOW_VOLTAGE_SLOPE_text        01F8C
__L_NVM_PRODUCT_SERIAL0_text                        _NVM_PRODUCT_SERIAL0_text          01FF8
__L_NVM_PRODUCT_SERIAL1_text                        _NVM_PRODUCT_SERIAL1_text          01FFC
__Labs1                                             abs1                               00000
__Lattribute@NVM_PRODUCT_SERIAL0_text               attribute@NVM_PRODUCT_SERIAL0_text 01FF8
__Lattribute@NVM_PRODUCT_SERIAL1_text               attribute@NVM_PRODUCT_SERIAL1_text 01FFC
__Lbank0                                            bank0                              00000
__Lbank1                                            bank1                              00000
__Lbank10                                           bank10                             00000
__Lbank11                                           bank11                             00000
__Lbank12                                           bank12                             00000
__Lbank13                                           bank13                             00000
__Lbank14                                           bank14                             00000
__Lbank15                                           bank15                             00000
__Lbank16                                           bank16                             00000
__Lbank17                                           bank17                             00000
__Lbank18                                           bank18                             00000
__Lbank19                                           bank19                             00000
__Lbank2                                            bank2                              00000
__Lbank20                                           bank20                             00000
__Lbank21                                           bank21                             00000
__Lbank22                                           bank22                             00000
__Lbank23                                           bank23                             00000
__Lbank24                                           bank24                             00000
__Lbank25                                           bank25                             00000
__Lbank26                                           bank26                             00000
__Lbank27                                           bank27                             00000
__Lbank28                                           bank28                             00000
__Lbank29                                           bank29                             00000
__Lbank3                                            bank3                              00000
__Lbank30                                           bank30                             00000
__Lbank31                                           bank31                             00000
__Lbank4                                            bank4                              00000
__Lbank5                                            bank5                              00000
__Lbank6                                            bank6                              00000
__Lbank7                                            bank7                              00000
__Lbank8                                            bank8                              00000
__Lbank9                                            bank9                              00000
__Lbigram                                           bigram                             00000
__LbssBANK0                                         bssBANK0                           00000
__LbssBANK1                                         bssBANK1                           00000
__LbssBANK3                                         bssBANK3                           00000
__LbssBANK4                                         bssBANK4                           00000
__Lcinit                                            cinit                              0020C
__Lclrtext                                          clrtext                            00000
__Lcode                                             code                               00000
__Lcommon                                           common                             00000
__Lconfig                                           config                             08007
__LcstackBANK0                                      cstackBANK0                        00000
__LcstackBANK1                                      cstackBANK1                        00000
__LcstackBANK3                                      cstackBANK3                        00000
__LcstackBANK4                                      cstackBANK4                        00000
__LcstackCOMMON                                     cstackCOMMON                       00000
__LdataBANK1                                        dataBANK1                          00000
__LdataBANK3                                        dataBANK3                          00000
__LdataBANK4                                        dataBANK4                          00000
__Leeprom_data                                      eeprom_data                        00000
__Lend_init                                         end_init                           0020A
__Lfunctab                                          functab                            00000
__LidataBANK1                                       idataBANK1                         00000
__LidataBANK3                                       idataBANK3                         00000
__LidataBANK4                                       idataBANK4                         00000
__Lidloc                                            idloc                              00000
__Linit                                             init                               0020A
__Linittext                                         inittext                           00000
__Lintentry                                         intentry                           00204
__Lmaintext                                         maintext                           00000
__LnvBANK4                                          nvBANK4                            00000
__Lpowerup                                          powerup                            00000
__Lram                                              ram                                00000
__Lreset_vec                                        reset_vec                          00200
__Lsfr0                                             sfr0                               00000
__Lsfr1                                             sfr1                               00000
__Lsfr10                                            sfr10                              00000
__Lsfr11                                            sfr11                              00000
__Lsfr12                                            sfr12                              00000
__Lsfr13                                            sfr13                              00000
__Lsfr14                                            sfr14                              00000
__Lsfr15                                            sfr15                              00000
__Lsfr16                                            sfr16                              00000
__Lsfr17                                            sfr17                              00000
__Lsfr18                                            sfr18                              00000
__Lsfr19                                            sfr19                              00000
__Lsfr2                                             sfr2                               00000
__Lsfr20                                            sfr20                              00000
__Lsfr21                                            sfr21                              00000
__Lsfr22                                            sfr22                              00000
__Lsfr23                                            sfr23                              00000
__Lsfr24                                            sfr24                              00000
__Lsfr25                                            sfr25                              00000
__Lsfr26                                            sfr26                              00000
__Lsfr27                                            sfr27                              00000
__Lsfr28                                            sfr28                              00000
__Lsfr29                                            sfr29                              00000
__Lsfr3                                             sfr3                               00000
__Lsfr30                                            sfr30                              00000
__Lsfr31                                            sfr31                              00000
__Lsfr4                                             sfr4                               00000
__Lsfr5                                             sfr5                               00000
__Lsfr6                                             sfr6                               00000
__Lsfr7                                             sfr7                               00000
__Lsfr8                                             sfr8                               00000
__Lsfr9                                             sfr9                               00000
__Lspace_0                                          (abs)                              00000
__Lspace_1                                          (abs)                              00000
__Lspace_2                                          (abs)                              00000
__Lspace_3                                          (abs)                              00000
__Lstack                                            stack                              00000
__Lstrings                                          strings                            00000
__Lstringtext1                                      stringtext1                        00000
__Lstringtext10                                     stringtext10                       00000
__Lstringtext11                                     stringtext11                       00000
__Lstringtext2                                      stringtext2                        00000
__Lstringtext3                                      stringtext3                        00000
__Lstringtext4                                      stringtext4                        00000
__Lstringtext5                                      stringtext5                        00000
__Lstringtext6                                      stringtext6                        00000
__Lstringtext7                                      stringtext7                        00000
__Lstringtext8                                      stringtext8                        00000
__Lstringtext9                                      stringtext9                        00000
__Ltext                                             text                               00000
__S0                                                (abs)                              08009
__S1                                                (abs)                              00269
__S2                                                (abs)                              00000
___awtoft                                           text25                             010CF
___awtoft@c                                         cstackBANK3                        001CA
___awtoft@sign                                      cstackBANK1                        000B5
___ftadd                                            text24                             00A4E
___ftadd@exp1                                       cstackBANK4                        00222
___ftadd@exp2                                       cstackBANK4                        00221
___ftadd@f1                                         cstackBANK3                        001DF
___ftadd@f2                                         cstackBANK3                        001E2
___ftadd@sign                                       cstackBANK4                        00220
___ftmul                                            text23                             01608
___ftmul@cntr                                       cstackBANK3                        001DD
___ftmul@exp                                        cstackBANK3                        001D9
___ftmul@f1                                         cstackBANK3                        001CF
___ftmul@f2                                         cstackBANK3                        001D2
___ftmul@f3_as_product                              cstackBANK3                        001DA
___ftmul@sign                                       cstackBANK3                        001DE
___ftpack                                           text26                             0136A
___ftpack@arg                                       cstackBANK1                        000AD
___ftpack@exp                                       cstackBANK1                        000B0
___ftpack@sign                                      cstackBANK1                        000B1
___int_sp                                           stack                              00000
___latbits                                          (abs)                              00002
___sp                                               stack                              00000
___stackhi                                          (abs)                              023EF
___stacklo                                          (abs)                              02189
___wmul                                             text14                             01EC9
___wmul@multiplicand                                cstackBANK1                        000AF
___wmul@multiplier                                  cstackBANK1                        000AD
___wmul@product                                     cstackBANK1                        000B1
__end_of_FIRM_VERSION                               stringtext10                       018B1
__end_of_NVM_HIGH_CURRENT_OFFSET                    _NVM_HIGH_CURRENT_OFFSET_text      01F8C
__end_of_NVM_HIGH_CURRENT_SLOPE                     _NVM_HIGH_CURRENT_SLOPE_text       01F89
__end_of_NVM_HIGH_VOLTAGE_OFFSET                    _NVM_HIGH_VOLTAGE_OFFSET_text      01F98
__end_of_NVM_HIGH_VOLTAGE_SLOPE                     _NVM_HIGH_VOLTAGE_SLOPE_text       01F95
__end_of_NVM_LOW_CURRENT_OFFSET                     _NVM_LOW_CURRENT_OFFSET_text       01F86
__end_of_NVM_LOW_CURRENT_SLOPE                      _NVM_LOW_CURRENT_SLOPE_text        01F83
__end_of_NVM_LOW_VOLTAGE_OFFSET                     _NVM_LOW_VOLTAGE_OFFSET_text       01F92
__end_of_NVM_LOW_VOLTAGE_SLOPE                      _NVM_LOW_VOLTAGE_SLOPE_text        01F8F
__end_of_NVM_PRODUCT_SERIAL0                        _NVM_PRODUCT_SERIAL0_text          01FFC
__end_of_NVM_PRODUCT_SERIAL1                        _NVM_PRODUCT_SERIAL1_text          02000
__end_of_PRODUCT_NAME                               stringtext9                        018A9
__end_of___awtoft                                   text25                             010FF
__end_of___ftadd                                    text24                             00B76
__end_of___ftmul                                    text23                             016B0
__end_of___ftpack                                   text26                             013CE
__end_of___wmul                                     text14                             01EE4
__end_of__initialization                            cinit                              00245
__end_of_app_endpoint_halt_callback                 text54                             00204
__end_of_app_get_device_status_callback             text53                             01D60
[...]
 This function calls:
		Absolute function
		_get_report_callback
		_usb_send_in_buffer_0
		i1_reset_ep0_data_stage
 This function is called by:
		_usb_service
 This function uses a non-reentrant model


 *************** function i1_reset_ep0_data_stage *****************
 Defined at:
		line 474 in file "../../../usb/src/usb.c"
 Parameters:    Size  Location     Type
		None
 Auto vars:     Size  Location     Type
		None
 Return value:  Size  Location     Type
                  1    wreg      void 
 Registers used:
		status,2
 Tracked objects:
		On entry : 
		On exit  : 
		Unchanged: 
 Data sizes:     COMMON   BANK0   BANK1   BANK2   BANK3   BANK4   BANK5   BANK6   BANK7   BANK8   BANK9  BANK10  BANK11  BANK12
      Params:         0       0       0       0       0       0       0       0       0       0       0       0       0       0
      Locals:         0       0       0       0       0       0       0       0       0       0       0       0       0       0
      Temps:          0       0       0       0       0       0       0       0       0       0       0       0       0       0
      Totals:         0       0       0       0       0       0       0       0       0       0       0       0       0       0
Total ram usage:        0 bytes
 Hardware stack levels used:    1
 This function calls:
		Nothing
 This function is called by:
		_handle_ep0_setup
		_handle_ep0_out
		_handle_ep0_in
		i1_usb_init
 This function uses a non-reentrant model


 *************** function _usb_send_in_buffer_0 *****************
 Defined at:
		line 766 in file "../../../usb/src/usb.c"
 Parameters:    Size  Location     Type
  len             2   11[COMMON] unsigned int 
 Auto vars:     Size  Location     Type
  pid             1    0[BANK0 ] unsigned char 
 Return value:  Size  Location     Type
                  1    wreg      void 
 Registers used:
		wreg, fsr1l, fsr1h, status,2, status,0, pclath, cstack
 Tracked objects:
		On entry : 
		On exit  : 
		Unchanged: 
 Data sizes:     COMMON   BANK0   BANK1   BANK2   BANK3   BANK4   BANK5   BANK6   BANK7   BANK8   BANK9  BANK10  BANK11  BANK12
      Params:         2       0       0       0       0       0       0       0       0       0       0       0       0       0
      Locals:         0       1       0       0       0       0       0       0       0       0       0       0       0       0
      Temps:          1       0       0       0       0       0       0       0       0       0       0       0       0       0
      Totals:         3       1       0       0       0       0       0       0       0       0       0       0       0       0
Total ram usage:        4 bytes
 Hardware stack levels used:    1
 Hardware stack levels required when called:    2
 This function calls:
		i1_usb_in_endpoint_halted
 This function is called by:
		_start_control_return
		_handle_ep0_in
 This function uses a non-reentrant model


 *************** function i1_usb_in_endpoint_halted *****************
 Defined at:
		line 1588 in file "../../../usb/src/usb.c"
 Parameters:    Size  Location     Type
  endpoint        1    wreg     unsigned char 
 Auto vars:     Size  Location     Type
  endpoint        1   10[COMMON] unsigned char 
 Return value:  Size  Location     Type
                  1    wreg      unsigned char 
 Registers used:
		wreg, fsr1l, fsr1h, status,2, status,0, pclath, cstack
 Tracked objects:
		On entry : 
		On exit  : 
		Unchanged: 
 Data sizes:     COMMON   BANK0   BANK1   BANK2   BANK3   BANK4   BANK5   BANK6   BANK7   BANK8   BANK9  BANK10  BANK11  BANK12
      Params:         0       0       0       0       0       0       0       0       0       0       0       0       0       0
      Locals:         1       0       0       0       0       0       0       0       0       0       0       0       0       0
      Temps:          4       0       0       0       0       0       0       0       0       0       0       0       0       0
      Totals:         5       0       0       0       0       0       0       0       0       0       0       0       0       0
Total ram usage:        5 bytes
 Hardware stack levels used:    1
 Hardware stack levels required when called:    1
 This function calls:
		i1___wmul
 This function is called by:
		_usb_send_in_buffer_0
 This function uses a non-reentrant model


 *************** function i1___wmul *****************
 Defined at:
		line 15 in file "C:\Program Files (x86)\Microchip\xc8\v2.10\pic\sources\c90\common\Umul16.c"
 Parameters:    Size  Location     Type
  multiplier      2    0[COMMON] unsigned int 
  multiplicand    2    2[COMMON] unsigned int 
 Auto vars:     Size  Location     Type
  __wmul          2    4[COMMON] unsigned int 
 Return value:  Size  Location     Type
                  2    0[COMMON] unsigned int 
 Registers used:
		wreg, status,2, status,0
 Tracked objects:
		On entry : 
		On exit  : 
		Unchanged: 
 Data sizes:     COMMON   BANK0   BANK1   BANK2   BANK3   BANK4   BANK5   BANK6   BANK7   BANK8   BANK9  BANK10  BANK11  BANK12
      Params:         4       0       0       0       0       0       0       0       0       0       0       0       0       0
      Locals:         2       0       0       0       0       0       0       0       0       0       0       0       0       0
      Temps:          0       0       0       0       0       0       0       0       0       0       0       0       0       0
      Totals:         6       0       0       0       0       0       0       0       0       0       0       0       0       0
Total ram usage:        6 bytes
 Hardware stack levels used:    1
 This function calls:
		Nothing
 This function is called by:
		_stall_ep_in
		_handle_standard_control_request
		_usb_service
		_usb_halt_ep_in
		_usb_halt_ep_out
		i1_pic16_linear_addr
		i1_init_endpoints
		i1_usb_in_endpoint_halted
 This function uses a non-reentrant model


 *************** function _get_report_callback *****************
 Defined at:
		line 247 in file "../main.c"
 Parameters:    Size  Location     Type
  transfer_ok     1    0[COMMON] unsigned char 
  context         1    1[COMMON] PTR void 
		 -> NULL(0), 
 Auto vars:     Size  Location     Type
		None
 Return value:  Size  Location     Type
                  1    wreg      char 
 Registers used:
		wreg
 Tracked objects:
		On entry : 
		On exit  : 
		Unchanged: 
 Data sizes:     COMMON   BANK0   BANK1   BANK2   BANK3   BANK4   BANK5   BANK6   BANK7   BANK8   BANK9  BANK10  BANK11  BANK12
      Params:         2       0       0       0       0       0       0       0       0       0       0       0       0       0
      Locals:         0       0       0       0       0       0       0       0       0       0       0       0       0       0
      Temps:          0       0       0       0       0       0       0       0       0       0       0       0       0       0
      Totals:         2       0       0       0       0       0       0       0       0       0       0       0       0       0
Total ram usage:        2 bytes
 Hardware stack levels used:    1
 This function calls:
		Nothing
 This function is called by:
		_app_get_report_callback
		_handle_ep0_setup
		_handle_ep0_out
		_handle_ep0_in
 This function uses a non-reentrant model


 *************** function _app_usb_reset_callback *****************
 Defined at:
		line 239 in file "../main.c"
 Parameters:    Size  Location     Type
		None
 Auto vars:     Size  Location     Type
		None
 Return value:  Size  Location     Type
                  1    wreg      void 
 Registers used:
		None
 Tracked objects:
		On entry : 
		On exit  : 
		Unchanged: 
 Data sizes:     COMMON   BANK0   BANK1   BANK2   BANK3   BANK4   BANK5   BANK6   BANK7   BANK8   BANK9  BANK10  BANK11  BANK12
      Params:         0       0       0       0       0       0       0       0       0       0       0       0       0       0
      Locals:         0       0       0       0       0       0       0       0       0       0       0       0       0       0
      Temps:          0       0       0       0       0       0       0       0       0       0       0       0       0       0
      Totals:         0       0       0       0       0       0       0       0       0       0       0       0       0       0
Total ram usage:        0 bytes
 Hardware stack levels used:    1
 This function calls:
		Nothing
 This function is called by:
		_usb_service
 This function uses a non-reentrant model


 *************** function _app_start_of_frame_callback *****************
 Defined at:
		line 235 in file "../main.c"
 Parameters:    Size  Location     Type
		None
 Auto vars:     Size  Location     Type
		None
 Return value:  Size  Location     Type
                  1    wreg      void 
 Registers used:
		None
 Tracked objects:
		On entry : 
		On exit  : 
		Unchanged: 
 Data sizes:     COMMON   BANK0   BANK1   BANK2   BANK3   BANK4   BANK5   BANK6   BANK7   BANK8   BANK9  BANK10  BANK11  BANK12
      Params:         0       0       0       0       0       0       0       0       0       0       0       0       0       0
      Locals:         0       0       0       0       0       0       0       0       0       0       0       0       0       0
      Temps:          0       0       0       0       0       0       0       0       0       0       0       0       0       0
      Totals:         0       0       0       0       0       0       0       0       0       0       0       0       0       0
Total ram usage:        0 bytes
 Hardware stack levels used:    1
 This function calls:
		Nothing
 This function is called by:
		_usb_service
 This function uses a non-reentrant model


 *************** function _app_out_transaction_callback *****************
 Defined at:
		line 211 in file "../main.c"
 Parameters:    Size  Location     Type
  endpoint        1    wreg     unsigned char 
 Auto vars:     Size  Location     Type
  endpoint        1    0[COMMON] unsigned char 
 Return value:  Size  Location     Type
                  1    wreg      void 
 Registers used:
		wreg
 Tracked objects:
		On entry : 
		On exit  : 
		Unchanged: 
 Data sizes:     COMMON   BANK0   BANK1   BANK2   BANK3   BANK4   BANK5   BANK6   BANK7   BANK8   BANK9  BANK10  BANK11  BANK12
      Params:         0       0       0       0       0       0       0       0       0       0       0       0       0       0
      Locals:         0       0       0       0       0       0       0       0       0       0       0       0       0       0
      Temps:          0       0       0       0       0       0       0       0       0       0       0       0       0       0
      Totals:         0       0       0       0       0       0       0       0       0       0       0       0       0       0
Total ram usage:        0 bytes
 Hardware stack levels used:    1
 This function calls:
		Nothing
 This function is called by:
		_usb_service
 This function uses a non-reentrant model


 *************** function _app_in_transaction_complete_callback *****************
 Defined at:
		line 215 in file "../main.c"
 Parameters:    Size  Location     Type
  endpoint        1    wreg     unsigned char 
 Auto vars:     Size  Location     Type
  endpoint        1    0[COMMON] unsigned char 
 Return value:  Size  Location     Type
                  1    wreg      void 
 Registers used:
		wreg
 Tracked objects:
		On entry : 
		On exit  : 
		Unchanged: 
 Data sizes:     COMMON   BANK0   BANK1   BANK2   BANK3   BANK4   BANK5   BANK6   BANK7   BANK8   BANK9  BANK10  BANK11  BANK12
      Params:         0       0       0       0       0       0       0       0       0       0       0       0       0       0
      Locals:         0       0       0       0       0       0       0       0       0       0       0       0       0       0
      Temps:          0       0       0       0       0       0       0       0       0       0       0       0       0       0
      Totals:         0       0       0       0       0       0       0       0       0       0       0       0       0       0
Total ram usage:        0 bytes
 Hardware stack levels used:    1
 This function calls:
		Nothing
 This function is called by:
		_usb_service
 This function uses a non-reentrant model



MODULE INFORMATION

Module		Function		Class		Link	Load	Size
../main.c
		_app_start_of_frame_callback		CODE           	1D49	0000	2
		_app_get_device_status_callback		CODE           	1D5D	0000	4
		_app_get_idle_callback		CODE           	1D4D	0000	3
		_app_set_idle_callback		CODE           	1D51	0000	3
		_main          		CODE           	058D	0000	603
		_app_in_transaction_complete_callback		CODE           	1D47	0000	2
		_app_unknown_get_descriptor_callback		CODE           	1D63	0000	6
		_app_usb_reset_callback		CODE           	1D4A	0000	2
		_app_get_protocol_callback		CODE           	1D4F	0000	3
		_isr           		CODE           	0204	0000	7
		_app_set_configuration_callback		CODE           	07FF	0000	2
		_app_set_protocol_callback		CODE           	1D53	0000	3
		_app_get_report_callback		CODE           	1E32	0000	24
		_app_endpoint_halt_callback		CODE           	0203	0000	2
		_app_set_report_callback		CODE           	1D55	0000	3
		_app_get_interface_callback		CODE           	1D57	0000	3
		_app_unknown_setup_request_callback		CODE           	1D7D	0000	8
		_get_report_callback		CODE           	1D4B	0000	3
		_app_set_interface_callback		CODE           	1D59	0000	3
		_app_out_transaction_callback		CODE           	1D48	0000	2

../main.c estimated size: 688

../../../usb/src/usb_hid.c
		_process_hid_setup_request		CODE           	0E32	0000	463

../../../usb/src/usb_hid.c estimated size: 463

C:\Program Files (x86)\Microchip\xc8\v2.10\pic\sources\c90\common\Umul16.c
		___wmul        		CODE           	1EC9	0000	28

C:\Program Files (x86)\Microchip\xc8\v2.10\pic\sources\c90\common\Umul16.c estimated size: 28

../../lib/i2c-lib.c
		_i2c_send_byte 		CODE           	1DA3	0000	9
		_i2c_start     		CODE           	1D68	0000	6
		_i2c_repeat_start		CODE           	1000	0000	5
		_i2c_enable    		CODE           	1D77	0000	7
		_i2c_stop      		CODE           	1D6D	0000	6
		_i2c_wait      		CODE           	1D9B	0000	9
		_i2c_read_byte 		CODE           	1F1E	0000	31

../../lib/i2c-lib.c estimated size: 73

C:\Program Files (x86)\Microchip\xc8\v2.10\pic\sources\c90\common\ftadd.c
		___ftadd       		CODE           	0A4E	0000	297

C:\Program Files (x86)\Microchip\xc8\v2.10\pic\sources\c90\common\ftadd.c estimated size: 297

../../../usb/src/usb.c
		_usb_halt_ep_in		CODE           	1029	0000	39
		_usb_send_in_buffer		CODE           	13CE	0000	137
		_stall_ep_in   		CODE           	1131	0000	57
		_stall_ep_out  		CODE           	1F01	0000	30
		_usb_get_out_buffer		CODE           	10A0	0000	48
		_init_endpoints		CODE           	0CB6	0000	381
		_usb_in_endpoint_halted		CODE           	1004	0000	38
		_usb_service   		CODE           	0944	0000	267
		_usb_get_configuration		CODE           	1D60	0000	4
		_usb_send_data_stage		CODE           	1EE4	0000	30
		_handle_standard_control_request		CODE           	0249	0000	837
		_usb_send_in_buffer_0		CODE           	1077	0000	42
		_reset_bd0_out 		CODE           	1D93	0000	9
		_usb_init      		CODE           	1309	0000	98
		_usb_out_endpoint_has_data		CODE           	1E1F	0000	20
		_usb_halt_ep_out		CODE           	1F5A	0000	38
		_usb_arm_out_endpoint		CODE           	086E	0000	215
		_handle_ep0_in 		CODE           	14E2	0000	143
		_usb_in_endpoint_busy		CODE           	1E0E	0000	18
		_clear_ep0_stall		CODE           	1D84	0000	8
		_handle_ep0_setup		CODE           	11F3	0000	92
		_pic16_linear_addr		CODE           	124E	0000	93
		_handle_ep0_out		CODE           	1570	0000	153
		_start_control_return		CODE           	1456	0000	141
		_usb_get_in_buffer		CODE           	104F	0000	41
		_reset_ep0_data_stage		CODE           	1DC0	0000	12
		_send_zero_length_packet_ep0		CODE           	1D8B	0000	9
		_stall_ep0     		CODE           	1DAB	0000	11

../../../usb/src/usb.c estimated size: 3011

shared
		_str00         		STRCODE        	18B1	0000	5
		i1_init_endpoints		CODE           	0B76	0000	321
		_product_string		STRCODE        	185D	0000	25
		i1_usb_init    		CODE           	12AA	0000	96
		i1___wmul      		CODE           	1E78	0000	28
		_configuration_1		STRCODE        	1800	0000	42
		_custom_report_descriptor		STRCODE        	1829	0000	29
		_PRODUCT_NAME  		STRCODE        	18A4	0000	6
		attribute@PRODUCT_NAME		STRCODE        	0000	0000	0
		_NVM_LOW_VOLTAGE_OFFSET		STRCODE        	1F8F	0000	4
		__initialization		CODE           	020C	0000	58
		attribute@FIRM_VERSION		STRCODE        	0000	0000	0
		_NVM_LOW_CURRENT_OFFSET		STRCODE        	1F83	0000	4
		attribute@NVM_PRODUCT_SERIAL0		STRCODE        	18B9	0000	5
		attribute@NVM_PRODUCT_SERIAL1		STRCODE        	18B5	0000	5
		i1_usb_in_endpoint_halted		CODE           	1E93	0000	28
		_vendor_string 		STRCODE        	1875	0000	25
		_NVM_HIGH_VOLTAGE_SLOPE		STRCODE        	1F92	0000	4
		i1_pic16_linear_addr		CODE           	11A6	0000	78
		_NVM_PRODUCT_SERIAL0		STRCODE        	1FF8	0000	5
		_NVM_HIGH_CURRENT_SLOPE		STRCODE        	1F86	0000	4
		_interface_string		STRCODE        	0000	0000	0
		_NVM_PRODUCT_SERIAL1		STRCODE        	1FFC	0000	5
		i1_memset      		CODE           	1E60	0000	25
		_this_device_descriptor		STRCODE        	188D	0000	19
		_NVM_HIGH_VOLTAGE_OFFSET		STRCODE        	1F95	0000	4
		_NVM_LOW_VOLTAGE_SLOPE		STRCODE        	1F8C	0000	4
		_NVM_LOW_CURRENT_SLOPE		STRCODE        	1F80	0000	4
		i1_reset_ep0_data_stage		CODE           	1DB5	0000	12
		_FIRM_VERSION  		STRCODE        	18AD	0000	5
		_NVM_HIGH_CURRENT_OFFSET		STRCODE        	1F89	0000	4

shared estimated size: 854

../../common/hardware.c
		_hardware_init 		CODE           	0800	0000	10

../../common/hardware.c estimated size: 10

C:\Program Files (x86)\Microchip\xc8\v2.10\pic\sources\c90\common\strlen.c
		_strlen        		CODE           	1E49	0000	24

C:\Program Files (x86)\Microchip\xc8\v2.10\pic\sources\c90\common\strlen.c estimated size: 24

C:\Program Files (x86)\Microchip\xc8\v2.10\pic\sources\c90\common\float.c
		___ftpack      		CODE           	136A	0000	101

C:\Program Files (x86)\Microchip\xc8\v2.10\pic\sources\c90\common\float.c estimated size: 101

C:\Program Files (x86)\Microchip\xc8\v2.10\pic\sources\c90\common\awtoft.c
		___awtoft      		CODE           	10CF	0000	49

C:\Program Files (x86)\Microchip\xc8\v2.10\pic\sources\c90\common\awtoft.c estimated size: 49

C:\Program Files (x86)\Microchip\xc8\v2.10\pic\sources\c90\common\memset.c
		_memset        		CODE           	07E7	0000	25

C:\Program Files (x86)\Microchip\xc8\v2.10\pic\sources\c90\common\memset.c estimated size: 25

../usb_descriptors.c
		_usb_application_get_string		CODE           	10FF	0000	51
		_usb_application_get_hid_descriptor		CODE           	1DFE	0000	17
		_usb_application_get_hid_report_descriptor		CODE           	1DCB	0000	13

../usb_descriptors.c estimated size: 81

../dmm_func.c
		_i2c_reg_write 		CODE           	1EAE	0000	28
		_get_current   		CODE           	16B0	0000	169
		_get_voltage   		CODE           	1758	0000	169
		_set_autorange_threshould		CODE           	1DE3	0000	14
		_dmm_init      		CODE           	0809	0000	102
		_get_shunt_voltage		CODE           	1F3C	0000	31
		_i2c_reg_read  		CODE           	1169	0000	62

../dmm_func.c estimated size: 575

C:\Program Files (x86)\Microchip\xc8\v2.10\pic\sources\c90\common\ftmul.c
		___ftmul       		CODE           	1608	0000	169

C:\Program Files (x86)\Microchip\xc8\v2.10\pic\sources\c90\common\ftmul.c estimated size: 169

