Microchip MPLAB XC8 Compiler V1.36 ()

Linker command line:

--edf=C:\Program Files (x86)\Microchip\xc8\v1.36\dat\en_msgs.txt -cs \
  -h+dist/PIC16F1454/production\MPLAB.X.production.sym \
  --cmf=dist/PIC16F1454/production\MPLAB.X.production.cmf -z -Q16F1454 \
  -oC:\Users\22706107\AppData\Local\Temp\sgv0.2 \
  -Mdist/PIC16F1454/production/MPLAB.X.production.map -E1 -ver=XC8 \
  -ASTACK=02139h-023efh -pstack=STACK \
  -ACODE=0200h-07FFh,0800h-0FFFhx2,01800h-01F7Eh,01F80h-01FFFh \
  -ASTRCODE=0200h-01F7Eh,01F80h-01FFFh \
  -ASTRING=0200h-02FFhx29,01F00h-01F7Eh,01F80h-01FFFh \
  -ACONST=0200h-02FFhx29,01F00h-01F7Eh,01F80h-01FFFh \
  -AENTRY=0200h-02FFhx29,01F00h-01F7Eh,01F80h-01FFFh -ACOMMON=070h-07Fh \
  -ABANK0=020h-06Fh -ABANK1=0A0h-0EFh -ABANK2=0120h-016Fh \
  -ABANK3=01A0h-01EFh -ABANK4=0220h-026Fh -ABANK5=02A0h-02EFh \
  -ABANK6=0320h-036Fh -ABANK7=03A0h-03EFh -ABANK8=0420h-046Fh \
  -ABANK9=04A0h-04EFh -ABANK10=0520h-056Fh -ABANK11=05A0h-05EFh \
  -ABANK12=0620h-064Fh -ABIGRAM=02000h-023EFh \
  -ARAM=020h-06Fh,0A0h-0EFh,0120h-016Fh,01A0h-01EFh,0220h-026Fh,02A0h-02EFh,0320h-036Fh,03A0h-03EFh,0420h-046Fh,04A0h-04EFh,0520h-056Fh,05A0h-05EFh,0620h-064Fh \
  -AABS1=020h-07Fh,0A0h-0EFh,0120h-016Fh,01A0h-01EFh,0220h-026Fh,02A0h-02EFh,0320h-036Fh,03A0h-03EFh,0420h-046Fh,04A0h-04EFh,0520h-056Fh,05A0h-05EFh,0620h-064Fh \
  -ASFR0=00h-01Fh -ASFR1=080h-09Fh -ASFR2=0100h-011Fh -ASFR3=0180h-019Fh \
  -ASFR4=0200h-021Fh -ASFR5=0280h-029Fh -ASFR6=0300h-031Fh \
  -ASFR7=0380h-039Fh -ASFR8=0400h-041Fh -ASFR9=0480h-049Fh \
  -ASFR10=0500h-051Fh -ASFR11=0580h-059Fh -ASFR12=0600h-061Fh \
  -ASFR13=0680h-06EFh -ASFR14=0700h-076Fh -ASFR15=0780h-07EFh \
  -ASFR16=0800h-086Fh -ASFR17=0880h-08EFh -ASFR18=0900h-096Fh \
  -ASFR19=0980h-09EFh -ASFR20=0A00h-0A6Fh -ASFR21=0A80h-0AEFh \
  -ASFR22=0B00h-0B6Fh -ASFR23=0B80h-0BEFh -ASFR24=0C00h-0C6Fh \
  -ASFR25=0C80h-0CEFh -ASFR26=0D00h-0D6Fh -ASFR27=0D80h-0DEFh \
  -ASFR28=0E00h-0E6Fh -ASFR29=0E80h-0EEFh -ASFR30=0F00h-0F6Fh \
  -ASFR31=0F80h-0FEFh -preset_vec=0200h,intentry=0204h,init,end_init \
  -ppowerup=CODE -pcinit=CODE -pfunctab=CODE -ACONFIG=08007h-08008h \
  -pconfig=CONFIG -DCONFIG=2 -AIDLOC=08000h-08003h -pidloc=IDLOC -DIDLOC=2 \
  -DCODE=2 -DSTRCODE=2 -DSTRING=2 -DCONST=2 -DENTRY=2 -k \
  C:\Users\22706107\AppData\Local\Temp\sgv0.obj \
  dist/PIC16F1454/production\MPLAB.X.production.obj 

Object code version is 3.11

Machine type is 16F1454



                Name                               Link     Load   Length Selector   Space Scale
C:\Users\22706107\AppData\Local\Temp\sgv0.obj
                end_init                            213      213        2      408       0
                reset_vec                           200      200        3      400       0
                config                             8007     8007        2    1000E       0
dist/PIC16F1454/production\MPLAB.X.production.obj
                cinit                               215      215       25      408       0
                intentry                            204      204        F      408       0
                text63                             1359     1359        1     26B2       0
                text62                             135A     135A        1     26B4       0
                text61                             135B     135B        1     26B6       0
                text60                             135C     135C        1     26B8       0
                text59                             135D     135D        3     26BA       0
                text58                             146F     146F       19     28DE       0
                text57                             13E0     13E0       12     27C0       0
                text56                             15FC     15FC       37     2BF8       0
                text55                             13A6     13A6        A     274C       0
                text54                              A21      A21       A8     1442       0
                text53                             138B     138B        9     2716       0
                text52                             13C4     13C4        B     2788       0
                text51                              73A      73A       B8      408       0
                text50                             1360     1360        3     26C0       0
                text49                             1363     1363        3     26C6       0
                text48                             1457     1457       18     28AE       0
                text47                             1366     1366        3     26CC       0
                text46                             1369     1369        3     26D2       0
                text45                             136C     136C        3     26D8       0
                text44                             13CF     13CF       11     279E       0
                text43                              7F2      7F2        D      408       0
                text42                              982      982       9F     1304       0
                text41                             14C0     14C0       1F     2980       0
                text40                              DC4      DC4      23C     1B88       0
                text39                             13B0     13B0        A     2760       0
                text38                             1383     1383        8     2706       0
                text37                              203      203        1      400       0
                text36                             1375     1375        4     26EA       0
                text35                             136F     136F        3     26DE       0
                text34                              7FF      7FF        1      408       0
                text33                             1372     1372        3     26E4       0
                text32                             137D     137D        6     26FA       0
                text31                             1633     1633       50     2C66       0
                text30                             15CC     15CC       30     2B98       0
                text29                             151D     151D       22     2A3A       0
                text28                             14DF     14DF       1F     29BE       0
                text27                             153F     153F       22     2A7E       0
                text26                             14A2     14A2       1E     2944       0
                text25                             1561     1561       22     2AC2       0
                text24                             1683     1683       51     2D06       0
                text23                              B77      B77      11D     16EE       0
                text22                              23A      23A      3BA      408       0
                text21                              80C      80C       71     1018       0
                text20                             1394     1394        9     2728       0
                text19                             1725     1725       6D     2E4A       0
                text18                              5F4      5F4      146      408       0
                text16                             139D     139D        9     273A       0
                text15                             1488     1488       1A     2910       0
                text14                              8F1      8F1       91     11E2       0
                text13                             1379     1379        4     26F2       0
                text12                             1441     1441       16     2882       0
                text11                             15A6     15A6       26     2B4C       0
                text10                             13F2     13F2       13     27E4       0
                text9                              14FE     14FE       1F     29FC       0
                text8                              1583     1583       23     2B06       0
                text7                              16D4     16D4       51     2DA8       0
                text6                               C94      C94      130     1928       0
                text5                              13BA     13BA        A     2774       0
                text4                              1792     1792       6E     2F24       0
                text3                              1418     1418       14     2830       0
                text2                              1405     1405       13     280A       0
                text1                               87D      87D       74     10FA       0
                maintext                            AC9      AC9       AE     1592       0
                cstackBANK0                          30       30       40       30       1
                cstackCOMMON                         70       70        E       70       1
                cstackBANK1                          A0       A0       20       A0       1
                cstackBANK3                         1D5      1D5        C      1C0       1
                inittext                            800      800        C     1000       0
                dataBANK3                           1C0      1C0       15      1C0       1
                bssBANK3                            1E1      1E1        8      1C0       1
                bssBANK1                             C0       C0        9       A0       1
                stringtext                         1000     1000       AB     2000       0
                idataBANK3                         142C     142C       15     2858       0

TOTAL           Name                               Link     Load   Length     Space
        CLASS   STACK          

        CLASS   CODE           
                end_init                            213      213        2         0
                cinit                               215      215       25         0
                intentry                            204      204        F         0
                reset_vec                           200      200        3         0
                text63                             1359     1359        1         0
                text62                             135A     135A        1         0
                text61                             135B     135B        1         0
                text60                             135C     135C        1         0
                text59                             135D     135D        3         0
                text58                             146F     146F       19         0
                text57                             13E0     13E0       12         0
                text56                             15FC     15FC       37         0
                text55                             13A6     13A6        A         0
                text54                              A21      A21       A8         0
                text53                             138B     138B        9         0
                text52                             13C4     13C4        B         0
                text51                              73A      73A       B8         0
                text50                             1360     1360        3         0
                text49                             1363     1363        3         0
                text48                             1457     1457       18         0
                text47                             1366     1366        3         0
                text46                             1369     1369        3         0
                text45                             136C     136C        3         0
                text44                             13CF     13CF       11         0
                text43                              7F2      7F2        D         0
                text42                              982      982       9F         0
                text41                             14C0     14C0       1F         0
                text40                              DC4      DC4      23C         0
                text39                             13B0     13B0        A         0
                text38                             1383     1383        8         0
                text37                              203      203        1         0
                text36                             1375     1375        4         0
                text35                             136F     136F        3         0
                text34                              7FF      7FF        1         0
                text33                             1372     1372        3         0
                text32                             137D     137D        6         0
                text31                             1633     1633       50         0
                text30                             15CC     15CC       30         0
                text29                             151D     151D       22         0
                text28                             14DF     14DF       1F         0
                text27                             153F     153F       22         0
                text26                             14A2     14A2       1E         0
                text25                             1561     1561       22         0
                text24                             1683     1683       51         0
                text23                              B77      B77      11D         0
                text22                              23A      23A      3BA         0
                text21                              80C      80C       71         0
                text20                             1394     1394        9         0
                text19                             1725     1725       6D         0
                text18                              5F4      5F4      146         0
                text16                             139D     139D        9         0
                text15                             1488     1488       1A         0
                text14                              8F1      8F1       91         0
                text13                             1379     1379        4         0
                text12                             1441     1441       16         0
                text11                             15A6     15A6       26         0
                text10                             13F2     13F2       13         0
                text9                              14FE     14FE       1F         0
                text8                              1583     1583       23         0
                text7                              16D4     16D4       51         0
                text6                               C94      C94      130         0
                text5                              13BA     13BA        A         0
                text4                              1792     1792       6E         0
                text3                              1418     1418       14         0
                text2                              1405     1405       13         0
                text1                               87D      87D       74         0
                maintext                            AC9      AC9       AE         0
                inittext                            800      800        C         0
                idataBANK3                         142C     142C       15         0

        CLASS   STRCODE        
                stringtext                         1000     1000       AB         0

        CLASS   STRING         

        CLASS   CONST          

        CLASS   ENTRY          

        CLASS   COMMON         
                cstackCOMMON                         70       70        E         1

        CLASS   BANK0          
                cstackBANK0                          30       30       40         1

        CLASS   BANK1          
                cstackBANK1                          A0       A0       20         1
                bssBANK1                             C0       C0        9         1

        CLASS   BANK2          

        CLASS   BANK3          
                cstackBANK3                         1D5      1D5        C         1
                dataBANK3                           1C0      1C0       15         1
                bssBANK3                            1E1      1E1        8         1

        CLASS   BANK4          

        CLASS   BANK5          

        CLASS   BANK6          

        CLASS   BANK7          

        CLASS   BANK8          

        CLASS   BANK9          

        CLASS   BANK10         

        CLASS   BANK11         

        CLASS   BANK12         

        CLASS   BIGRAM         

        CLASS   RAM            

        CLASS   ABS1           
                abs_s1                               20       20       10         1
                abs_s1                               7E       7E        2         1
                abs_s1                               D0       D0       20         1
                abs_s1                              120      120       50         1
                abs_s1                              1A0      1A0       20         1

        CLASS   SFR0           

        CLASS   SFR1           

        CLASS   SFR2           

        CLASS   SFR3           

        CLASS   SFR4           

        CLASS   SFR5           

        CLASS   SFR6           

        CLASS   SFR7           

        CLASS   SFR8           

        CLASS   SFR9           

        CLASS   SFR10          

        CLASS   SFR11          

        CLASS   SFR12          

        CLASS   SFR13          

        CLASS   SFR14          

        CLASS   SFR15          

        CLASS   SFR16          

        CLASS   SFR17          

        CLASS   SFR18          

        CLASS   SFR19          

        CLASS   SFR20          

        CLASS   SFR21          

        CLASS   SFR22          

        CLASS   SFR23          

        CLASS   SFR24          

        CLASS   SFR25          

        CLASS   SFR26          

        CLASS   SFR27          

        CLASS   SFR28          

        CLASS   SFR29          

        CLASS   SFR30          

        CLASS   SFR31          

        CLASS   CONFIG         
                config                             8007     8007        2         0

        CLASS   IDLOC          

        CLASS   BANK31         

        CLASS   BANK30         

        CLASS   BANK29         

        CLASS   BANK28         

        CLASS   BANK27         

        CLASS   BANK26         

        CLASS   BANK25         

        CLASS   BANK24         

        CLASS   BANK23         

        CLASS   BANK22         

        CLASS   BANK21         

        CLASS   BANK20         

        CLASS   BANK19         

        CLASS   BANK18         

        CLASS   BANK17         

        CLASS   BANK16         

        CLASS   BANK15         

        CLASS   BANK14         

        CLASS   BANK13         

        CLASS   EEDATA         



SEGMENTS        Name                           Load    Length   Top    Selector   Space  Class     Delta

                cstackBANK0                    000030  000040  000070        30       1  BANK0       1
                cstackCOMMON                   000070  00000E  00007E        70       1  COMMON      1
                cstackBANK1                    0000A0  000029  0000C9        A0       1  BANK1       1
                dataBANK3                      0001C0  000029  0001E9       1C0       1  BANK3       1
                reset_vec                      000200  000004  000204       400       0  CODE        2
                intentry                       000204  0005FC  000800       408       0  CODE        2
                inittext                       000800  00000C  00080C      1000       0  CODE        2
                text21                         00080C  000071  00087D      1018       0  CODE        2
                text1                          00087D  000074  0008F1      10FA       0  CODE        2
                text14                         0008F1  000091  000982      11E2       0  CODE        2
                text42                         000982  00009F  000A21      1304       0  CODE        2
                text54                         000A21  0000A8  000AC9      1442       0  CODE        2
                maintext                       000AC9  0000AE  000B77      1592       0  CODE        2
                text23                         000B77  00011D  000C94      16EE       0  CODE        2
                text6                          000C94  000130  000DC4      1928       0  CODE        2
                text40                         000DC4  00023C  001000      1B88       0  CODE        2
                stringtext                     001000  0000AB  0010AB      2000       0  STRCODE     2
                text63                         001359  000001  00135A      26B2       0  CODE        2
                text62                         00135A  000001  00135B      26B4       0  CODE        2
                text61                         00135B  000001  00135C      26B6       0  CODE        2
                text60                         00135C  000001  00135D      26B8       0  CODE        2
                text59                         00135D  000003  001360      26BA       0  CODE        2
                text50                         001360  000003  001363      26C0       0  CODE        2
                text49                         001363  000003  001366      26C6       0  CODE        2
                text47                         001366  000003  001369      26CC       0  CODE        2
                text46                         001369  000003  00136C      26D2       0  CODE        2
                text45                         00136C  000003  00136F      26D8       0  CODE        2
                text35                         00136F  000003  001372      26DE       0  CODE        2
                text33                         001372  000003  001375      26E4       0  CODE        2
                text36                         001375  000004  001379      26EA       0  CODE        2
                text13                         001379  000004  00137D      26F2       0  CODE        2
                text32                         00137D  000006  001383      26FA       0  CODE        2
                text38                         001383  000008  00138B      2706       0  CODE        2
                text53                         00138B  000009  001394      2716       0  CODE        2
                text20                         001394  000009  00139D      2728       0  CODE        2
                text16                         00139D  000009  0013A6      273A       0  CODE        2
                text55                         0013A6  00000A  0013B0      274C       0  CODE        2
                text39                         0013B0  00000A  0013BA      2760       0  CODE        2
                text5                          0013BA  00000A  0013C4      2774       0  CODE        2
                text52                         0013C4  00000B  0013CF      2788       0  CODE        2
                text44                         0013CF  000011  0013E0      279E       0  CODE        2
                text57                         0013E0  000012  0013F2      27C0       0  CODE        2
                text10                         0013F2  000013  001405      27E4       0  CODE        2
                text2                          001405  000013  001418      280A       0  CODE        2
                text3                          001418  000014  00142C      2830       0  CODE        2
                idataBANK3                     00142C  000015  001441      2858       0  CODE        2
                text12                         001441  000016  001457      2882       0  CODE        2
                text48                         001457  000018  00146F      28AE       0  CODE        2
                text58                         00146F  000019  001488      28DE       0  CODE        2
                text15                         001488  00001A  0014A2      2910       0  CODE        2
                text26                         0014A2  00001E  0014C0      2944       0  CODE        2
                text41                         0014C0  00001F  0014DF      2980       0  CODE        2
                text28                         0014DF  00001F  0014FE      29BE       0  CODE        2
                text9                          0014FE  00001F  00151D      29FC       0  CODE        2
                text29                         00151D  000022  00153F      2A3A       0  CODE        2
                text27                         00153F  000022  001561      2A7E       0  CODE        2
                text25                         001561  000022  001583      2AC2       0  CODE        2
                text8                          001583  000023  0015A6      2B06       0  CODE        2
                text11                         0015A6  000026  0015CC      2B4C       0  CODE        2
                text30                         0015CC  000030  0015FC      2B98       0  CODE        2
                text56                         0015FC  000037  001633      2BF8       0  CODE        2
                text31                         001633  000050  001683      2C66       0  CODE        2
                text24                         001683  000051  0016D4      2D06       0  CODE        2
                text7                          0016D4  000051  001725      2DA8       0  CODE        2
                text19                         001725  00006D  001792      2E4A       0  CODE        2
                text4                          001792  00006E  001800      2F24       0  CODE        2
                config                         008007  000002  008009     1000E       0  CONFIG      2


UNUSED ADDRESS RANGES

        Name                Unused          Largest block    Delta
        BANK1            000C9-000CF               7           1
        BANK10           00520-0056F              50           1
        BANK11           005A0-005EF              50           1
        BANK12           00620-0064F              30           1
        BANK3            001E9-001EF               7           1
        BANK4            00220-0026F              50           1
        BANK5            002A0-002EF              50           1
        BANK6            00320-0036F              50           1
        BANK7            003A0-003EF              50           1
        BANK8            00420-0046F              50           1
        BANK9            004A0-004EF              50           1
        BIGRAM           02000-023EF             3F0           1
        CODE             010AB-01358             2AE           2
                         01800-01F7E             77F
                         01F80-01FFF              80
        CONST            010AB-01358             100           2
                         01800-01F7E             100
                         01F80-01FFF              80
        ENTRY            010AB-01358             100           2
                         01800-01F7E             100
                         01F80-01FFF              80
        IDLOC            08000-08003               4           2
        RAM              000C9-000CF               7           1
                         001E9-001EF               7
                         00220-0026F              50
                         002A0-002EF              50
                         00320-0036F              50
                         003A0-003EF              50
                         00420-0046F              50
                         004A0-004EF              50
                         00520-0056F              50
                         005A0-005EF              50
                         00620-0064F              30
        SFR0             00000-0001F              20           1
        SFR1             00080-0009F              20           1
        SFR10            00500-0051F              20           1
        SFR11            00580-0059F              20           1
        SFR12            00600-0061F              20           1
        SFR13            00680-006EF              70           1
        SFR14            00700-0076F              70           1
        SFR15            00780-007EF              70           1
        SFR16            00800-0086F              70           1
        SFR17            00880-008EF              70           1
        SFR18            00900-0096F              70           1
        SFR19            00980-009EF              70           1
        SFR2             00100-0011F              20           1
        SFR20            00A00-00A6F              70           1
        SFR21            00A80-00AEF              70           1
        SFR22            00B00-00B6F              70           1
        SFR23            00B80-00BEF              70           1
        SFR24            00C00-00C6F              70           1
        SFR25            00C80-00CEF              70           1
        SFR26            00D00-00D6F              70           1
        SFR27            00D80-00DEF              70           1
        SFR28            00E00-00E6F              70           1
        SFR29            00E80-00EEF              70           1
        SFR3             00180-0019F              20           1
        SFR30            00F00-00F6F              70           1
        SFR31            00F80-00FEF              70           1
        SFR4             00200-0021F              20           1
        SFR5             00280-0029F              20           1
        SFR6             00300-0031F              20           1
        SFR7             00380-0039F              20           1
        SFR8             00400-0041F              20           1
        SFR9             00480-0049F              20           1
        STACK            02139-023EF             2B7           1
        STRCODE          010AB-01358             2AE           2
                         01800-01F7E             77F
                         01F80-01FFF              80
        STRING           010AB-01358             100           2
                         01800-01F7E             100
                         01F80-01FFF              80

                                  Symbol Table

?___wmul                                            cstackBANK1  000A6
?_app_get_device_status_callback                    cstackCOMMON 00070
?_app_get_report_callback                           cstackCOMMON 00070
?_app_unknown_get_descriptor_callback               cstackCOMMON 00070
?_pic16_linear_addr                                 cstackBANK1  000AC
?_usb_application_get_hid_descriptor                cstackCOMMON 00070
?_usb_application_get_hid_report_descriptor         cstackCOMMON 00070
?_usb_application_get_string                        cstackCOMMON 00070
?_usb_get_in_buffer                                 cstackBANK1  000AA
?i1___wmul                                          cstackCOMMON 00070
?i1_pic16_linear_addr                               cstackCOMMON 00076
_ACTCONbits                                         (abs)        0039B
_INTCONbits                                         (abs)        0000B
_OSCCONbits                                         (abs)        00099
_PIE2bits                                           (abs)        00092
_PIR2bits                                           (abs)        00012
_UADDR                                              (abs)        00E96
_UCFGbits                                           (abs)        00E91
_UCONbits                                           (abs)        00E8E
_UEIE                                               (abs)        00E97
_UEP0                                               (abs)        00E98
_UIE                                                (abs)        00E92
_UIEbits                                            (abs)        00E92
_UIR                                                (abs)        00E90
_UIRbits                                            (abs)        00E90
_USTATbits                                          (abs)        00E8F
__CFG_BOREN$ON                                      (abs)        00000
__CFG_BORV$LO                                       (abs)        00000
__CFG_CLKOUTEN$OFF                                  (abs)        00000
__CFG_CP$OFF                                        (abs)        00000
__CFG_CPUDIV$NOCLKDIV                               (abs)        00000
__CFG_FCMEN$OFF                                     (abs)        00000
__CFG_FOSC$INTOSC                                   (abs)        00000
__CFG_IESO$OFF                                      (abs)        00000
__CFG_LPBOR$ON                                      (abs)        00000
__CFG_LVP$OFF                                       (abs)        00000
__CFG_MCLRE$ON                                      (abs)        00000
__CFG_PLLEN$ENABLED                                 (abs)        00000
__CFG_PLLMULT$3x                                    (abs)        00000
__CFG_PWRTE$OFF                                     (abs)        00000
__CFG_STVREN$ON                                     (abs)        00000
__CFG_USBLSCLK$48MHz                                (abs)        00000
__CFG_WDTE$OFF                                      (abs)        00000
__CFG_WRT$OFF                                       (abs)        00000
__Habs1                                             abs1         00000
__Hbank0                                            bank0        00000
__Hbank1                                            bank1        00000
__Hbank10                                           bank10       00000
__Hbank11                                           bank11       00000
__Hbank12                                           bank12       00000
__Hbank13                                           bank13       00000
__Hbank14                                           bank14       00000
__Hbank15                                           bank15       00000
__Hbank16                                           bank16       00000
__Hbank17                                           bank17       00000
__Hbank18                                           bank18       00000
__Hbank19                                           bank19       00000
__Hbank2                                            bank2        00000
__Hbank20                                           bank20       00000
__Hbank21                                           bank21       00000
__Hbank22                                           bank22       00000
__Hbank23                                           bank23       00000
__Hbank24                                           bank24       00000
__Hbank25                                           bank25       00000
__Hbank26                                           bank26       00000
__Hbank27                                           bank27       00000
__Hbank28                                           bank28       00000
__Hbank29                                           bank29       00000
__Hbank3                                            bank3        00000
__Hbank30                                           bank30       00000
__Hbank31                                           bank31       00000
__Hbank4                                            bank4        00000
__Hbank5                                            bank5        00000
__Hbank6                                            bank6        00000
__Hbank7                                            bank7        00000
__Hbank8                                            bank8        00000
__Hbank9                                            bank9        00000
__Hbigram                                           bigram       00000
__HbssBANK1                                         bssBANK1     00000
__HbssBANK3                                         bssBANK3     00000
__Hcinit                                            cinit        0023A
__Hclrtext                                          clrtext      00000
__Hcode                                             code         00000
__Hcommon                                           common       00000
__Hconfig                                           config       08009
__HcstackBANK0                                      cstackBANK0  00000
__HcstackBANK1                                      cstackBANK1  00000
__HcstackBANK3                                      cstackBANK3  00000
__HcstackCOMMON                                     cstackCOMMON 00000
__HdataBANK3                                        dataBANK3    00000
__Heeprom_data                                      eeprom_data  00000
__Hend_init                                         end_init     00215
__Hfunctab                                          functab      00000
__HidataBANK3                                       idataBANK3   00000
__Hidloc                                            idloc        00000
__Hinit                                             init         00213
__Hinittext                                         inittext     00000
__Hintentry                                         intentry     00213
__Hmaintext                                         maintext     00000
__Hpowerup                                          powerup      00000
__Hram                                              ram          00000
__Hreset_vec                                        reset_vec    00203
__Hsfr0                                             sfr0         00000
__Hsfr1                                             sfr1         00000
__Hsfr10                                            sfr10        00000
__Hsfr11                                            sfr11        00000
__Hsfr12                                            sfr12        00000
__Hsfr13                                            sfr13        00000
__Hsfr14                                            sfr14        00000
__Hsfr15                                            sfr15        00000
__Hsfr16                                            sfr16        00000
__Hsfr17                                            sfr17        00000
__Hsfr18                                            sfr18        00000
__Hsfr19                                            sfr19        00000
__Hsfr2                                             sfr2         00000
__Hsfr20                                            sfr20        00000
__Hsfr21                                            sfr21        00000
__Hsfr22                                            sfr22        00000
__Hsfr23                                            sfr23        00000
__Hsfr24                                            sfr24        00000
__Hsfr25                                            sfr25        00000
__Hsfr26                                            sfr26        00000
__Hsfr27                                            sfr27        00000
__Hsfr28                                            sfr28        00000
__Hsfr29                                            sfr29        00000
__Hsfr3                                             sfr3         00000
__Hsfr30                                            sfr30        00000
__Hsfr31                                            sfr31        00000
__Hsfr4                                             sfr4         00000
__Hsfr5                                             sfr5         00000
__Hsfr6                                             sfr6         00000
__Hsfr7                                             sfr7         00000
__Hsfr8                                             sfr8         00000
__Hsfr9                                             sfr9         00000
__Hspace_0                                          (abs)        08009
__Hspace_1                                          (abs)        001E9
__Hspace_2                                          (abs)        00000
__Hspace_3                                          (abs)        00000
__Hstack                                            stack        00000
__Hstrings                                          strings      00000
__Hstringtext                                       stringtext   00000
__Htext                                             text         00000
__Labs1                                             abs1         00000
__Lbank0                                            bank0        00000
__Lbank1                                            bank1        00000
__Lbank10                                           bank10       00000
__Lbank11                                           bank11       00000
__Lbank12                                           bank12       00000
__Lbank13                                           bank13       00000
__Lbank14                                           bank14       00000
__Lbank15                                           bank15       00000
__Lbank16                                           bank16       00000
__Lbank17                                           bank17       00000
__Lbank18                                           bank18       00000
__Lbank19                                           bank19       00000
__Lbank2                                            bank2        00000
__Lbank20                                           bank20       00000
__Lbank21                                           bank21       00000
__Lbank22                                           bank22       00000
__Lbank23                                           bank23       00000
__Lbank24                                           bank24       00000
__Lbank25                                           bank25       00000
__Lbank26                                           bank26       00000
__Lbank27                                           bank27       00000
__Lbank28                                           bank28       00000
__Lbank29                                           bank29       00000
__Lbank3                                            bank3        00000
__Lbank30                                           bank30       00000
__Lbank31                                           bank31       00000
__Lbank4                                            bank4        00000
__Lbank5                                            bank5        00000
__Lbank6                                            bank6        00000
__Lbank7                                            bank7        00000
__Lbank8                                            bank8        00000
__Lbank9                                            bank9        00000
__Lbigram                                           bigram       00000
__LbssBANK1                                         bssBANK1     00000
__LbssBANK3                                         bssBANK3     00000
__Lcinit                                            cinit        00215
__Lclrtext                                          clrtext      00000
__Lcode                                             code         00000
__Lcommon                                           common       00000
__Lconfig                                           config       08007
__LcstackBANK0                                      cstackBANK0  00000
__LcstackBANK1                                      cstackBANK1  00000
__LcstackBANK3                                      cstackBANK3  00000
__LcstackCOMMON                                     cstackCOMMON 00000
__LdataBANK3                                        dataBANK3    00000
__Leeprom_data                                      eeprom_data  00000
__Lend_init                                         end_init     00213
__Lfunctab                                          functab      00000
__LidataBANK3                                       idataBANK3   00000
__Lidloc                                            idloc        00000
__Linit                                             init         00213
__Linittext                                         inittext     00000
__Lintentry                                         intentry     00204
__Lmaintext                                         maintext     00000
__Lpowerup                                          powerup      00000
__Lram                                              ram          00000
__Lreset_vec                                        reset_vec    00200
__Lsfr0                                             sfr0         00000
__Lsfr1                                             sfr1         00000
__Lsfr10                                            sfr10        00000
__Lsfr11                                            sfr11        00000
__Lsfr12                                            sfr12        00000
__Lsfr13                                            sfr13        00000
__Lsfr14                                            sfr14        00000
__Lsfr15                                            sfr15        00000
__Lsfr16                                            sfr16        00000
__Lsfr17                                            sfr17        00000
__Lsfr18                                            sfr18        00000
__Lsfr19                                            sfr19        00000
__Lsfr2                                             sfr2         00000
__Lsfr20                                            sfr20        00000
__Lsfr21                                            sfr21        00000
__Lsfr22                                            sfr22        00000
__Lsfr23                                            sfr23        00000
__Lsfr24                                            sfr24        00000
__Lsfr25                                            sfr25        00000
__Lsfr26                                            sfr26        00000
__Lsfr27                                            sfr27        00000
__Lsfr28                                            sfr28        00000
__Lsfr29                                            sfr29        00000
__Lsfr3                                             sfr3         00000
__Lsfr30                                            sfr30        00000
__Lsfr31                                            sfr31        00000
__Lsfr4                                             sfr4         00000
__Lsfr5                                             sfr5         00000
__Lsfr6                                             sfr6         00000
__Lsfr7                                             sfr7         00000
__Lsfr8                                             sfr8         00000
__Lsfr9                                             sfr9         00000
__Lspace_0                                          (abs)        00000
__Lspace_1                                          (abs)        00000
__Lspace_2                                          (abs)        00000
__Lspace_3                                          (abs)        00000
__Lstack                                            stack        00000
__Lstrings                                          strings      00000
__Lstringtext                                       stringtext   00000
__Ltext                                             text         00000
__S0                                                (abs)        08009
__S1                                                (abs)        001E9
__S2                                                (abs)        00000
___bmul                                             text15       01488
___bmul@multiplicand                                cstackBANK1  000A6
___bmul@multiplier                                  cstackBANK1  000A9
___bmul@product                                     cstackBANK1  000A8
___int_sp                                           stack        00000
___latbits                                          (abs)        00002
___sp                                               stack        00000
___wmul                                             text8        01583
___wmul@multiplicand                                cstackBANK1  000A8
___wmul@multiplier                                  cstackBANK1  000A6
___wmul@product                                     cstackBANK1  000AA
__end_of___bmul                                     text15       014A2
__end_of___wmul                                     text8        015A6
__end_of__initialization                            cinit        00236
__end_of_app_endpoint_halt_callback                 text37       00204
__end_of_app_get_device_status_callback             text36       01379
__end_of_app_get_idle_callback                      text50       01363
__end_of_app_get_interface_callback                 text35       01372
__end_of_app_get_protocol_callback                  text49       01366
__end_of_app_get_report_callback                    text48       0146F
__end_of_app_in_transaction_complete_callback       text63       0135A
__end_of_app_out_transaction_callback               text62       0135B
__end_of_app_set_configuration_callback             text34       00800
__end_of_app_set_idle_callback                      text47       01369
__end_of_app_set_interface_callback                 text33       01375
__end_of_app_set_protocol_callback                  text46       0136C
__end_of_app_set_report_callback                    text45       0136F
__end_of_app_start_of_frame_callback                text61       0135C
__end_of_app_unknown_get_descriptor_callback        text32       01383
__end_of_app_unknown_setup_request_callback         text39       013BA
__end_of_app_usb_reset_callback                     text60       0135D
__end_of_clear_ep0_stall                            text38       0138B
__end_of_configuration_1                            stringtext   01041
__end_of_custom_report_descriptor                   stringtext   0107D
__end_of_get_report_callback                        text59       01360
__end_of_handle_ep0_in                              text54       00AC9
__end_of_handle_ep0_out                             text51       007F2
__end_of_handle_ep0_setup                           text21       0087D
__end_of_handle_standard_control_request            text22       005F4
__end_of_hardware_init                              text16       013A6
__end_of_init_endpoints                             text6        00DC4
__end_of_interface_string                           stringtext   01018
__end_of_isr                                        intentry     00213
__end_of_main                                       maintext     00B77
__end_of_memset                                     text9        0151D
__end_of_pic16_linear_addr                          text7        01725
__end_of_process_hid_setup_request                  text40       01000
__end_of_product_string                             stringtext   01061
__end_of_reset_bd0_out                              text20       0139D
__end_of_reset_ep0_data_stage                       text5        013C4
__end_of_send_zero_length_packet_ep0                text53       01394
__end_of_stall_ep0                                  text52       013CF
__end_of_stall_ep_in                                text30       015FC
__end_of_stall_ep_out                               text28       014FE
__end_of_start_control_return                       text42       00A21
__end_of_str00                                      stringtext   010AB
__end_of_this_device_descriptor                     stringtext   010A7
__end_of_usb_application_get_hid_descriptor         text44       013E0
__end_of_usb_application_get_hid_report_descriptor  text43       007FF
__end_of_usb_application_get_string                 text31       01683
__end_of_usb_arm_out_endpoint                       text14       00982
__end_of_usb_get_configuration                      text13       0137D
__end_of_usb_get_in_buffer                          text12       01457
__end_of_usb_get_out_buffer                         text11       015CC
__end_of_usb_halt_ep_in                             text29       0153F
__end_of_usb_halt_ep_out                            text27       01561
__end_of_usb_in_endpoint_busy                       text10       01405
__end_of_usb_in_endpoint_halted                     text2        01418
__end_of_usb_init                                   text4        01800
__end_of_usb_out_endpoint_has_data                  text3        0142C
__end_of_usb_send_data_stage                        text41       014DF
__end_of_usb_send_in_buffer                         text1        008F1
__end_of_usb_send_in_buffer_0                       text56       01633
__end_of_usb_service                                text18       0073A
__end_of_vendor_string                              stringtext   01095
__end_ofi1___bmul                                   text58       01488
__end_ofi1___wmul                                   text25       01583
__end_ofi1_init_endpoints                           text23       00C94
__end_ofi1_memset                                   text26       014C0
__end_ofi1_pic16_linear_addr                        text24       016D4
__end_ofi1_reset_ep0_data_stage                     text55       013B0
__end_ofi1_usb_in_endpoint_halted                   text57       013F2
__end_ofi1_usb_init                                 text19       01792
__initialization                                    cinit        00215
__pbssBANK1                                         bssBANK1     000C0
__pbssBANK3                                         bssBANK3     001E1
__pcstackBANK0                                      cstackBANK0  00030
__pcstackBANK1                                      cstackBANK1  000A0
__pcstackBANK3                                      cstackBANK3  001D5
__pcstackCOMMON                                     cstackCOMMON 00070
__pdataBANK3                                        dataBANK3    001C0
__pidataBANK3                                       idataBANK3   0142C
__pintentry                                         intentry     00204
__pmaintext                                         maintext     00AC9
__pstringtext                                       stringtext   01000
__ptext1                                            text1        0087D
__ptext10                                           text10       013F2
__ptext11                                           text11       015A6
__ptext12                                           text12       01441
__ptext13                                           text13       01379
__ptext14                                           text14       008F1
__ptext15                                           text15       01488
__ptext16                                           text16       0139D
__ptext18                                           text18       005F4
__ptext19                                           text19       01725
__ptext2                                            text2        01405
__ptext20                                           text20       01394
__ptext21                                           text21       0080C
__ptext22                                           text22       0023A
__ptext23                                           text23       00B77
__ptext24                                           text24       01683
__ptext25                                           text25       01561
__ptext26                                           text26       014A2
__ptext27                                           text27       0153F
__ptext28                                           text28       014DF
__ptext29                                           text29       0151D
__ptext3                                            text3        01418
__ptext30                                           text30       015CC
__ptext31                                           text31       01633
__ptext32                                           text32       0137D
__ptext33                                           text33       01372
__ptext34                                           text34       007FF
__ptext35                                           text35       0136F
__ptext36                                           text36       01375
__ptext37                                           text37       00203
__ptext38                                           text38       01383
__ptext39                                           text39       013B0
__ptext4                                            text4        01792
__ptext40                                           text40       00DC4
__ptext41                                           text41       014C0
__ptext42                                           text42       00982
__ptext43                                           text43       007F2
__ptext44                                           text44       013CF
__ptext45                                           text45       0136C
__ptext46                                           text46       01369
__ptext47                                           text47       01366
__ptext48                                           text48       01457
__ptext49                                           text49       01363
__ptext5                                            text5        013BA
__ptext50                                           text50       01360
__ptext51                                           text51       0073A
__ptext52                                           text52       013C4
__ptext53                                           text53       0138B
__ptext54                                           text54       00A21
__ptext55                                           text55       013A6
__ptext56                                           text56       015FC
__ptext57                                           text57       013E0
__ptext58                                           text58       0146F
__ptext59                                           text59       0135D
__ptext6                                            text6        00C94
__ptext60                                           text60       0135C
__ptext61                                           text61       0135B
__ptext62                                           text62       0135A
__ptext63                                           text63       01359
__ptext7                                            text7        016D4
__ptext8                                            text8        01583
__ptext9                                            text9        014FE
__size_of___bmul                                    (abs)        00000
__size_of___wmul                                    (abs)        00000
__size_of_app_endpoint_halt_callback                (abs)        00000
__size_of_app_get_device_status_callback            (abs)        00000
__size_of_app_get_idle_callback                     (abs)        00000
__size_of_app_get_interface_callback                (abs)        00000
__size_of_app_get_protocol_callback                 (abs)        00000
__size_of_app_get_report_callback                   (abs)        00000
__size_of_app_in_transaction_complete_callback      (abs)        00000
__size_of_app_out_transaction_callback              (abs)        00000
__size_of_app_set_configuration_callback            (abs)        00000
__size_of_app_set_idle_callback                     (abs)        00000
__size_of_app_set_interface_callback                (abs)        00000
__size_of_app_set_protocol_callback                 (abs)        00000
__size_of_app_set_report_callback                   (abs)        00000
__size_of_app_start_of_frame_callback               (abs)        00000
__size_of_app_unknown_get_descriptor_callback       (abs)        00000
__size_of_app_unknown_setup_request_callback        (abs)        00000
__size_of_app_usb_reset_callback                    (abs)        00000
__size_of_clear_ep0_stall                           (abs)        00000
__size_of_get_report_callback                       (abs)        00000
__size_of_handle_ep0_in                             (abs)        00000
__size_of_handle_ep0_out                            (abs)        00000
__size_of_handle_ep0_setup                          (abs)        00000
__size_of_handle_standard_control_request           (abs)        00000
__size_of_hardware_init                             (abs)        00000
__size_of_init_endpoints                            (abs)        00000
__size_of_isr                                       (abs)        00000
__size_of_main                                      (abs)        00000
__size_of_memset                                    (abs)        00000
__size_of_pic16_linear_addr                         (abs)        00000
__size_of_process_hid_setup_request                 (abs)        00000
__size_of_reset_bd0_out                             (abs)        00000
__size_of_reset_ep0_data_stage                      (abs)        00000
__size_of_send_zero_length_packet_ep0               (abs)        00000
__size_of_stall_ep0                                 (abs)        00000
__size_of_stall_ep_in                               (abs)        00000
__size_of_stall_ep_out                              (abs)        00000
__size_of_start_control_return                      (abs)        00000
__size_of_usb_application_get_hid_descriptor        (abs)        00000
__size_of_usb_application_get_hid_report_descriptor (abs)        00000
__size_of_usb_application_get_string                (abs)        00000
__size_of_usb_arm_out_endpoint                      (abs)        00000
__size_of_usb_get_configuration                     (abs)        00000
__size_of_usb_get_in_buffer                         (abs)        00000
__size_of_usb_get_out_buffer                        (abs)        00000
__size_of_usb_halt_ep_in                            (abs)        00000
__size_of_usb_halt_ep_out                           (abs)        00000
__size_of_usb_in_endpoint_busy                      (abs)        00000
__size_of_usb_in_endpoint_halted                    (abs)        00000
__size_of_usb_init                                  (abs)        00000
__size_of_usb_out_endpoint_has_data                 (abs)        00000
__size_of_usb_send_data_stage                       (abs)        00000
__size_of_usb_send_in_buffer                        (abs)        00000
__size_of_usb_send_in_buffer_0                      (abs)        00000
__size_of_usb_service                               (abs)        00000
__size_ofi1___bmul                                  (abs)        00000
__size_ofi1___wmul                                  (abs)        00000
__size_ofi1_init_endpoints                          (abs)        00000
__size_ofi1_memset                                  (abs)        00000
__size_ofi1_pic16_linear_addr                       (abs)        00000
__size_ofi1_reset_ep0_data_stage                    (abs)        00000
__size_ofi1_usb_in_endpoint_halted                  (abs)        00000
__size_ofi1_usb_init                                (abs)        00000
_addr                                               bssBANK3     001E3
_addr_pending                                       bssBANK1     000C4
_app_endpoint_halt_callback                         text37       00203
_app_get_device_status_callback                     text36       01375
_app_get_idle_callback                              text50       01360
_app_get_interface_callback                         text35       0136F
_app_get_protocol_callback                          text49       01363
_app_get_report_callback                            text48       01457
_app_in_transaction_complete_callback               text63       01359
_app_out_transaction_callback                       text62       0135A
_app_set_configuration_callback                     text34       007FF
_app_set_idle_callback                              text47       01366
_app_set_interface_callback                         text33       01372
_app_set_protocol_callback                          text46       01369
_app_set_report_callback                            text45       0136C
_app_start_of_frame_callback                        text61       0135B
_app_unknown_get_descriptor_callback                text32       0137D
_app_unknown_setup_request_callback                 text39       013B0
_app_usb_reset_callback                             text60       0135C
_bds                                                (abs)        00020
_clear_ep0_stall                                    text38       01383
_configuration_1                                    stringtext   01018
_control_need_zlp                                   bssBANK3     001E4
_custom_report_descriptor                           stringtext   01061
_ep0_buf                                            dataBANK3    001CE
_ep0_data_stage_buf_remaining                       bssBANK1     000C0
_ep0_data_stage_callback                            bssBANK1     000C2
_ep0_data_stage_context                             bssBANK1     000C5
_ep0_data_stage_direc                               bssBANK1     000C6
_ep0_data_stage_in_buffer                           bssBANK3     001E1
_ep0_data_stage_out_buffer                          bssBANK1     000C7
_ep_buf                                             dataBANK3    001C0
_ep_buffers                                         (abs)        02080
_g_configuration                                    bssBANK1     000C8
_get_report_callback                                text59       0135D
_handle_ep0_in                                      text54       00A21
_handle_ep0_in$626                                  cstackBANK0  00030
_handle_ep0_out                                     text51       0073A
_handle_ep0_out$621                                 cstackCOMMON 00074
_handle_ep0_setup                                   text21       0080C
_handle_standard_control_request                    text22       0023A
_handle_standard_control_request$587                cstackBANK0  00045
_hardware_init                                      text16       0139D
_init_endpoints                                     text6        00C94
_isr                                                intentry     00204
_main                                               maintext     00AC9
_memset                                             text9        014FE
_pic16_linear_addr                                  text7        016D4
_process_hid_setup_request                          text40       00DC4
_process_hid_setup_request$829                      cstackBANK0  00056
_process_hid_setup_request$841                      cstackBANK0  00058
_product_string                                     stringtext   01041
_report_buf                                         bssBANK3     001E6
_reset_bd0_out                                      text20       01394
_reset_ep0_data_stage                               text5        013BA
_returning_short                                    bssBANK3     001E5
_send_zero_length_packet_ep0                        text53       0138B
_stall_ep0                                          text52       013C4
_stall_ep_in                                        text30       015CC
_stall_ep_out                                       text28       014DF
_start_control_return                               text42       00982
_start_control_return$543                           cstackBANK0  00036
_start_control_return$544                           cstackBANK0  00038
_start_control_return$545                           cstackBANK0  0003A
_str00                                              stringtext   010A7
_this_device_descriptor                             stringtext   01095
_usb_application_config_descs                       dataBANK3    001D3
_usb_application_get_hid_descriptor                 text44       013CF
_usb_application_get_hid_report_descriptor          text43       007F2
_usb_application_get_string                         text31       01633
_usb_arm_out_endpoint                               text14       008F1
_usb_get_configuration                              text13       01379
_usb_get_in_buffer                                  text12       01441
_usb_get_out_buffer                                 text11       015A6
_usb_halt_ep_in                                     text29       0151D
_usb_halt_ep_out                                    text27       0153F
_usb_in_endpoint_busy                               text10       013F2
_usb_in_endpoint_halted                             text2        01405
_usb_init                                           text4        01792
_usb_out_endpoint_has_data                          text3        01418
_usb_send_data_stage                                text41       014C0
_usb_send_in_buffer                                 text1        0087D
_usb_send_in_buffer_0                               text56       015FC
_usb_service                                        text18       005F4
_vendor_string                                      stringtext   0107D
app_endpoint_halt_callback@halted                   cstackCOMMON 00070
app_get_idle_callback@report_id                     cstackCOMMON 00070
app_get_report_callback@callback                    cstackCOMMON 00073
app_get_report_callback@context                     cstackCOMMON 00074
app_get_report_callback@report                      cstackCOMMON 00072
app_get_report_callback@report_id                   cstackCOMMON 00071
app_get_report_callback@report_type                 cstackCOMMON 00070
app_set_idle_callback@idle_rate                     cstackCOMMON 00071
app_set_idle_callback@report_id                     cstackCOMMON 00070
app_set_interface_callback@alt_setting              cstackCOMMON 00070
app_set_protocol_callback@report_id                 cstackCOMMON 00070
app_set_report_callback@report_id                   cstackCOMMON 00071
app_set_report_callback@report_type                 cstackCOMMON 00070
app_unknown_get_descriptor_callback@descriptor      cstackCOMMON 00072
app_unknown_get_descriptor_callback@pkt             cstackCOMMON 00070
app_unknown_setup_request_callback@setup            cstackBANK0  00067
btemp                                               (abs)        0007E
end_of_initialization                               cinit        00236
get_report_callback@context                         cstackCOMMON 00071
get_report_callback@transfer_ok                     cstackCOMMON 00070
handle_ep0_in@bytes_to_send                         cstackBANK0  00032
handle_ep0_out@bytes_to_copy                        cstackCOMMON 00078
handle_ep0_out@pkt_len                              cstackCOMMON 00077
handle_ep0_out@res                                  cstackCOMMON 00076
handle_ep0_setup@res                                cstackBANK0  00069
handle_ep0_setup@setup                              cstackBANK0  0006A
handle_standard_control_request@desc                cstackBANK0  0004A
handle_standard_control_request@desc_574            cstackBANK0  00055
handle_standard_control_request@desc_577            cstackBANK0  00049
handle_standard_control_request@descriptor          cstackBANK0  00057
handle_standard_control_request@descriptor_index    cstackBANK0  00058
handle_standard_control_request@ep_dir              cstackBANK0  00054
handle_standard_control_request@ep_num              cstackBANK0  00051
handle_standard_control_request@ep_num_591          cstackBANK0  00059
handle_standard_control_request@flags               cstackBANK0  00052
handle_standard_control_request@len                 cstackBANK0  0004C
handle_standard_control_request@len_576             cstackBANK0  0004E
handle_standard_control_request@req                 cstackBANK0  00050
handle_standard_control_request@res                 cstackBANK0  00047
handle_standard_control_request@res_588             cstackBANK0  00044
handle_standard_control_request@ret                 cstackBANK0  00040
handle_standard_control_request@ret_586             cstackBANK0  00042
handle_standard_control_request@ret_589             cstackBANK0  00053
handle_standard_control_request@setup               cstackBANK0  0005A
handle_standard_control_request@stall               cstackBANK0  00048
i1___bmul                                           text58       0146F
i1___bmul@multiplicand                              cstackCOMMON 00070
i1___bmul@multiplier                                cstackCOMMON 00072
i1___bmul@product                                   cstackCOMMON 00073
i1___wmul                                           text25       01561
i1___wmul@multiplicand                              cstackCOMMON 00072
i1___wmul@multiplier                                cstackCOMMON 00070
i1___wmul@product                                   cstackCOMMON 00074
i1_init_endpoints                                   text23       00B77
i1_memset                                           text26       014A2
i1_pic16_linear_addr                                text24       01683
i1_reset_ep0_data_stage                             text55       013A6
i1_usb_in_endpoint_halted                           text57       013E0
i1_usb_init                                         text19       01725
i1init_endpoints@i                                  cstackCOMMON 0007C
i1memset@c                                          cstackCOMMON 00072
i1memset@n                                          cstackCOMMON 00074
i1memset@p                                          cstackCOMMON 00076
i1memset@p1                                         cstackCOMMON 00070
i1pic16_linear_addr@addr                            cstackCOMMON 0007A
i1pic16_linear_addr@high                            cstackCOMMON 00078
i1pic16_linear_addr@low                             cstackCOMMON 00079
i1pic16_linear_addr@ptr                             cstackCOMMON 00076
i1usb_in_endpoint_halted@endpoint                   cstackCOMMON 00075
i1usb_init@ep                                       cstackBANK0  00040
i1usb_init@i                                        cstackBANK0  0003F
init_endpoints@i                                    cstackBANK1  000BF
init_ram                                            inittext     00800
int$flags                                           (abs)        0007E
intlevel0                                           functab      00000
intlevel1                                           functab      00000
intlevel2                                           functab      00000
intlevel3                                           functab      00000
intlevel4                                           functab      00000
intlevel5                                           functab      00000
ltemp                                               (abs)        0007E
ltemp0                                              (abs)        0007E
ltemp1                                              (abs)        00082
ltemp2                                              (abs)        00086
ltemp3                                              (abs)        00080
main@RxDataBuffer                                   cstackBANK3  001DD
main@TxDataBuffer                                   cstackBANK3  001DF
main@len                                            cstackBANK3  001DC
memset@c                                            cstackBANK1  000A8
memset@n                                            cstackBANK1  000AA
memset@p                                            cstackBANK1  000AC
memset@p1                                           cstackBANK1  000A6
pic16_linear_addr@addr                              cstackBANK1  000BA
pic16_linear_addr@high                              cstackBANK1  000B8
pic16_linear_addr@low                               cstackBANK1  000B9
pic16_linear_addr@ptr                               cstackBANK1  000AC
process_hid_setup_request@callback                  cstackBANK0  0005A
process_hid_setup_request@context                   cstackBANK0  0005F
process_hid_setup_request@desc                      cstackBANK0  00062
process_hid_setup_request@desc_830                  cstackBANK0  0005E
process_hid_setup_request@descriptor                cstackBANK0  0005C
process_hid_setup_request@duration                  cstackBANK0  00052
process_hid_setup_request@interface                 cstackBANK0  00066
process_hid_setup_request@len                       cstackBANK0  00064
process_hid_setup_request@len_831                   cstackBANK0  00060
process_hid_setup_request@report_id                 cstackBANK0  0004C
process_hid_setup_request@report_id_843             cstackBANK0  0004E
process_hid_setup_request@report_id_845             cstackBANK0  00050
process_hid_setup_request@report_id_848             cstackBANK0  00053
process_hid_setup_request@report_type               cstackBANK0  0004B
process_hid_setup_request@report_type_842           cstackBANK0  0004D
process_hid_setup_request@res                       cstackBANK0  0004F
process_hid_setup_request@res_846                   cstackBANK0  00051
process_hid_setup_request@res_849                   cstackBANK0  00054
process_hid_setup_request@res_850                   cstackBANK0  0005D
process_hid_setup_request@res_851                   cstackBANK0  00055
process_hid_setup_request@setup                     cstackBANK0  00044
reset_vec                                           reset_vec    00200
stackhi                                             (abs)        023EF
stacklo                                             (abs)        02139
stall_ep_in@ep                                      cstackCOMMON 00077
stall_ep_out@ep                                     cstackCOMMON 00072
start                                               init         00213
start_control_return@bytes_asked_for                cstackBANK0  00034
start_control_return@bytes_to_send                  cstackBANK0  0003C
start_control_return@len                            cstackBANK0  00032
start_control_return@ptr                            cstackBANK0  00030
start_initialization                                cinit        00215
ttemp                                               (abs)        0007E
ttemp0                                              (abs)        0007E
ttemp1                                              (abs)        00081
ttemp2                                              (abs)        00084
ttemp3                                              (abs)        00087
ttemp4                                              (abs)        0007F
usb_application_get_hid_descriptor@p                cstackCOMMON 00073
usb_application_get_hid_descriptor@ptr              cstackCOMMON 00070
usb_application_get_hid_report_descriptor@ptr       cstackCOMMON 00070
usb_application_get_string@ptr                      cstackCOMMON 00070
usb_application_get_string@string_number            cstackCOMMON 00073
usb_arm_out_endpoint@endpoint                       cstackBANK1  000AE
usb_arm_out_endpoint@pid                            cstackBANK1  000AD
usb_get_in_buffer@endpoint                          cstackBANK1  000AD
[...]
      Totals:         1       0       0       0       0       0       0       0       0       0       0       0       0       0
Total ram usage:        1 bytes
 Hardware stack levels used:    1
 This function calls:
		Nothing
 This function is called by:
		_handle_standard_control_request
		_handle_ep0_setup
		_handle_ep0_out
		_usb_service
 This function uses a non-reentrant model


 *************** function _send_zero_length_packet_ep0 *****************
 Defined at:
		line 753 in file "../../../usb/src/usb.c"
 Parameters:    Size  Location     Type
		None
 Auto vars:     Size  Location     Type
		None
 Return value:  Size  Location     Type
                  1    wreg      void 
 Registers used:
		wreg, status,2
 Tracked objects:
		On entry : 
		On exit  : 
		Unchanged: 
 Data sizes:     COMMON   BANK0   BANK1   BANK2   BANK3   BANK4   BANK5   BANK6   BANK7   BANK8   BANK9  BANK10  BANK11  BANK12
      Params:         0       0       0       0       0       0       0       0       0       0       0       0       0       0
      Locals:         0       0       0       0       0       0       0       0       0       0       0       0       0       0
      Temps:          1       0       0       0       0       0       0       0       0       0       0       0       0       0
      Totals:         1       0       0       0       0       0       0       0       0       0       0       0       0       0
Total ram usage:        1 bytes
 Hardware stack levels used:    1
 This function calls:
		Nothing
 This function is called by:
		_handle_standard_control_request
		_handle_ep0_out
 This function uses a non-reentrant model


 *************** function _handle_ep0_in *****************
 Defined at:
		line 1346 in file "../../../usb/src/usb.c"
 Parameters:    Size  Location     Type
		None
 Auto vars:     Size  Location     Type
  bytes_to_sen    1    2[BANK0 ] unsigned char 
 Return value:  Size  Location     Type
                  1    wreg      void 
 Registers used:
		wreg, fsr0l, fsr0h, fsr1l, fsr1h, status,2, status,0, pclath, cstack
 Tracked objects:
		On entry : 
		On exit  : 
		Unchanged: 
 Data sizes:     COMMON   BANK0   BANK1   BANK2   BANK3   BANK4   BANK5   BANK6   BANK7   BANK8   BANK9  BANK10  BANK11  BANK12
      Params:         0       0       0       0       0       0       0       0       0       0       0       0       0       0
      Locals:         0       3       0       0       0       0       0       0       0       0       0       0       0       0
      Temps:          2       0       0       0       0       0       0       0       0       0       0       0       0       0
      Totals:         2       3       0       0       0       0       0       0       0       0       0       0       0       0
Total ram usage:        5 bytes
 Hardware stack levels used:    1
 Hardware stack levels required when called:    3
 This function calls:
		Absolute function
		_get_report_callback
		_usb_send_in_buffer_0
		i1_reset_ep0_data_stage
 This function is called by:
		_usb_service
 This function uses a non-reentrant model


 *************** function i1_reset_ep0_data_stage *****************
 Defined at:
		line 474 in file "../../../usb/src/usb.c"
 Parameters:    Size  Location     Type
		None
 Auto vars:     Size  Location     Type
		None
 Return value:  Size  Location     Type
                  1    wreg      void 
 Registers used:
		status,2
 Tracked objects:
		On entry : 
		On exit  : 
		Unchanged: 
 Data sizes:     COMMON   BANK0   BANK1   BANK2   BANK3   BANK4   BANK5   BANK6   BANK7   BANK8   BANK9  BANK10  BANK11  BANK12
      Params:         0       0       0       0       0       0       0       0       0       0       0       0       0       0
      Locals:         0       0       0       0       0       0       0       0       0       0       0       0       0       0
      Temps:          0       0       0       0       0       0       0       0       0       0       0       0       0       0
      Totals:         0       0       0       0       0       0       0       0       0       0       0       0       0       0
Total ram usage:        0 bytes
 Hardware stack levels used:    1
 This function calls:
		Nothing
 This function is called by:
		_handle_ep0_setup
		_handle_ep0_out
		_handle_ep0_in
		i1_usb_init
 This function uses a non-reentrant model


 *************** function _usb_send_in_buffer_0 *****************
 Defined at:
		line 766 in file "../../../usb/src/usb.c"
 Parameters:    Size  Location     Type
  len             2    6[COMMON] unsigned int 
 Auto vars:     Size  Location     Type
  pid             1    9[COMMON] unsigned char 
 Return value:  Size  Location     Type
                  1    wreg      void 
 Registers used:
		wreg, fsr1l, fsr1h, status,2, status,0, pclath, cstack
 Tracked objects:
		On entry : 
		On exit  : 
		Unchanged: 
 Data sizes:     COMMON   BANK0   BANK1   BANK2   BANK3   BANK4   BANK5   BANK6   BANK7   BANK8   BANK9  BANK10  BANK11  BANK12
      Params:         2       0       0       0       0       0       0       0       0       0       0       0       0       0
      Locals:         1       0       0       0       0       0       0       0       0       0       0       0       0       0
      Temps:          1       0       0       0       0       0       0       0       0       0       0       0       0       0
      Totals:         4       0       0       0       0       0       0       0       0       0       0       0       0       0
Total ram usage:        4 bytes
 Hardware stack levels used:    1
 Hardware stack levels required when called:    2
 This function calls:
		i1_usb_in_endpoint_halted
 This function is called by:
		_start_control_return
		_handle_ep0_in
 This function uses a non-reentrant model


 *************** function i1_usb_in_endpoint_halted *****************
 Defined at:
		line 1588 in file "../../../usb/src/usb.c"
 Parameters:    Size  Location     Type
  endpoint        1    wreg     unsigned char 
 Auto vars:     Size  Location     Type
  endpoint        1    5[COMMON] unsigned char 
 Return value:  Size  Location     Type
                  1    wreg      unsigned char 
 Registers used:
		wreg, fsr1l, fsr1h, status,2, status,0, pclath, cstack
 Tracked objects:
		On entry : 
		On exit  : 
		Unchanged: 
 Data sizes:     COMMON   BANK0   BANK1   BANK2   BANK3   BANK4   BANK5   BANK6   BANK7   BANK8   BANK9  BANK10  BANK11  BANK12
      Params:         0       0       0       0       0       0       0       0       0       0       0       0       0       0
      Locals:         1       0       0       0       0       0       0       0       0       0       0       0       0       0
      Temps:          1       0       0       0       0       0       0       0       0       0       0       0       0       0
      Totals:         2       0       0       0       0       0       0       0       0       0       0       0       0       0
Total ram usage:        2 bytes
 Hardware stack levels used:    1
 Hardware stack levels required when called:    1
 This function calls:
		i1___bmul
 This function is called by:
		_usb_send_in_buffer_0
 This function uses a non-reentrant model


 *************** function i1___bmul *****************
 Defined at:
		line 4 in file "C:\Program Files (x86)\Microchip\xc8\v1.36\sources\common\Umul8.c"
 Parameters:    Size  Location     Type
  multiplier      1    wreg     unsigned char 
  multiplicand    1    0[COMMON] unsigned char 
 Auto vars:     Size  Location     Type
  multiplier      1    2[COMMON] unsigned char 
  __bmul          1    3[COMMON] unsigned char 
 Return value:  Size  Location     Type
                  1    wreg      unsigned char 
 Registers used:
		wreg, status,2, status,0
 Tracked objects:
		On entry : 
		On exit  : 
		Unchanged: 
 Data sizes:     COMMON   BANK0   BANK1   BANK2   BANK3   BANK4   BANK5   BANK6   BANK7   BANK8   BANK9  BANK10  BANK11  BANK12
      Params:         1       0       0       0       0       0       0       0       0       0       0       0       0       0
      Locals:         2       0       0       0       0       0       0       0       0       0       0       0       0       0
      Temps:          1       0       0       0       0       0       0       0       0       0       0       0       0       0
      Totals:         4       0       0       0       0       0       0       0       0       0       0       0       0       0
Total ram usage:        4 bytes
 Hardware stack levels used:    1
 This function calls:
		Nothing
 This function is called by:
		_stall_ep_in
		_handle_standard_control_request
		_usb_service
		_usb_halt_ep_in
		_usb_halt_ep_out
		i1_init_endpoints
		i1_usb_in_endpoint_halted
 This function uses a non-reentrant model


 *************** function _get_report_callback *****************
 Defined at:
		line 164 in file "../main.c"
 Parameters:    Size  Location     Type
  transfer_ok     1    0[COMMON] unsigned char 
  context         1    1[COMMON] PTR void 
		 -> NULL(0), 
 Auto vars:     Size  Location     Type
		None
 Return value:  Size  Location     Type
                  1    wreg      char 
 Registers used:
		wreg
 Tracked objects:
		On entry : 
		On exit  : 
		Unchanged: 
 Data sizes:     COMMON   BANK0   BANK1   BANK2   BANK3   BANK4   BANK5   BANK6   BANK7   BANK8   BANK9  BANK10  BANK11  BANK12
      Params:         2       0       0       0       0       0       0       0       0       0       0       0       0       0
      Locals:         0       0       0       0       0       0       0       0       0       0       0       0       0       0
      Temps:          0       0       0       0       0       0       0       0       0       0       0       0       0       0
      Totals:         2       0       0       0       0       0       0       0       0       0       0       0       0       0
Total ram usage:        2 bytes
 Hardware stack levels used:    1
 This function calls:
		Nothing
 This function is called by:
		_app_get_report_callback
		_handle_ep0_setup
		_handle_ep0_out
		_handle_ep0_in
 This function uses a non-reentrant model


 *************** function _app_usb_reset_callback *****************
 Defined at:
		line 155 in file "../main.c"
 Parameters:    Size  Location     Type
		None
 Auto vars:     Size  Location     Type
		None
 Return value:  Size  Location     Type
                  1    wreg      void 
 Registers used:
		None
 Tracked objects:
		On entry : 
		On exit  : 
		Unchanged: 
 Data sizes:     COMMON   BANK0   BANK1   BANK2   BANK3   BANK4   BANK5   BANK6   BANK7   BANK8   BANK9  BANK10  BANK11  BANK12
      Params:         0       0       0       0       0       0       0       0       0       0       0       0       0       0
      Locals:         0       0       0       0       0       0       0       0       0       0       0       0       0       0
      Temps:          0       0       0       0       0       0       0       0       0       0       0       0       0       0
      Totals:         0       0       0       0       0       0       0       0       0       0       0       0       0       0
Total ram usage:        0 bytes
 Hardware stack levels used:    1
 This function calls:
		Nothing
 This function is called by:
		_usb_service
 This function uses a non-reentrant model


 *************** function _app_start_of_frame_callback *****************
 Defined at:
		line 150 in file "../main.c"
 Parameters:    Size  Location     Type
		None
 Auto vars:     Size  Location     Type
		None
 Return value:  Size  Location     Type
                  1    wreg      void 
 Registers used:
		None
 Tracked objects:
		On entry : 
		On exit  : 
		Unchanged: 
 Data sizes:     COMMON   BANK0   BANK1   BANK2   BANK3   BANK4   BANK5   BANK6   BANK7   BANK8   BANK9  BANK10  BANK11  BANK12
      Params:         0       0       0       0       0       0       0       0       0       0       0       0       0       0
      Locals:         0       0       0       0       0       0       0       0       0       0       0       0       0       0
      Temps:          0       0       0       0       0       0       0       0       0       0       0       0       0       0
      Totals:         0       0       0       0       0       0       0       0       0       0       0       0       0       0
Total ram usage:        0 bytes
 Hardware stack levels used:    1
 This function calls:
		Nothing
 This function is called by:
		_usb_service
 This function uses a non-reentrant model


 *************** function _app_out_transaction_callback *****************
 Defined at:
		line 122 in file "../main.c"
 Parameters:    Size  Location     Type
  endpoint        1    wreg     unsigned char 
 Auto vars:     Size  Location     Type
  endpoint        1    0[COMMON] unsigned char 
 Return value:  Size  Location     Type
                  1    wreg      void 
 Registers used:
		wreg
 Tracked objects:
		On entry : 
		On exit  : 
		Unchanged: 
 Data sizes:     COMMON   BANK0   BANK1   BANK2   BANK3   BANK4   BANK5   BANK6   BANK7   BANK8   BANK9  BANK10  BANK11  BANK12
      Params:         0       0       0       0       0       0       0       0       0       0       0       0       0       0
      Locals:         0       0       0       0       0       0       0       0       0       0       0       0       0       0
      Temps:          0       0       0       0       0       0       0       0       0       0       0       0       0       0
      Totals:         0       0       0       0       0       0       0       0       0       0       0       0       0       0
Total ram usage:        0 bytes
 Hardware stack levels used:    1
 This function calls:
		Nothing
 This function is called by:
		_usb_service
 This function uses a non-reentrant model


 *************** function _app_in_transaction_complete_callback *****************
 Defined at:
		line 127 in file "../main.c"
 Parameters:    Size  Location     Type
  endpoint        1    wreg     unsigned char 
 Auto vars:     Size  Location     Type
  endpoint        1    0[COMMON] unsigned char 
 Return value:  Size  Location     Type
                  1    wreg      void 
 Registers used:
		wreg
 Tracked objects:
		On entry : 
		On exit  : 
		Unchanged: 
 Data sizes:     COMMON   BANK0   BANK1   BANK2   BANK3   BANK4   BANK5   BANK6   BANK7   BANK8   BANK9  BANK10  BANK11  BANK12
      Params:         0       0       0       0       0       0       0       0       0       0       0       0       0       0
      Locals:         0       0       0       0       0       0       0       0       0       0       0       0       0       0
      Temps:          0       0       0       0       0       0       0       0       0       0       0       0       0       0
      Totals:         0       0       0       0       0       0       0       0       0       0       0       0       0       0
Total ram usage:        0 bytes
 Hardware stack levels used:    1
 This function calls:
		Nothing
 This function is called by:
		_usb_service
 This function uses a non-reentrant model



MODULE INFORMATION

Module		Function		Class		Link	Load	Size
../main.c
		_app_start_of_frame_callback		CODE           	135B	0000	2
		_app_get_device_status_callback		CODE           	1375	0000	5
		_app_get_idle_callback		CODE           	1360	0000	4
		_app_set_idle_callback		CODE           	1366	0000	4
		_main          		CODE           	0AC9	0000	175
		_app_in_transaction_complete_callback		CODE           	1359	0000	2
		_app_unknown_get_descriptor_callback		CODE           	137D	0000	7
		_app_usb_reset_callback		CODE           	135C	0000	2
		_app_get_protocol_callback		CODE           	1363	0000	4
		_isr           		CODE           	0204	0000	16
		_app_set_configuration_callback		CODE           	07FF	0000	2
		_app_set_protocol_callback		CODE           	1369	0000	4
		_app_get_report_callback		CODE           	1457	0000	25
		_app_endpoint_halt_callback		CODE           	0203	0000	2
		_app_set_report_callback		CODE           	136C	0000	4
		_app_get_interface_callback		CODE           	136F	0000	4
		_app_unknown_setup_request_callback		CODE           	13B0	0000	11
		_get_report_callback		CODE           	135D	0000	4
		_app_set_interface_callback		CODE           	1372	0000	4
		_app_out_transaction_callback		CODE           	135A	0000	2

../main.c estimated size: 283

C:\Program Files (x86)\Microchip\xc8\v1.36\sources\common\Umul8.c
		___bmul        		CODE           	1488	0000	27

C:\Program Files (x86)\Microchip\xc8\v1.36\sources\common\Umul8.c estimated size: 27

C:\Program Files (x86)\Microchip\xc8\v1.36\sources\common\memset.c
		_memset        		CODE           	14FE	0000	32

C:\Program Files (x86)\Microchip\xc8\v1.36\sources\common\memset.c estimated size: 32

../../../usb/src/usb_hid.c
		_process_hid_setup_request		CODE           	0DC4	0000	573

../../../usb/src/usb_hid.c estimated size: 573

../../../usb/src/usb.c
		_usb_halt_ep_in		CODE           	151D	0000	35
		_usb_send_in_buffer		CODE           	087D	0000	117
		_stall_ep_in   		CODE           	15CC	0000	49
		_stall_ep_out  		CODE           	14DF	0000	32
		_usb_get_out_buffer		CODE           	15A6	0000	39
		_init_endpoints		CODE           	0C94	0000	305
		_usb_in_endpoint_halted		CODE           	1405	0000	20
		_usb_service   		CODE           	05F4	0000	327
		_usb_get_configuration		CODE           	1379	0000	5
		_usb_send_data_stage		CODE           	14C0	0000	32
		_handle_standard_control_request		CODE           	023A	0000	955
		_usb_send_in_buffer_0		CODE           	15FC	0000	56
		_reset_bd0_out 		CODE           	1394	0000	10
		_usb_init      		CODE           	1792	0000	111
		_usb_out_endpoint_has_data		CODE           	1418	0000	21
		_usb_halt_ep_out		CODE           	153F	0000	35
		_usb_arm_out_endpoint		CODE           	08F1	0000	146
		_handle_ep0_in 		CODE           	0A21	0000	169
		_usb_in_endpoint_busy		CODE           	13F2	0000	20
		_clear_ep0_stall		CODE           	1383	0000	9
		_handle_ep0_setup		CODE           	080C	0000	114
		_pic16_linear_addr		CODE           	16D4	0000	82
		_handle_ep0_out		CODE           	073A	0000	185
		_start_control_return		CODE           	0982	0000	160
		_usb_get_in_buffer		CODE           	1441	0000	23
		_reset_ep0_data_stage		CODE           	13BA	0000	11
		_send_zero_length_packet_ep0		CODE           	138B	0000	10
		_stall_ep0     		CODE           	13C4	0000	12

../../../usb/src/usb.c estimated size: 3090

C:\Program Files (x86)\Microchip\xc8\v1.36\sources\common\Umul16.c
		___wmul        		CODE           	1583	0000	36

C:\Program Files (x86)\Microchip\xc8\v1.36\sources\common\Umul16.c estimated size: 36

shared
		_str00         		STRCODE        	10A7	0000	5
		i1_init_endpoints		CODE           	0B77	0000	286
		_product_string		STRCODE        	1041	0000	33
		i1_usb_init    		CODE           	1725	0000	110
		i1___wmul      		CODE           	1561	0000	35
		_configuration_1		STRCODE        	1018	0000	42
		_custom_report_descriptor		STRCODE        	1061	0000	29
		__initialization		CODE           	0215	0000	34
		i1_usb_in_endpoint_halted		CODE           	13E0	0000	19
		_vendor_string 		STRCODE        	107D	0000	25
		i1_pic16_linear_addr		CODE           	1683	0000	82
		i1___bmul      		CODE           	146F	0000	26
		_interface_string		STRCODE        	0000	0000	0
		i1_memset      		CODE           	14A2	0000	31
		_this_device_descriptor		STRCODE        	1095	0000	19
		i1_reset_ep0_data_stage		CODE           	13A6	0000	11

shared estimated size: 787

../../common/hardware.c
		_hardware_init 		CODE           	139D	0000	10

../../common/hardware.c estimated size: 10

../usb_descriptors.c
		_usb_application_get_string		CODE           	1633	0000	81
		_usb_application_get_hid_descriptor		CODE           	13CF	0000	18
		_usb_application_get_hid_report_descriptor		CODE           	07F2	0000	14

../usb_descriptors.c estimated size: 113

